ARM Linker, 5.03 [Build 24] [MDK-ARM Lite]

==============================================================================

Section Cross References

    startup_stm32f10x_hd.o(RESET) refers to startup_stm32f10x_hd.o(STACK) for __initial_sp
    startup_stm32f10x_hd.o(RESET) refers to startup_stm32f10x_hd.o(.text) for Reset_Handler
    startup_stm32f10x_hd.o(RESET) refers to stm32f10x_it.o(.text) for NMI_Handler
    startup_stm32f10x_hd.o(.text) refers to system_stm32f10x.o(.text) for SystemInit
    startup_stm32f10x_hd.o(.text) refers to entry.o(.ARM.Collect$$$$00000000) for __main
    main.o(.text) refers to stm32f10x_rcc.o(.text) for RCC_APB2PeriphClockCmd
    main.o(.text) refers to stm32f10x_gpio.o(.text) for GPIO_Init
    main.o(.text) refers to misc.o(.text) for NVIC_PriorityGroupConfig
    main.o(.text) refers to stm32f10x_tim.o(.text) for TIM_DeInit
    main.o(.text) refers to system_stm32f10x.o(.text) for SystemInit
    main.o(.text) refers to usart.o(.text) for USART1_Config
    main.o(.text) refers to spi_enc28j60.o(.text) for SPI2_Init
    main.o(.text) refers to timer.o(.text) for timer_set
    main.o(.text) refers to tapdev.o(.text) for etherdev_init
    main.o(.text) refers to uip.o(.text) for uip_init
    main.o(.text) refers to uip_arp.o(.text) for uip_arp_init
    main.o(.text) refers to uip.o(.data) for uip_hostaddr
    main.o(.text) refers to uip.o(.bss) for uip_buf
    stm32f10x_it.o(.text) refers to stm32f10x_gpio.o(.text) for GPIO_ResetBits
    stm32f10x_it.o(.text) refers to main.o(.text) for Delay
    stm32f10x_it.o(.text) refers to stm32f10x_usart.o(.text) for USART_GetFlagStatus
    stm32f10x_it.o(.text) refers to stm32f10x_tim.o(.text) for TIM_GetITStatus
    stm32f10x_it.o(.text) refers to stm32f10x_it.o(.data) for tick_cnt
    system_stm32f10x.o(.text) refers to system_stm32f10x.o(.data) for SystemCoreClock
    usart.o(.text) refers to stm32f10x_rcc.o(.text) for RCC_APB2PeriphClockCmd
    usart.o(.text) refers to stm32f10x_gpio.o(.text) for GPIO_Init
    usart.o(.text) refers to stm32f10x_usart.o(.text) for USART_Init
    usart.o(.text) refers to usart.o(.data) for TxBuf
    spi_enc28j60.o(.text) refers to stm32f10x_rcc.o(.text) for RCC_APB2PeriphClockCmd
    spi_enc28j60.o(.text) refers to stm32f10x_gpio.o(.text) for GPIO_Init
    spi_enc28j60.o(.text) refers to stm32f10x_spi.o(.text) for SPI_Init
    spi_enc28j60.o(.text) refers to main.o(.text) for Delay
    spi_enc28j60.o(.text) refers to spi_enc28j60.o(.data) for Enc28j60Bank
    stm32f10x_cec.o(.text) refers to stm32f10x_rcc.o(.text) for RCC_APB1PeriphResetCmd
    stm32f10x_gpio.o(.text) refers to stm32f10x_rcc.o(.text) for RCC_APB2PeriphResetCmd
    stm32f10x_pwr.o(.text) refers to stm32f10x_rcc.o(.text) for RCC_APB1PeriphResetCmd
    stm32f10x_rcc.o(.text) refers to stm32f10x_rcc.o(.data) for APBAHBPrescTable
    stm32f10x_usart.o(.text) refers to stm32f10x_rcc.o(.text) for RCC_APB2PeriphResetCmd
    stm32f10x_spi.o(.text) refers to stm32f10x_rcc.o(.text) for RCC_APB2PeriphResetCmd
    stm32f10x_tim.o(.text) refers to stm32f10x_rcc.o(.text) for RCC_APB2PeriphResetCmd
    tapdev.o(.text) refers to spi_enc28j60.o(.text) for ENC28J60_Init
    tapdev.o(.text) refers to tapdev.o(.constdata) for mymac
    tapdev.o(.text) refers to uip.o(.data) for uip_ethaddr
    tapdev.o(.text) refers to uip.o(.bss) for uip_buf
    timer.o(.text) refers to clock-arch.o(.text) for clock_time
    uip.o(.text) refers to httpd.o(.text) for httpd_appcall
    uip.o(.text) refers to uip.o(.data) for ipid
    uip.o(.text) refers to uip.o(.bss) for uip_buf
    uip.o(.text) refers to uip.o(.constdata) for all_zeroes_addr
    uip.o(.text) refers to memcpya.o(.text) for __aeabi_memcpy
    uip_arp.o(.text) refers to memseta.o(.text) for __aeabi_memset
    uip_arp.o(.text) refers to uip_arp.o(.data) for i
    uip_arp.o(.text) refers to uip_arp.o(.bss) for arp_table
    uip_arp.o(.text) refers to uip.o(.data) for uip_len
    uip_arp.o(.text) refers to uip.o(.bss) for uip_buf
    uip_arp.o(.text) refers to uip_arp.o(.constdata) for broadcast_ipaddr
    httpd.o(.text) refers to memcpya.o(.text) for __aeabi_memcpy
    httpd.o(.text) refers to psock.o(.text) for psock_generator_send
    httpd.o(.text) refers to strchr.o(.text) for strchr
    httpd.o(.text) refers to httpd-fs.o(.text) for httpd_fs_open
    httpd.o(.text) refers to httpd-cgi.o(.text) for httpd_cgi
    httpd.o(.text) refers to strlen.o(.text) for strlen
    httpd.o(.text) refers to strrchr.o(.text) for strrchr
    httpd.o(.text) refers to strncmp.o(.text) for strncmp
    httpd.o(.text) refers to uip.o(.data) for uip_conn
    httpd.o(.text) refers to http-strings.o(.constdata) for http_content_type_binary
    httpd.o(.text) refers to strcpy.o(.text) for strcpy
    httpd.o(.text) refers to strncpy.o(.text) for strncpy
    httpd.o(.text) refers to uip.o(.text) for uip_listen
    clock-arch.o(.text) refers to stm32f10x_it.o(.data) for tick_cnt
[...]
    printf4.o(i.__0vfprintf$4) refers to fputc.o(i.fputc) for fputc
    printf4.o(i.__0vprintf$4) refers to printf4.o(i._printf_core) for _printf_core
    printf4.o(i.__0vprintf$4) refers to fputc.o(i.fputc) for fputc
    printf4.o(i.__0vprintf$4) refers to stdout.o(.data) for __stdout
    printf4.o(i.__0vsnprintf$4) refers to printf4.o(i._printf_core) for _printf_core
    printf4.o(i.__0vsnprintf$4) refers to printf4.o(i._snputc) for _snputc
    printf4.o(i.__0vsprintf$4) refers to printf4.o(i._printf_core) for _printf_core
    printf4.o(i.__0vsprintf$4) refers to printf4.o(i._sputc) for _sputc
    printf4.o(i._printf_core) refers to uldiv.o(.text) for __aeabi_uldivmod
    printf5.o(i.__0fprintf$5) refers to printf5.o(i._printf_core) for _printf_core
    printf5.o(i.__0fprintf$5) refers to fputc.o(i.fputc) for fputc
    printf5.o(i.__0printf$5) refers to printf5.o(i._printf_core) for _printf_core
    printf5.o(i.__0printf$5) refers to fputc.o(i.fputc) for fputc
    printf5.o(i.__0printf$5) refers to stdout.o(.data) for __stdout
    printf5.o(i.__0snprintf$5) refers to printf5.o(i._printf_core) for _printf_core
    printf5.o(i.__0snprintf$5) refers to printf5.o(i._snputc) for _snputc
    printf5.o(i.__0sprintf$5) refers to printf5.o(i._printf_core) for _printf_core
    printf5.o(i.__0sprintf$5) refers to printf5.o(i._sputc) for _sputc
    printf5.o(i.__0vfprintf$5) refers to printf5.o(i._printf_core) for _printf_core
    printf5.o(i.__0vfprintf$5) refers to fputc.o(i.fputc) for fputc
    printf5.o(i.__0vprintf$5) refers to printf5.o(i._printf_core) for _printf_core
    printf5.o(i.__0vprintf$5) refers to fputc.o(i.fputc) for fputc
    printf5.o(i.__0vprintf$5) refers to stdout.o(.data) for __stdout
    printf5.o(i.__0vsnprintf$5) refers to printf5.o(i._printf_core) for _printf_core
    printf5.o(i.__0vsnprintf$5) refers to printf5.o(i._snputc) for _snputc
    printf5.o(i.__0vsprintf$5) refers to printf5.o(i._printf_core) for _printf_core
    printf5.o(i.__0vsprintf$5) refers to printf5.o(i._sputc) for _sputc
    printf5.o(i._printf_core) refers to uldiv.o(.text) for __aeabi_uldivmod
    printf6.o(i.__0fprintf$6) refers to printf6.o(i._printf_core) for _printf_core
    printf6.o(i.__0fprintf$6) refers to fputc.o(i.fputc) for fputc
    printf6.o(i.__0printf$6) refers to printf6.o(i._printf_core) for _printf_core
    printf6.o(i.__0printf$6) refers to fputc.o(i.fputc) for fputc
    printf6.o(i.__0printf$6) refers to stdout.o(.data) for __stdout
    printf6.o(i.__0snprintf$6) refers to printf6.o(i._printf_core) for _printf_core
    printf6.o(i.__0snprintf$6) refers to printf6.o(i._snputc) for _snputc
    printf6.o(i.__0sprintf$6) refers to printf6.o(i._printf_core) for _printf_core
    printf6.o(i.__0sprintf$6) refers to printf6.o(i._sputc) for _sputc
    printf6.o(i.__0vfprintf$6) refers to printf6.o(i._printf_core) for _printf_core
    printf6.o(i.__0vfprintf$6) refers to fputc.o(i.fputc) for fputc
    printf6.o(i.__0vprintf$6) refers to printf6.o(i._printf_core) for _printf_core
    printf6.o(i.__0vprintf$6) refers to fputc.o(i.fputc) for fputc
    printf6.o(i.__0vprintf$6) refers to stdout.o(.data) for __stdout
    printf6.o(i.__0vsnprintf$6) refers to printf6.o(i._printf_core) for _printf_core
    printf6.o(i.__0vsnprintf$6) refers to printf6.o(i._snputc) for _snputc
    printf6.o(i.__0vsprintf$6) refers to printf6.o(i._printf_core) for _printf_core
    printf6.o(i.__0vsprintf$6) refers to printf6.o(i._sputc) for _sputc
    printf6.o(i._printf_core) refers to printf6.o(i._printf_pre_padding) for _printf_pre_padding
    printf6.o(i._printf_core) refers to uidiv.o(.text) for __aeabi_uidivmod
    printf6.o(i._printf_core) refers to printf6.o(i._printf_post_padding) for _printf_post_padding
    printf7.o(i.__0fprintf$7) refers to printf7.o(i._printf_core) for _printf_core
    printf7.o(i.__0fprintf$7) refers to fputc.o(i.fputc) for fputc
    printf7.o(i.__0printf$7) refers to printf7.o(i._printf_core) for _printf_core
    printf7.o(i.__0printf$7) refers to fputc.o(i.fputc) for fputc
    printf7.o(i.__0printf$7) refers to stdout.o(.data) for __stdout
    printf7.o(i.__0snprintf$7) refers to printf7.o(i._printf_core) for _printf_core
    printf7.o(i.__0snprintf$7) refers to printf7.o(i._snputc) for _snputc
    printf7.o(i.__0sprintf$7) refers to printf7.o(i._printf_core) for _printf_core
    printf7.o(i.__0sprintf$7) refers to printf7.o(i._sputc) for _sputc
    printf7.o(i.__0vfprintf$7) refers to printf7.o(i._printf_core) for _printf_core
    printf7.o(i.__0vfprintf$7) refers to fputc.o(i.fputc) for fputc
    printf7.o(i.__0vprintf$7) refers to printf7.o(i._printf_core) for _printf_core
    printf7.o(i.__0vprintf$7) refers to fputc.o(i.fputc) for fputc
    printf7.o(i.__0vprintf$7) refers to stdout.o(.data) for __stdout
    printf7.o(i.__0vsnprintf$7) refers to printf7.o(i._printf_core) for _printf_core
    printf7.o(i.__0vsnprintf$7) refers to printf7.o(i._snputc) for _snputc
    printf7.o(i.__0vsprintf$7) refers to printf7.o(i._printf_core) for _printf_core
    printf7.o(i.__0vsprintf$7) refers to printf7.o(i._sputc) for _sputc
    printf7.o(i._printf_core) refers to printf7.o(i._printf_pre_padding) for _printf_pre_padding
    printf7.o(i._printf_core) refers to uldiv.o(.text) for __aeabi_uldivmod
    printf7.o(i._printf_core) refers to printf7.o(i._printf_post_padding) for _printf_post_padding
    printf8.o(i.__0fprintf$8) refers to printf8.o(i._printf_core) for _printf_core
    printf8.o(i.__0fprintf$8) refers to fputc.o(i.fputc) for fputc
    printf8.o(i.__0printf$8) refers to printf8.o(i._printf_core) for _printf_core
    printf8.o(i.__0printf$8) refers to fputc.o(i.fputc) for fputc
    printf8.o(i.__0printf$8) refers to stdout.o(.data) for __stdout
    printf8.o(i.__0snprintf$8) refers to printf8.o(i._printf_core) for _printf_core
    printf8.o(i.__0snprintf$8) refers to printf8.o(i._snputc) for _snputc
    printf8.o(i.__0sprintf$8) refers to printf8.o(i._printf_core) for _printf_core
    printf8.o(i.__0sprintf$8) refers to printf8.o(i._sputc) for _sputc
    printf8.o(i.__0vfprintf$8) refers to printf8.o(i._printf_core) for _printf_core
    printf8.o(i.__0vfprintf$8) refers to fputc.o(i.fputc) for fputc
    printf8.o(i.__0vprintf$8) refers to printf8.o(i._printf_core) for _printf_core
    printf8.o(i.__0vprintf$8) refers to fputc.o(i.fputc) for fputc
    printf8.o(i.__0vprintf$8) refers to stdout.o(.data) for __stdout
    printf8.o(i.__0vsnprintf$8) refers to printf8.o(i._printf_core) for _printf_core
    printf8.o(i.__0vsnprintf$8) refers to printf8.o(i._snputc) for _snputc
    printf8.o(i.__0vsprintf$8) refers to printf8.o(i._printf_core) for _printf_core
    printf8.o(i.__0vsprintf$8) refers to printf8.o(i._sputc) for _sputc
    printf8.o(i._printf_core) refers to printf8.o(i._printf_pre_padding) for _printf_pre_padding
    printf8.o(i._printf_core) refers to uldiv.o(.text) for __aeabi_uldivmod
    printf8.o(i._printf_core) refers to printf8.o(i._printf_post_padding) for _printf_post_padding
    printfa.o(i.__0fprintf) refers (Special) to iusefp.o(.text) for __I$use$fp
    printfa.o(i.__0fprintf) refers to printfa.o(i._printf_core) for _printf_core
    printfa.o(i.__0fprintf) refers to fputc.o(i.fputc) for fputc
    printfa.o(i.__0printf) refers (Special) to iusefp.o(.text) for __I$use$fp
    printfa.o(i.__0printf) refers to printfa.o(i._printf_core) for _printf_core
    printfa.o(i.__0printf) refers to fputc.o(i.fputc) for fputc
    printfa.o(i.__0printf) refers to stdout.o(.data) for __stdout
    printfa.o(i.__0snprintf) refers (Special) to iusefp.o(.text) for __I$use$fp
    printfa.o(i.__0snprintf) refers to printfa.o(i._printf_core) for _printf_core
    printfa.o(i.__0snprintf) refers to printfa.o(i._snputc) for _snputc
    printfa.o(i.__0sprintf) refers (Special) to iusefp.o(.text) for __I$use$fp
    printfa.o(i.__0sprintf) refers to printfa.o(i._printf_core) for _printf_core
    printfa.o(i.__0sprintf) refers to printfa.o(i._sputc) for _sputc
    printfa.o(i.__0vfprintf) refers (Special) to iusefp.o(.text) for __I$use$fp
    printfa.o(i.__0vfprintf) refers to printfa.o(i._printf_core) for _printf_core
    printfa.o(i.__0vfprintf) refers to fputc.o(i.fputc) for fputc
    printfa.o(i.__0vprintf) refers (Special) to iusefp.o(.text) for __I$use$fp
    printfa.o(i.__0vprintf) refers to printfa.o(i._printf_core) for _printf_core
    printfa.o(i.__0vprintf) refers to fputc.o(i.fputc) for fputc
    printfa.o(i.__0vprintf) refers to stdout.o(.data) for __stdout
    printfa.o(i.__0vsnprintf) refers (Special) to iusefp.o(.text) for __I$use$fp
    printfa.o(i.__0vsnprintf) refers to printfa.o(i._printf_core) for _printf_core
    printfa.o(i.__0vsnprintf) refers to printfa.o(i._snputc) for _snputc
    printfa.o(i.__0vsprintf) refers (Special) to iusefp.o(.text) for __I$use$fp
    printfa.o(i.__0vsprintf) refers to printfa.o(i._printf_core) for _printf_core
    printfa.o(i.__0vsprintf) refers to printfa.o(i._sputc) for _sputc
    printfa.o(i._fp_digits) refers (Special) to iusefp.o(.text) for __I$use$fp
    printfa.o(i._fp_digits) refers to dmul.o(.text) for __aeabi_dmul
    printfa.o(i._fp_digits) refers to ddiv.o(.text) for __aeabi_ddiv
    printfa.o(i._fp_digits) refers to cdrcmple.o(.text) for __aeabi_cdrcmple
    printfa.o(i._fp_digits) refers to dadd.o(.text) for __aeabi_dadd
    printfa.o(i._fp_digits) refers to dfixul.o(.text) for __aeabi_d2ulz
    printfa.o(i._fp_digits) refers to uldiv.o(.text) for __aeabi_uldivmod
    printfa.o(i._printf_core) refers (Special) to iusefp.o(.text) for __I$use$fp
    printfa.o(i._printf_core) refers to printfa.o(i._printf_pre_padding) for _printf_pre_padding
    printfa.o(i._printf_core) refers to uldiv.o(.text) for __aeabi_uldivmod
    printfa.o(i._printf_core) refers to printfa.o(i._printf_post_padding) for _printf_post_padding
    printfa.o(i._printf_core) refers to printfa.o(i._fp_digits) for _fp_digits
    printfa.o(i._printf_core) refers to uidiv.o(.text) for __aeabi_uidivmod
    printfa.o(i._printf_post_padding) refers (Special) to iusefp.o(.text) for __I$use$fp
    printfa.o(i._printf_pre_padding) refers (Special) to iusefp.o(.text) for __I$use$fp
    printfa.o(i._snputc) refers (Special) to iusefp.o(.text) for __I$use$fp
    printfa.o(i._sputc) refers (Special) to iusefp.o(.text) for __I$use$fp
    entry2.o(.ARM.Collect$$$$00000001) refers to entry2.o(.ARM.Collect$$$$00002712) for __lit__00000000
    entry2.o(.ARM.Collect$$$$00002712) refers to startup_stm32f10x_hd.o(STACK) for __initial_sp
    entry2.o(__vectab_stack_and_reset_area) refers to startup_stm32f10x_hd.o(STACK) for __initial_sp
    entry2.o(__vectab_stack_and_reset_area) refers to entry.o(.ARM.Collect$$$$00000000) for __main
    entry5.o(.ARM.Collect$$$$00000004) refers to init.o(.text) for __scatterload
    entry9a.o(.ARM.Collect$$$$0000000B) refers to main.o(.text) for main
    entry9b.o(.ARM.Collect$$$$0000000C) refers to main.o(.text) for main
    fputc.o(i.fputc) refers (Special) to iusesemip.o(.text) for __I$use$semihosting$fputc
    fputc.o(i.fputc) refers (Special) to semi.o(.text) for __semihosting_library_function
    uldiv.o(.text) refers to llushr.o(.text) for __aeabi_llsr
    uldiv.o(.text) refers to llshl.o(.text) for __aeabi_llsl
    dadd.o(.text) refers to llshl.o(.text) for __aeabi_llsl
    dadd.o(.text) refers to llsshr.o(.text) for __aeabi_lasr
    dadd.o(.text) refers to depilogue.o(.text) for _double_epilogue
    dmul.o(.text) refers to depilogue.o(.text) for _double_epilogue
    ddiv.o(.text) refers to depilogue.o(.text) for _double_round
    dfixul.o(.text) refers to llushr.o(.text) for __aeabi_llsr
    dfixul.o(.text) refers to llshl.o(.text) for __aeabi_llsl
    init.o(.text) refers to entry5.o(.ARM.Collect$$$$00000004) for __main_after_scatterload
    depilogue.o(.text) refers to llshl.o(.text) for __aeabi_llsl
    depilogue.o(.text) refers to llushr.o(.text) for __aeabi_llsr


==============================================================================

Removing Unused input sections from the image.

    Removing core_cm3.o(.emb_text), (32 bytes).
    Removing startup_stm32f10x_hd.o(HEAP), (512 bytes).
    Removing stm32f10x_cec.o(.text), (288 bytes).
    Removing stm32f10x_crc.o(.text), (72 bytes).
    Removing stm32f10x_exti.o(.text), (284 bytes).
    Removing stm32f10x_pwr.o(.text), (204 bytes).
    Removing uip-fw.o(.text), (720 bytes).
    Removing uip-fw.o(.bss), (28 bytes).
    Removing uip-fw.o(.data), (8 bytes).
    Removing uiplib.o(.text), (94 bytes).
    Removing uip-neighbor.o(.text), (356 bytes).
    Removing uip-neighbor.o(.bss), (96 bytes).
    Removing uip-split.o(.text), (264 bytes).
    Removing dadd.o(.text), (334 bytes).
    Removing dmul.o(.text), (228 bytes).
    Removing ddiv.o(.text), (222 bytes).
    Removing dfixul.o(.text), (48 bytes).
    Removing cdrcmple.o(.text), (40 bytes).
    Removing depilogue.o(.text), (190 bytes).

19 unused section(s) (total 4020 bytes) removed from the image.

==============================================================================

Image Symbol Table

    Local Symbols

    Symbol Name                              Value     Ov Type        Size  Object(Section)

    ../clib/../cmprslib/lz77c.c              0x00000000   Number         0  __dclz77c.o ABSOLUTE
    ../clib/microlib/division.c              0x00000000   Number         0  uldiv.o ABSOLUTE
    ../clib/microlib/division.c              0x00000000   Number         0  uidiv.o ABSOLUTE
    ../clib/microlib/init/entry.s            0x00000000   Number         0  entry7b.o ABSOLUTE
    ../clib/microlib/init/entry.s            0x00000000   Number         0  entry10a.o ABSOLUTE
    ../clib/microlib/init/entry.s            0x00000000   Number         0  entry11b.o ABSOLUTE
    ../clib/microlib/init/entry.s            0x00000000   Number         0  entry9b.o ABSOLUTE
    ../clib/microlib/init/entry.s            0x00000000   Number         0  entry7a.o ABSOLUTE
    ../clib/microlib/init/entry.s            0x00000000   Number         0  entry9a.o ABSOLUTE
    ../clib/microlib/init/entry.s            0x00000000   Number         0  entry11a.o ABSOLUTE
    ../clib/microlib/init/entry.s            0x00000000   Number         0  entry8b.o ABSOLUTE
    ../clib/microlib/init/entry.s            0x00000000   Number         0  entry8a.o ABSOLUTE
    ../clib/microlib/init/entry.s            0x00000000   Number         0  entry.o ABSOLUTE
    ../clib/microlib/init/entry.s            0x00000000   Number         0  entry5.o ABSOLUTE
    ../clib/microlib/init/entry.s            0x00000000   Number         0  entry2.o ABSOLUTE
    ../clib/microlib/init/entry.s            0x00000000   Number         0  entry10b.o ABSOLUTE
    ../clib/microlib/longlong.c              0x00000000   Number         0  llshl.o ABSOLUTE
    ../clib/microlib/longlong.c              0x00000000   Number         0  llushr.o ABSOLUTE
    ../clib/microlib/longlong.c              0x00000000   Number         0  llsshr.o ABSOLUTE
    ../clib/microlib/printf/printf.c         0x00000000   Number         0  printf6.o ABSOLUTE
    ../clib/microlib/printf/printf.c         0x00000000   Number         0  printfa.o ABSOLUTE
    ../clib/microlib/printf/printf.c         0x00000000   Number         0  printf8.o ABSOLUTE
    ../clib/microlib/printf/printf.c         0x00000000   Number         0  printf7.o ABSOLUTE
    ../clib/microlib/printf/printf.c         0x00000000   Number         0  printf2.o ABSOLUTE
    ../clib/microlib/printf/printf.c         0x00000000   Number         0  printf0.o ABSOLUTE
    ../clib/microlib/printf/printf.c         0x00000000   Number         0  printf5.o ABSOLUTE
    ../clib/microlib/printf/printf.c         0x00000000   Number         0  printf4.o ABSOLUTE
    ../clib/microlib/printf/printf.c         0x00000000   Number         0  printf3.o ABSOLUTE
    ../clib/microlib/printf/printf.c         0x00000000   Number         0  printf1.o ABSOLUTE
    ../clib/microlib/printf/printf.c         0x00000000   Number         0  printfb.o ABSOLUTE
    ../clib/microlib/printf/stubs.s          0x00000000   Number         0  stubs.o ABSOLUTE
    ../clib/microlib/stdio/fputc.c           0x00000000   Number         0  fputc.o ABSOLUTE
    ../clib/microlib/stdio/semi.s            0x00000000   Number         0  semi.o ABSOLUTE
    ../clib/microlib/stdio/streams.c         0x00000000   Number         0  stdout.o ABSOLUTE
    ../clib/microlib/string/memcpy.c         0x00000000   Number         0  memcpyb.o ABSOLUTE
    ../clib/microlib/string/memcpy.c         0x00000000   Number         0  memcpya.o ABSOLUTE
    ../clib/microlib/string/memset.c         0x00000000   Number         0  memseta.o ABSOLUTE
    ../clib/microlib/string/strchr.c         0x00000000   Number         0  strchr.o ABSOLUTE
    ../clib/microlib/string/strcpy.c         0x00000000   Number         0  strcpy.o ABSOLUTE
    ../clib/microlib/string/strlen.c         0x00000000   Number         0  strlen.o ABSOLUTE
    ../clib/microlib/string/strncmp.c        0x00000000   Number         0  strncmp.o ABSOLUTE
    ../clib/microlib/string/strncpy.c        0x00000000   Number         0  strncpy.o ABSOLUTE
    ../clib/microlib/string/strrchr.c        0x00000000   Number         0  strrchr.o ABSOLUTE
    ../clib/microlib/stubs.s                 0x00000000   Number         0  iusefp.o ABSOLUTE
    ../clib/microlib/stubs.s                 0x00000000   Number         0  iusesemip.o ABSOLUTE
    ../fplib/microlib/fpadd.c                0x00000000   Number         0  dadd.o ABSOLUTE
    ../fplib/microlib/fpdiv.c                0x00000000   Number         0  ddiv.o ABSOLUTE
    ../fplib/microlib/fpepilogue.c           0x00000000   Number         0  depilogue.o ABSOLUTE
    ../fplib/microlib/fpfix.c                0x00000000   Number         0  dfixul.o ABSOLUTE
    ../fplib/microlib/fpmul.c                0x00000000   Number         0  dmul.o ABSOLUTE
    Core\\core_cm3.c                         0x00000000   Number         0  core_cm3.o ABSOLUTE
    Core\core_cm3.c                          0x00000000   Number         0  core_cm3.o ABSOLUTE
    Core\startup_stm32f10x_hd.s              0x00000000   Number         0  startup_stm32f10x_hd.o ABSOLUTE
    STM32_FWLib\src\misc.c                   0x00000000   Number         0  misc.o ABSOLUTE
    STM32_FWLib\src\stm32f10x_cec.c          0x00000000   Number         0  stm32f10x_cec.o ABSOLUTE
    STM32_FWLib\src\stm32f10x_crc.c          0x00000000   Number         0  stm32f10x_crc.o ABSOLUTE
    STM32_FWLib\src\stm32f10x_exti.c         0x00000000   Number         0  stm32f10x_exti.o ABSOLUTE
    STM32_FWLib\src\stm32f10x_gpio.c         0x00000000   Number         0  stm32f10x_gpio.o ABSOLUTE
    STM32_FWLib\src\stm32f10x_pwr.c          0x00000000   Number         0  stm32f10x_pwr.o ABSOLUTE
    STM32_FWLib\src\stm32f10x_rcc.c          0x00000000   Number         0  stm32f10x_rcc.o ABSOLUTE
    STM32_FWLib\src\stm32f10x_spi.c          0x00000000   Number         0  stm32f10x_spi.o ABSOLUTE
    STM32_FWLib\src\stm32f10x_tim.c          0x00000000   Number         0  stm32f10x_tim.o ABSOLUTE
    STM32_FWLib\src\stm32f10x_usart.c        0x00000000   Number         0  stm32f10x_usart.o ABSOLUTE
    User\USART.C                             0x00000000   Number         0  usart.o ABSOLUTE
    User\main.c                              0x00000000   Number         0  main.o ABSOLUTE
    User\spi_enc28j60.c                      0x00000000   Number         0  spi_enc28j60.o ABSOLUTE
    User\stm32f10x_it.c                      0x00000000   Number         0  stm32f10x_it.o ABSOLUTE
    User\system_stm32f10x.c                  0x00000000   Number         0  system_stm32f10x.o ABSOLUTE
    cdrcmple.s                               0x00000000   Number         0  cdrcmple.o ABSOLUTE
    dc.s                                     0x00000000   Number         0  dc.o ABSOLUTE
    handlers.s                               0x00000000   Number         0  handlers.o ABSOLUTE
    init.s                                   0x00000000   Number         0  init.o ABSOLUTE
    uIP-1.0\apps\webserver\http-strings.c    0x00000000   Number         0  http-strings.o ABSOLUTE
    uIP-1.0\apps\webserver\httpd-cgi.c       0x00000000   Number         0  httpd-cgi.o ABSOLUTE
    uIP-1.0\apps\webserver\httpd-fs.c        0x00000000   Number         0  httpd-fs.o ABSOLUTE
    uIP-1.0\apps\webserver\httpd.c           0x00000000   Number         0  httpd.o ABSOLUTE
    uIP-1.0\uip\psock.c                      0x00000000   Number         0  psock.o ABSOLUTE
    uIP-1.0\uip\timer.c                      0x00000000   Number         0  timer.o ABSOLUTE
    uIP-1.0\uip\uip-fw.c                     0x00000000   Number         0  uip-fw.o ABSOLUTE
    uIP-1.0\uip\uip-neighbor.c               0x00000000   Number         0  uip-neighbor.o ABSOLUTE
    uIP-1.0\uip\uip-split.c                  0x00000000   Number         0  uip-split.o ABSOLUTE
    uIP-1.0\uip\uip.c                        0x00000000   Number         0  uip.o ABSOLUTE
    uIP-1.0\uip\uip_arp.c                    0x00000000   Number         0  uip_arp.o ABSOLUTE
    uIP-1.0\uip\uiplib.c                     0x00000000   Number         0  uiplib.o ABSOLUTE
    uIP-1.0\unix\clock-arch.c                0x00000000   Number         0  clock-arch.o ABSOLUTE
    uIP-1.0\unix\tapdev.c                    0x00000000   Number         0  tapdev.o ABSOLUTE
    RESET                                    0x08000000   Section      304  startup_stm32f10x_hd.o(RESET)
    .ARM.Collect$$$$00000000                 0x08000130   Section        0  entry.o(.ARM.Collect$$$$00000000)
    .ARM.Collect$$$$00000001                 0x08000130   Section        4  entry2.o(.ARM.Collect$$$$00000001)
    .ARM.Collect$$$$00000004                 0x08000134   Section        4  entry5.o(.ARM.Collect$$$$00000004)
    .ARM.Collect$$$$00000008                 0x08000138   Section        0  entry7b.o(.ARM.Collect$$$$00000008)
    .ARM.Collect$$$$0000000A                 0x08000138   Section        0  entry8b.o(.ARM.Collect$$$$0000000A)
    .ARM.Collect$$$$0000000B                 0x08000138   Section        8  entry9a.o(.ARM.Collect$$$$0000000B)
    .ARM.Collect$$$$0000000D                 0x08000140   Section        0  entry10a.o(.ARM.Collect$$$$0000000D)
    .ARM.Collect$$$$0000000F                 0x08000140   Section        0  entry11a.o(.ARM.Collect$$$$0000000F)
    .ARM.Collect$$$$00002712                 0x08000140   Section        4  entry2.o(.ARM.Collect$$$$00002712)
    __lit__00000000                          0x08000140   Data           4  entry2.o(.ARM.Collect$$$$00002712)
    .text                                    0x08000144   Section       36  startup_stm32f10x_hd.o(.text)
    .text                                    0x08000168   Section        0  main.o(.text)
    .text                                    0x080003a0   Section        0  stm32f10x_it.o(.text)
    .text                                    0x08000438   Section        0  system_stm32f10x.o(.text)
    SetSysClockTo72                          0x08000439   Thumb Code   212  system_stm32f10x.o(.text)
    SetSysClock                              0x0800050d   Thumb Code     8  system_stm32f10x.o(.text)
    .text                                    0x08000614   Section        0  usart.o(.text)
    .text                                    0x08000734   Section        0  spi_enc28j60.o(.text)
    .text                                    0x08000c54   Section        0  misc.o(.text)
    .text                                    0x08000d30   Section        0  stm32f10x_gpio.o(.text)
    .text                                    0x08001088   Section        0  stm32f10x_rcc.o(.text)
    .text                                    0x0800142c   Section        0  stm32f10x_usart.o(.text)
    .text                                    0x08001834   Section        0  stm32f10x_spi.o(.text)
    .text                                    0x08001b40   Section        0  stm32f10x_tim.o(.text)
    TI4_Config                               0x08001fe7   Thumb Code   130  stm32f10x_tim.o(.text)
    TI3_Config                               0x0800207b   Thumb Code   122  stm32f10x_tim.o(.text)
    TI2_Config                               0x0800210f   Thumb Code   130  stm32f10x_tim.o(.text)
    TI1_Config                               0x080021a3   Thumb Code   108  stm32f10x_tim.o(.text)
    .text                                    0x0800295c   Section        0  tapdev.o(.text)
    .text                                    0x080029b8   Section        0  timer.o(.text)
    .text                                    0x080029f8   Section        0  uip.o(.text)
    chksum                                   0x08002a6b   Thumb Code    70  uip.o(.text)
    upper_layer_chksum                       0x08002af3   Thumb Code    68  uip.o(.text)
    uip_add_rcv_nxt                          0x08002d21   Thumb Code    58  uip.o(.text)
    .text                                    0x08003d3c   Section        0  uip_arp.o(.text)
    uip_arp_update                           0x08003db7   Thumb Code   272  uip_arp.o(.text)
    .text                                    0x08004148   Section        0  httpd.o(.text)
    generate_part_of_file                    0x08004149   Thumb Code    66  httpd.o(.text)
    send_file                                0x0800418b   Thumb Code    94  httpd.o(.text)
    send_part_of_file                        0x080041e9   Thumb Code    62  httpd.o(.text)
    next_scriptstate                         0x08004227   Thumb Code    34  httpd.o(.text)
    handle_script                            0x08004249   Thumb Code   386  httpd.o(.text)
    send_headers                             0x080043cb   Thumb Code   514  httpd.o(.text)
    handle_output                            0x080045cd   Thumb Code   250  httpd.o(.text)
    handle_input                             0x080046c7   Thumb Code   264  httpd.o(.text)
    handle_connection                        0x080047cf   Thumb Code    26  httpd.o(.text)
    .text                                    0x080048b0   Section        0  clock-arch.o(.text)
    .text                                    0x080048bc   Section        0  psock.o(.text)
    buf_setup                                0x080048bd   Thumb Code     6  psock.o(.text)
    buf_bufdata                              0x080048c3   Thumb Code   150  psock.o(.text)
    buf_bufto                                0x08004959   Thumb Code   102  psock.o(.text)
    send_data                                0x080049bf   Thumb Code    70  psock.o(.text)
    data_acked                               0x08004a05   Thumb Code    82  psock.o(.text)
    .text                                    0x08004ce8   Section        0  httpd-cgi.o(.text)
    nullfunction                             0x08004ce9   Thumb Code    24  httpd-cgi.o(.text)
    generate_file_stats                      0x08004d33   Thumb Code    34  httpd-cgi.o(.text)
    file_stats                               0x08004d55   Thumb Code    74  httpd-cgi.o(.text)
    generate_tcp_stats                       0x08004d9f   Thumb Code   168  httpd-cgi.o(.text)
    tcp_stats                                0x08004e47   Thumb Code   112  httpd-cgi.o(.text)
    generate_net_stats                       0x08004eb7   Thumb Code    34  httpd-cgi.o(.text)
    net_stats                                0x08004ed9   Thumb Code    86  httpd-cgi.o(.text)
    .text                                    0x08004f64   Section        0  httpd-fs.o(.text)
    httpd_fs_strcmp                          0x08004f65   Thumb Code    48  httpd-fs.o(.text)
    .text                                    0x08005020   Section        0  memcpya.o(.text)
    .text                                    0x08005044   Section        0  memseta.o(.text)
    .text                                    0x08005068   Section        0  strncpy.o(.text)
    .text                                    0x08005080   Section        0  strchr.o(.text)
    .text                                    0x08005094   Section        0  strlen.o(.text)
    .text                                    0x080050a2   Section        0  strcpy.o(.text)
    .text                                    0x080050b4   Section        0  strncmp.o(.text)
    .text                                    0x080050d2   Section        0  strrchr.o(.text)
    .text                                    0x080050f2   Section        0  uidiv.o(.text)
    .text                                    0x08005120   Section       36  init.o(.text)
    .text                                    0x08005144   Section        0  iusesemip.o(.text)
    .text                                    0x08005144   Section        0  semi.o(.text)
    .text                                    0x08005144   Section        0  __dclz77c.o(.text)
    i.__0printf$6                            0x080051a4   Section        0  printf6.o(i.__0printf$6)
    i.__0snprintf$6                          0x080051c4   Section        0  printf6.o(i.__0snprintf$6)
    i.__scatterload_copy                     0x080051ec   Section       14  handlers.o(i.__scatterload_copy)
    i.__scatterload_null                     0x080051fa   Section        2  handlers.o(i.__scatterload_null)
    i.__scatterload_zeroinit                 0x080051fc   Section       14  handlers.o(i.__scatterload_zeroinit)
    i._printf_core                           0x0800520c   Section        0  printf6.o(i._printf_core)
    _printf_core                             0x0800520d   Thumb Code   750  printf6.o(i._printf_core)
    i._printf_post_padding                   0x08005500   Section        0  printf6.o(i._printf_post_padding)
    _printf_post_padding                     0x08005501   Thumb Code    38  printf6.o(i._printf_post_padding)
    i._printf_pre_padding                    0x08005526   Section        0  printf6.o(i._printf_pre_padding)
    _printf_pre_padding                      0x08005527   Thumb Code    48  printf6.o(i._printf_pre_padding)
    i._snputc                                0x08005556   Section        0  printf6.o(i._snputc)
    _snputc                                  0x08005557   Thumb Code    22  printf6.o(i._snputc)
    i.fputc                                  0x0800556c   Section        0  fputc.o(i.fputc)
    .constdata                               0x0800557e   Section        6  tapdev.o(.constdata)
    .constdata                               0x08005584   Section        4  uip.o(.constdata)
    all_zeroes_addr                          0x08005584   Data           4  uip.o(.constdata)
    .constdata                               0x08005588   Section       10  uip_arp.o(.constdata)
    broadcast_ethaddr                        0x08005588   Data           6  uip_arp.o(.constdata)
    broadcast_ipaddr                         0x0800558e   Data           4  uip_arp.o(.constdata)
    .constdata                               0x08005594   Section      205  httpd-cgi.o(.constdata)
    file                                     0x08005594   Data           8  httpd-cgi.o(.constdata)
    tcp                                      0x0800559c   Data           8  httpd-cgi.o(.constdata)
    net                                      0x080055a4   Data           8  httpd-cgi.o(.constdata)
    closed                                   0x080055ac   Data           7  httpd-cgi.o(.constdata)
    syn_rcvd                                 0x080055b3   Data           9  httpd-cgi.o(.constdata)
    syn_sent                                 0x080055bc   Data           9  httpd-cgi.o(.constdata)
    established                              0x080055c5   Data          12  httpd-cgi.o(.constdata)
    fin_wait_1                               0x080055d1   Data          11  httpd-cgi.o(.constdata)
    fin_wait_2                               0x080055dc   Data          11  httpd-cgi.o(.constdata)
    closing                                  0x080055e7   Data           8  httpd-cgi.o(.constdata)
    time_wait                                0x080055ef   Data          10  httpd-cgi.o(.constdata)
    last_ack                                 0x080055f9   Data           9  httpd-cgi.o(.constdata)
    .constdata                               0x08005664   Section     4828  httpd-fs.o(.constdata)
    data_processes_shtml                     0x08005664   Data         226  httpd-fs.o(.constdata)
    data_404_html                            0x08005746   Data         171  httpd-fs.o(.constdata)
    data_files_shtml                         0x080057f1   Data        1267  httpd-fs.o(.constdata)
    data_footer_html                         0x08005ce4   Data          31  httpd-fs.o(.constdata)
    data_header_html                         0x08005d03   Data         642  httpd-fs.o(.constdata)
    data_style_css                           0x08005f85   Data        1026  httpd-fs.o(.constdata)
    data_tcp_shtml                           0x08006387   Data         222  httpd-fs.o(.constdata)
    data_fade_png                            0x08006465   Data         207  httpd-fs.o(.constdata)
    data_stats_shtml                         0x08006534   Data         835  httpd-fs.o(.constdata)
    .constdata                               0x08006940   Section      586  http-strings.o(.constdata)
    .conststring                             0x08006b8a   Section       37  httpd-cgi.o(.conststring)
    .data                                    0x20000000   Section        4  stm32f10x_it.o(.data)
    .data                                    0x20000004   Section       20  system_stm32f10x.o(.data)
    .data                                    0x20000018   Section       17  usart.o(.data)
    .data                                    0x2000002c   Section        8  spi_enc28j60.o(.data)
    Enc28j60Bank                             0x2000002c   Data           1  spi_enc28j60.o(.data)
    NextPacketPtr                            0x20000030   Data           4  spi_enc28j60.o(.data)
    .data                                    0x20000034   Section       20  stm32f10x_rcc.o(.data)
    APBAHBPrescTable                         0x20000034   Data          16  stm32f10x_rcc.o(.data)
    ADCPrescTable                            0x20000044   Data           4  stm32f10x_rcc.o(.data)
    .data                                    0x20000048   Section       56  uip.o(.data)
    ipid                                     0x20000070   Data           2  uip.o(.data)
    iss                                      0x20000072   Data           4  uip.o(.data)
    lastport                                 0x20000076   Data           2  uip.o(.data)
    c                                        0x2000007c   Data           1  uip.o(.data)
    opt                                      0x2000007d   Data           1  uip.o(.data)
    tmp16                                    0x2000007e   Data           2  uip.o(.data)
    .data                                    0x20000080   Section        8  uip_arp.o(.data)
    ipaddr                                   0x20000080   Data           4  uip_arp.o(.data)
    i                                        0x20000084   Data           1  uip_arp.o(.data)
    c                                        0x20000085   Data           1  uip_arp.o(.data)
    arptime                                  0x20000086   Data           1  uip_arp.o(.data)
    tmpage                                   0x20000087   Data           1  uip_arp.o(.data)
    .data                                    0x20000088   Section       52  httpd-cgi.o(.data)
    calls                                    0x20000088   Data          16  httpd-cgi.o(.data)
    states                                   0x20000098   Data          36  httpd-cgi.o(.data)
    .data                                    0x200000bc   Section     1673  httpd-fs.o(.data)
    .data                                    0x20000748   Section        4  stdout.o(.data)
    .bss                                     0x2000074c   Section     8708  uip.o(.bss)
    .bss                                     0x20002950   Section       96  uip_arp.o(.bss)
    arp_table                                0x20002950   Data          96  uip_arp.o(.bss)
    .bss                                     0x200029b0   Section       20  httpd-fs.o(.bss)
    count                                    0x200029b0   Data          20  httpd-fs.o(.bss)
    STACK                                    0x200029c8   Section     1024  startup_stm32f10x_hd.o(STACK)

    Global Symbols

    Symbol Name                              Value     Ov Type        Size  Object(Section)

    BuildAttributes$$THM_ISAv4$P$D$K$B$S$PE$A:L22UL41UL21$X:L11$S22US41US21$IEEE1$IW$USESV6$~STKCKD$USESV7$~SHL$OSPACE$ROPI$EBA8$MICROLIB$REQ8$PRES8$EABIv2 0x00000000   Number         0  anon$$obj.o ABSOLUTE
    __ARM_use_no_argv                        0x00000000   Number         0  main.o ABSOLUTE
    _printf_a                                0x00000000   Number         0  stubs.o ABSOLUTE
    _printf_c                                0x00000000   Number         0  stubs.o ABSOLUTE
    _printf_charcount                        0x00000000   Number         0  stubs.o ABSOLUTE
    _printf_d                                0x00000000   Number         0  stubs.o ABSOLUTE
    _printf_e                                0x00000000   Number         0  stubs.o ABSOLUTE
    _printf_f                                0x00000000   Number         0  stubs.o ABSOLUTE
    _printf_flags                            0x00000000   Number         0  stubs.o ABSOLUTE
    _printf_fp_dec                           0x00000000   Number         0  stubs.o ABSOLUTE
    _printf_fp_hex                           0x00000000   Number         0  stubs.o ABSOLUTE
    _printf_g                                0x00000000   Number         0  stubs.o ABSOLUTE
    _printf_i                                0x00000000   Number         0  stubs.o ABSOLUTE
    _printf_int_dec                          0x00000000   Number         0  stubs.o ABSOLUTE
    _printf_l                                0x00000000   Number         0  stubs.o ABSOLUTE
    _printf_lc                               0x00000000   Number         0  stubs.o ABSOLUTE
    _printf_ll                               0x00000000   Number         0  stubs.o ABSOLUTE
    _printf_lld                              0x00000000   Number         0  stubs.o ABSOLUTE
    _printf_lli                              0x00000000   Number         0  stubs.o ABSOLUTE
    _printf_llo                              0x00000000   Number         0  stubs.o ABSOLUTE
    _printf_llu                              0x00000000   Number         0  stubs.o ABSOLUTE
    _printf_llx                              0x00000000   Number         0  stubs.o ABSOLUTE
    _printf_longlong_dec                     0x00000000   Number         0  stubs.o ABSOLUTE
    _printf_longlong_hex                     0x00000000   Number         0  stubs.o ABSOLUTE
    _printf_longlong_oct                     0x00000000   Number         0  stubs.o ABSOLUTE
    _printf_ls                               0x00000000   Number         0  stubs.o ABSOLUTE
    _printf_mbtowc                           0x00000000   Number         0  stubs.o ABSOLUTE
    _printf_n                                0x00000000   Number         0  stubs.o ABSOLUTE
    _printf_o                                0x00000000   Number         0  stubs.o ABSOLUTE
    _printf_p                                0x00000000   Number         0  stubs.o ABSOLUTE
    _printf_percent                          0x00000000   Number         0  stubs.o ABSOLUTE
    _printf_pre_padding                      0x00000000   Number         0  stubs.o ABSOLUTE
    _printf_return_value                     0x00000000   Number         0  stubs.o ABSOLUTE
    _printf_s                                0x00000000   Number         0  stubs.o ABSOLUTE
    _printf_sizespec                         0x00000000   Number         0  stubs.o ABSOLUTE
    _printf_str                              0x00000000   Number         0  stubs.o ABSOLUTE
    _printf_truncate_signed                  0x00000000   Number         0  stubs.o ABSOLUTE
    _printf_truncate_unsigned                0x00000000   Number         0  stubs.o ABSOLUTE
    _printf_u                                0x00000000   Number         0  stubs.o ABSOLUTE
    _printf_wc                               0x00000000   Number         0  stubs.o ABSOLUTE
    _printf_wctomb                           0x00000000   Number         0  stubs.o ABSOLUTE
    _printf_widthprec                        0x00000000   Number         0  stubs.o ABSOLUTE
    _printf_x                                0x00000000   Number         0  stubs.o ABSOLUTE
    __cpp_initialize__aeabi_                  - Undefined Weak Reference
    __cxa_finalize                            - Undefined Weak Reference
    _clock_init                               - Undefined Weak Reference
    _microlib_exit                            - Undefined Weak Reference
    __Vectors_Size                           0x00000130   Number         0  startup_stm32f10x_hd.o ABSOLUTE
    __Vectors                                0x08000000   Data           4  startup_stm32f10x_hd.o(RESET)
    __Vectors_End                            0x08000130   Data           0  startup_stm32f10x_hd.o(RESET)
    __main                                   0x08000131   Thumb Code     0  entry.o(.ARM.Collect$$$$00000000)
    _main_stk                                0x08000131   Thumb Code     0  entry2.o(.ARM.Collect$$$$00000001)
    _main_scatterload                        0x08000135   Thumb Code     0  entry5.o(.ARM.Collect$$$$00000004)
    __main_after_scatterload                 0x08000139   Thumb Code     0  entry5.o(.ARM.Collect$$$$00000004)
    _main_clock                              0x08000139   Thumb Code     0  entry7b.o(.ARM.Collect$$$$00000008)
    _main_cpp_init                           0x08000139   Thumb Code     0  entry8b.o(.ARM.Collect$$$$0000000A)
    _main_init                               0x08000139   Thumb Code     0  entry9a.o(.ARM.Collect$$$$0000000B)
    __rt_final_cpp                           0x08000141   Thumb Code     0  entry10a.o(.ARM.Collect$$$$0000000D)
    __rt_final_exit                          0x08000141   Thumb Code     0  entry11a.o(.ARM.Collect$$$$0000000F)
    Reset_Handler                            0x08000145   Thumb Code     8  startup_stm32f10x_hd.o(.text)
    ADC1_2_IRQHandler                        0x0800015f   Thumb Code     0  startup_stm32f10x_hd.o(.text)
    ADC3_IRQHandler                          0x0800015f   Thumb Code     0  startup_stm32f10x_hd.o(.text)
    CAN1_RX1_IRQHandler                      0x0800015f   Thumb Code     0  startup_stm32f10x_hd.o(.text)
    CAN1_SCE_IRQHandler                      0x0800015f   Thumb Code     0  startup_stm32f10x_hd.o(.text)
    DMA1_Channel1_IRQHandler                 0x0800015f   Thumb Code     0  startup_stm32f10x_hd.o(.text)
    DMA1_Channel2_IRQHandler                 0x0800015f   Thumb Code     0  startup_stm32f10x_hd.o(.text)
    DMA1_Channel3_IRQHandler                 0x0800015f   Thumb Code     0  startup_stm32f10x_hd.o(.text)
    DMA1_Channel4_IRQHandler                 0x0800015f   Thumb Code     0  startup_stm32f10x_hd.o(.text)
    DMA1_Channel5_IRQHandler                 0x0800015f   Thumb Code     0  startup_stm32f10x_hd.o(.text)
    DMA1_Channel6_IRQHandler                 0x0800015f   Thumb Code     0  startup_stm32f10x_hd.o(.text)
    DMA1_Channel7_IRQHandler                 0x0800015f   Thumb Code     0  startup_stm32f10x_hd.o(.text)
    DMA2_Channel1_IRQHandler                 0x0800015f   Thumb Code     0  startup_stm32f10x_hd.o(.text)
    DMA2_Channel2_IRQHandler                 0x0800015f   Thumb Code     0  startup_stm32f10x_hd.o(.text)
    DMA2_Channel3_IRQHandler                 0x0800015f   Thumb Code     0  startup_stm32f10x_hd.o(.text)
    DMA2_Channel4_5_IRQHandler               0x0800015f   Thumb Code     0  startup_stm32f10x_hd.o(.text)
    EXTI0_IRQHandler                         0x0800015f   Thumb Code     0  startup_stm32f10x_hd.o(.text)
    EXTI15_10_IRQHandler                     0x0800015f   Thumb Code     0  startup_stm32f10x_hd.o(.text)
    EXTI1_IRQHandler                         0x0800015f   Thumb Code     0  startup_stm32f10x_hd.o(.text)
    EXTI2_IRQHandler                         0x0800015f   Thumb Code     0  startup_stm32f10x_hd.o(.text)
    EXTI3_IRQHandler                         0x0800015f   Thumb Code     0  startup_stm32f10x_hd.o(.text)
    EXTI4_IRQHandler                         0x0800015f   Thumb Code     0  startup_stm32f10x_hd.o(.text)
    EXTI9_5_IRQHandler                       0x0800015f   Thumb Code     0  startup_stm32f10x_hd.o(.text)
    FLASH_IRQHandler                         0x0800015f   Thumb Code     0  startup_stm32f10x_hd.o(.text)
    FSMC_IRQHandler                          0x0800015f   Thumb Code     0  startup_stm32f10x_hd.o(.text)
    I2C1_ER_IRQHandler                       0x0800015f   Thumb Code     0  startup_stm32f10x_hd.o(.text)
    I2C1_EV_IRQHandler                       0x0800015f   Thumb Code     0  startup_stm32f10x_hd.o(.text)
    I2C2_ER_IRQHandler                       0x0800015f   Thumb Code     0  startup_stm32f10x_hd.o(.text)
    I2C2_EV_IRQHandler                       0x0800015f   Thumb Code     0  startup_stm32f10x_hd.o(.text)
    PVD_IRQHandler                           0x0800015f   Thumb Code     0  startup_stm32f10x_hd.o(.text)
    RCC_IRQHandler                           0x0800015f   Thumb Code     0  startup_stm32f10x_hd.o(.text)
    RTCAlarm_IRQHandler                      0x0800015f   Thumb Code     0  startup_stm32f10x_hd.o(.text)
    RTC_IRQHandler                           0x0800015f   Thumb Code     0  startup_stm32f10x_hd.o(.text)
    SDIO_IRQHandler                          0x0800015f   Thumb Code     0  startup_stm32f10x_hd.o(.text)
    SPI1_IRQHandler                          0x0800015f   Thumb Code     0  startup_stm32f10x_hd.o(.text)
    SPI2_IRQHandler                          0x0800015f   Thumb Code     0  startup_stm32f10x_hd.o(.text)
    SPI3_IRQHandler                          0x0800015f   Thumb Code     0  startup_stm32f10x_hd.o(.text)
    TAMPER_IRQHandler                        0x0800015f   Thumb Code     0  startup_stm32f10x_hd.o(.text)
    TIM1_BRK_IRQHandler                      0x0800015f   Thumb Code     0  startup_stm32f10x_hd.o(.text)
    TIM1_CC_IRQHandler                       0x0800015f   Thumb Code     0  startup_stm32f10x_hd.o(.text)
    TIM1_TRG_COM_IRQHandler                  0x0800015f   Thumb Code     0  startup_stm32f10x_hd.o(.text)
    TIM1_UP_IRQHandler                       0x0800015f   Thumb Code     0  startup_stm32f10x_hd.o(.text)
    TIM3_IRQHandler                          0x0800015f   Thumb Code     0  startup_stm32f10x_hd.o(.text)
    TIM4_IRQHandler                          0x0800015f   Thumb Code     0  startup_stm32f10x_hd.o(.text)
    TIM5_IRQHandler                          0x0800015f   Thumb Code     0  startup_stm32f10x_hd.o(.text)
    TIM6_IRQHandler                          0x0800015f   Thumb Code     0  startup_stm32f10x_hd.o(.text)
    TIM7_IRQHandler                          0x0800015f   Thumb Code     0  startup_stm32f10x_hd.o(.text)
    TIM8_BRK_IRQHandler                      0x0800015f   Thumb Code     0  startup_stm32f10x_hd.o(.text)
    TIM8_CC_IRQHandler                       0x0800015f   Thumb Code     0  startup_stm32f10x_hd.o(.text)
    TIM8_TRG_COM_IRQHandler                  0x0800015f   Thumb Code     0  startup_stm32f10x_hd.o(.text)
    TIM8_UP_IRQHandler                       0x0800015f   Thumb Code     0  startup_stm32f10x_hd.o(.text)
    UART4_IRQHandler                         0x0800015f   Thumb Code     0  startup_stm32f10x_hd.o(.text)
    UART5_IRQHandler                         0x0800015f   Thumb Code     0  startup_stm32f10x_hd.o(.text)
    USART2_IRQHandler                        0x0800015f   Thumb Code     0  startup_stm32f10x_hd.o(.text)
    USART3_IRQHandler                        0x0800015f   Thumb Code     0  startup_stm32f10x_hd.o(.text)
    USBWakeUp_IRQHandler                     0x0800015f   Thumb Code     0  startup_stm32f10x_hd.o(.text)
    USB_HP_CAN1_TX_IRQHandler                0x0800015f   Thumb Code     0  startup_stm32f10x_hd.o(.text)
    USB_LP_CAN1_RX0_IRQHandler               0x0800015f   Thumb Code     0  startup_stm32f10x_hd.o(.text)
    WWDG_IRQHandler                          0x0800015f   Thumb Code     0  startup_stm32f10x_hd.o(.text)
    Delay                                    0x08000169   Thumb Code    10  main.o(.text)
    GPIO_Config                              0x08000173   Thumb Code    40  main.o(.text)
    NVIC_Config                              0x0800019b   Thumb Code    42  main.o(.text)
    Timer_Config                             0x080001c5   Thumb Code    82  main.o(.text)
    main                                     0x08000217   Thumb Code   360  main.o(.text)
    NMI_Handler                              0x080003a1   Thumb Code     2  stm32f10x_it.o(.text)
    HardFault_Handler                        0x080003a3   Thumb Code     4  stm32f10x_it.o(.text)
    MemManage_Handler                        0x080003a7   Thumb Code     4  stm32f10x_it.o(.text)
    BusFault_Handler                         0x080003ab   Thumb Code     4  stm32f10x_it.o(.text)
    UsageFault_Handler                       0x080003af   Thumb Code     4  stm32f10x_it.o(.text)
    SVC_Handler                              0x080003b3   Thumb Code     2  stm32f10x_it.o(.text)
    DebugMon_Handler                         0x080003b5   Thumb Code     2  stm32f10x_it.o(.text)
    PendSV_Handler                           0x080003b7   Thumb Code     2  stm32f10x_it.o(.text)
    SysTick_Handler                          0x080003b9   Thumb Code     2  stm32f10x_it.o(.text)
    USART1_IRQHandler                        0x080003bb   Thumb Code    76  stm32f10x_it.o(.text)
    TIM2_IRQHandler                          0x08000407   Thumb Code    32  stm32f10x_it.o(.text)
    SystemInit                               0x08000515   Thumb Code    78  system_stm32f10x.o(.text)
    SystemCoreClockUpdate                    0x08000563   Thumb Code   142  system_stm32f10x.o(.text)
    USART1_Config                            0x08000615   Thumb Code   108  usart.o(.text)
    USART_Print                              0x08000681   Thumb Code    42  usart.o(.text)
    PrintShuzi                               0x080006ab   Thumb Code    78  usart.o(.text)
    USART_PrintString                        0x080006f9   Thumb Code    46  usart.o(.text)
    SPI2_GPIO_Init                           0x08000735   Thumb Code    88  spi_enc28j60.o(.text)
    SPI2_Config                              0x0800078d   Thumb Code    86  spi_enc28j60.o(.text)
    SPI2_Read_Write_Byte                     0x080007e3   Thumb Code    50  spi_enc28j60.o(.text)
    SPI2_Init                                0x08000815   Thumb Code    12  spi_enc28j60.o(.text)
    enc28j60ReadOp                           0x08000821   Thumb Code    68  spi_enc28j60.o(.text)
    enc28j60WriteOp                          0x08000865   Thumb Code    58  spi_enc28j60.o(.text)
    enc28j60ReadBuffer                       0x0800089f   Thumb Code    56  spi_enc28j60.o(.text)
    enc28j60WriteBuffer                      0x080008d7   Thumb Code    50  spi_enc28j60.o(.text)
    enc28j60SetBank                          0x08000909   Thumb Code    48  spi_enc28j60.o(.text)
    enc28j60Read                             0x08000939   Thumb Code    20  spi_enc28j60.o(.text)
    enc28j60Write                            0x0800094d   Thumb Code    24  spi_enc28j60.o(.text)
    ENC28J60_PHY_Write                       0x08000965   Thumb Code    48  spi_enc28j60.o(.text)
    enc28j60clkout                           0x08000995   Thumb Code    16  spi_enc28j60.o(.text)
    ENC28J60_Init                            0x080009a5   Thumb Code   362  spi_enc28j60.o(.text)
    enc28j60getrev                           0x08000b0f   Thumb Code    10  spi_enc28j60.o(.text)
    ENC28J60_Packet_Send                     0x08000b19   Thumb Code   124  spi_enc28j60.o(.text)
    ENC28J60_Packet_Receive                  0x08000b95   Thumb Code   188  spi_enc28j60.o(.text)
    NVIC_PriorityGroupConfig                 0x08000c55   Thumb Code    10  misc.o(.text)
    NVIC_Init                                0x08000c5f   Thumb Code   102  misc.o(.text)
    NVIC_SetVectorTable                      0x08000cc5   Thumb Code    14  misc.o(.text)
    NVIC_SystemLPConfig                      0x08000cd3   Thumb Code    34  misc.o(.text)
    SysTick_CLKSourceConfig                  0x08000cf5   Thumb Code    40  misc.o(.text)
    GPIO_DeInit                              0x08000d31   Thumb Code   172  stm32f10x_gpio.o(.text)
    GPIO_AFIODeInit                          0x08000ddd   Thumb Code    20  stm32f10x_gpio.o(.text)
    GPIO_Init                                0x08000df1   Thumb Code   274  stm32f10x_gpio.o(.text)
    GPIO_StructInit                          0x08000f03   Thumb Code    16  stm32f10x_gpio.o(.text)
    GPIO_ReadInputDataBit                    0x08000f13   Thumb Code    18  stm32f10x_gpio.o(.text)
    GPIO_ReadInputData                       0x08000f25   Thumb Code     8  stm32f10x_gpio.o(.text)
    GPIO_ReadOutputDataBit                   0x08000f2d   Thumb Code    18  stm32f10x_gpio.o(.text)
    GPIO_ReadOutputData                      0x08000f3f   Thumb Code     8  stm32f10x_gpio.o(.text)
    GPIO_SetBits                             0x08000f47   Thumb Code     4  stm32f10x_gpio.o(.text)
    GPIO_ResetBits                           0x08000f4b   Thumb Code     4  stm32f10x_gpio.o(.text)
    GPIO_WriteBit                            0x08000f4f   Thumb Code    10  stm32f10x_gpio.o(.text)
    GPIO_Write                               0x08000f59   Thumb Code     4  stm32f10x_gpio.o(.text)
    GPIO_PinLockConfig                       0x08000f5d   Thumb Code    18  stm32f10x_gpio.o(.text)
    GPIO_EventOutputConfig                   0x08000f6f   Thumb Code    26  stm32f10x_gpio.o(.text)
    GPIO_EventOutputCmd                      0x08000f89   Thumb Code     6  stm32f10x_gpio.o(.text)
    GPIO_PinRemapConfig                      0x08000f8f   Thumb Code   138  stm32f10x_gpio.o(.text)
    GPIO_EXTILineConfig                      0x08001019   Thumb Code    66  stm32f10x_gpio.o(.text)
    GPIO_ETH_MediaInterfaceConfig            0x0800105b   Thumb Code     6  stm32f10x_gpio.o(.text)
    RCC_DeInit                               0x08001089   Thumb Code    64  stm32f10x_rcc.o(.text)
    RCC_HSEConfig                            0x080010c9   Thumb Code    70  stm32f10x_rcc.o(.text)
    RCC_GetFlagStatus                        0x0800110f   Thumb Code    56  stm32f10x_rcc.o(.text)
    RCC_WaitForHSEStartUp                    0x08001147   Thumb Code    56  stm32f10x_rcc.o(.text)
    RCC_AdjustHSICalibrationValue            0x0800117f   Thumb Code    20  stm32f10x_rcc.o(.text)
    RCC_HSICmd                               0x08001193   Thumb Code     6  stm32f10x_rcc.o(.text)
    RCC_PLLConfig                            0x08001199   Thumb Code    24  stm32f10x_rcc.o(.text)
    RCC_PLLCmd                               0x080011b1   Thumb Code     6  stm32f10x_rcc.o(.text)
    RCC_SYSCLKConfig                         0x080011b7   Thumb Code    18  stm32f10x_rcc.o(.text)
    RCC_GetSYSCLKSource                      0x080011c9   Thumb Code    10  stm32f10x_rcc.o(.text)
    RCC_HCLKConfig                           0x080011d3   Thumb Code    18  stm32f10x_rcc.o(.text)
    RCC_PCLK1Config                          0x080011e5   Thumb Code    18  stm32f10x_rcc.o(.text)
    RCC_PCLK2Config                          0x080011f7   Thumb Code    20  stm32f10x_rcc.o(.text)
    RCC_ITConfig                             0x0800120b   Thumb Code    26  stm32f10x_rcc.o(.text)
    RCC_USBCLKConfig                         0x08001225   Thumb Code     6  stm32f10x_rcc.o(.text)
    RCC_ADCCLKConfig                         0x0800122b   Thumb Code    18  stm32f10x_rcc.o(.text)
    RCC_LSEConfig                            0x0800123d   Thumb Code    44  stm32f10x_rcc.o(.text)
    RCC_LSICmd                               0x08001269   Thumb Code     6  stm32f10x_rcc.o(.text)
    RCC_RTCCLKConfig                         0x0800126f   Thumb Code    12  stm32f10x_rcc.o(.text)
    RCC_RTCCLKCmd                            0x0800127b   Thumb Code     8  stm32f10x_rcc.o(.text)
    RCC_GetClocksFreq                        0x08001283   Thumb Code   192  stm32f10x_rcc.o(.text)
    RCC_AHBPeriphClockCmd                    0x08001343   Thumb Code    26  stm32f10x_rcc.o(.text)
    RCC_APB2PeriphClockCmd                   0x0800135d   Thumb Code    26  stm32f10x_rcc.o(.text)
    RCC_APB1PeriphClockCmd                   0x08001377   Thumb Code    26  stm32f10x_rcc.o(.text)
    RCC_APB2PeriphResetCmd                   0x08001391   Thumb Code    26  stm32f10x_rcc.o(.text)
    RCC_APB1PeriphResetCmd                   0x080013ab   Thumb Code    26  stm32f10x_rcc.o(.text)
    RCC_BackupResetCmd                       0x080013c5   Thumb Code     8  stm32f10x_rcc.o(.text)
    RCC_ClockSecuritySystemCmd               0x080013cd   Thumb Code     6  stm32f10x_rcc.o(.text)
    RCC_MCOConfig                            0x080013d3   Thumb Code     6  stm32f10x_rcc.o(.text)
    RCC_ClearFlag                            0x080013d9   Thumb Code    14  stm32f10x_rcc.o(.text)
    RCC_GetITStatus                          0x080013e7   Thumb Code    20  stm32f10x_rcc.o(.text)
    RCC_ClearITPendingBit                    0x080013fb   Thumb Code     6  stm32f10x_rcc.o(.text)
    USART_DeInit                             0x0800142d   Thumb Code   134  stm32f10x_usart.o(.text)
    USART_Init                               0x080014b3   Thumb Code   210  stm32f10x_usart.o(.text)
    USART_StructInit                         0x08001585   Thumb Code    24  stm32f10x_usart.o(.text)
    USART_ClockInit                          0x0800159d   Thumb Code    34  stm32f10x_usart.o(.text)
    USART_ClockStructInit                    0x080015bf   Thumb Code    12  stm32f10x_usart.o(.text)
    USART_Cmd                                0x080015cb   Thumb Code    24  stm32f10x_usart.o(.text)
    USART_ITConfig                           0x080015e3   Thumb Code    74  stm32f10x_usart.o(.text)
    USART_DMACmd                             0x0800162d   Thumb Code    18  stm32f10x_usart.o(.text)
    USART_SetAddress                         0x0800163f   Thumb Code    18  stm32f10x_usart.o(.text)
    USART_WakeUpConfig                       0x08001651   Thumb Code    18  stm32f10x_usart.o(.text)
    USART_ReceiverWakeUpCmd                  0x08001663   Thumb Code    24  stm32f10x_usart.o(.text)
    USART_LINBreakDetectLengthConfig         0x0800167b   Thumb Code    18  stm32f10x_usart.o(.text)
    USART_LINCmd                             0x0800168d   Thumb Code    24  stm32f10x_usart.o(.text)
    USART_SendData                           0x080016a5   Thumb Code     8  stm32f10x_usart.o(.text)
    USART_ReceiveData                        0x080016ad   Thumb Code    10  stm32f10x_usart.o(.text)
    USART_SendBreak                          0x080016b7   Thumb Code    10  stm32f10x_usart.o(.text)
    USART_SetGuardTime                       0x080016c1   Thumb Code    16  stm32f10x_usart.o(.text)
    USART_SetPrescaler                       0x080016d1   Thumb Code    16  stm32f10x_usart.o(.text)
    USART_SmartCardCmd                       0x080016e1   Thumb Code    24  stm32f10x_usart.o(.text)
    USART_SmartCardNACKCmd                   0x080016f9   Thumb Code    24  stm32f10x_usart.o(.text)
    USART_HalfDuplexCmd                      0x08001711   Thumb Code    24  stm32f10x_usart.o(.text)
    USART_OverSampling8Cmd                   0x08001729   Thumb Code    22  stm32f10x_usart.o(.text)
    USART_OneBitMethodCmd                    0x0800173f   Thumb Code    24  stm32f10x_usart.o(.text)
    USART_IrDAConfig                         0x08001757   Thumb Code    18  stm32f10x_usart.o(.text)
    USART_IrDACmd                            0x08001769   Thumb Code    24  stm32f10x_usart.o(.text)
    USART_GetFlagStatus                      0x08001781   Thumb Code    26  stm32f10x_usart.o(.text)
    USART_ClearFlag                          0x0800179b   Thumb Code    18  stm32f10x_usart.o(.text)
    USART_GetITStatus                        0x080017ad   Thumb Code    84  stm32f10x_usart.o(.text)
    USART_ClearITPendingBit                  0x08001801   Thumb Code    52  stm32f10x_usart.o(.text)
    SPI_I2S_DeInit                           0x08001835   Thumb Code    76  stm32f10x_spi.o(.text)
    SPI_Init                                 0x08001881   Thumb Code    60  stm32f10x_spi.o(.text)
    I2S_Init                                 0x080018bd   Thumb Code   226  stm32f10x_spi.o(.text)
    SPI_StructInit                           0x0800199f   Thumb Code    24  stm32f10x_spi.o(.text)
    I2S_StructInit                           0x080019b7   Thumb Code    20  stm32f10x_spi.o(.text)
    SPI_Cmd                                  0x080019cb   Thumb Code    24  stm32f10x_spi.o(.text)
    I2S_Cmd                                  0x080019e3   Thumb Code    24  stm32f10x_spi.o(.text)
    SPI_I2S_ITConfig                         0x080019fb   Thumb Code    32  stm32f10x_spi.o(.text)
    SPI_I2S_DMACmd                           0x08001a1b   Thumb Code    18  stm32f10x_spi.o(.text)
    SPI_I2S_SendData                         0x08001a2d   Thumb Code     4  stm32f10x_spi.o(.text)
    SPI_I2S_ReceiveData                      0x08001a31   Thumb Code     6  stm32f10x_spi.o(.text)
    SPI_NSSInternalSoftwareConfig            0x08001a37   Thumb Code    30  stm32f10x_spi.o(.text)
    SPI_SSOutputCmd                          0x08001a55   Thumb Code    24  stm32f10x_spi.o(.text)
    SPI_DataSizeConfig                       0x08001a6d   Thumb Code    18  stm32f10x_spi.o(.text)
    SPI_TransmitCRC                          0x08001a7f   Thumb Code    10  stm32f10x_spi.o(.text)
    SPI_CalculateCRC                         0x08001a89   Thumb Code    24  stm32f10x_spi.o(.text)
    SPI_GetCRC                               0x08001aa1   Thumb Code    16  stm32f10x_spi.o(.text)
    SPI_GetCRCPolynomial                     0x08001ab1   Thumb Code     6  stm32f10x_spi.o(.text)
    SPI_BiDirectionalLineConfig              0x08001ab7   Thumb Code    28  stm32f10x_spi.o(.text)
    SPI_I2S_GetFlagStatus                    0x08001ad3   Thumb Code    18  stm32f10x_spi.o(.text)
    SPI_I2S_ClearFlag                        0x08001ae5   Thumb Code     6  stm32f10x_spi.o(.text)
    SPI_I2S_GetITStatus                      0x08001aeb   Thumb Code    52  stm32f10x_spi.o(.text)
    SPI_I2S_ClearITPendingBit                0x08001b1f   Thumb Code    20  stm32f10x_spi.o(.text)
    TIM_DeInit                               0x08001b41   Thumb Code   424  stm32f10x_tim.o(.text)
    TIM_TimeBaseInit                         0x08001ce9   Thumb Code   122  stm32f10x_tim.o(.text)
    TIM_OC1Init                              0x08001d63   Thumb Code   132  stm32f10x_tim.o(.text)
    TIM_OC2Init                              0x08001de7   Thumb Code   154  stm32f10x_tim.o(.text)
    TIM_OC3Init                              0x08001e81   Thumb Code   150  stm32f10x_tim.o(.text)
    TIM_OC4Init                              0x08001f17   Thumb Code   182  stm32f10x_tim.o(.text)
    TIM_SetIC4Prescaler                      0x08001fcd   Thumb Code    26  stm32f10x_tim.o(.text)
    TIM_SetIC3Prescaler                      0x08002069   Thumb Code    18  stm32f10x_tim.o(.text)
    TIM_SetIC2Prescaler                      0x080020f5   Thumb Code    26  stm32f10x_tim.o(.text)
    TIM_SetIC1Prescaler                      0x08002191   Thumb Code    18  stm32f10x_tim.o(.text)
    TIM_ICInit                               0x0800220f   Thumb Code   150  stm32f10x_tim.o(.text)
    TIM_PWMIConfig                           0x080022a5   Thumb Code   124  stm32f10x_tim.o(.text)
    TIM_BDTRConfig                           0x08002321   Thumb Code    32  stm32f10x_tim.o(.text)
    TIM_TimeBaseStructInit                   0x08002341   Thumb Code    18  stm32f10x_tim.o(.text)
    TIM_OCStructInit                         0x08002353   Thumb Code    20  stm32f10x_tim.o(.text)
    TIM_ICStructInit                         0x08002367   Thumb Code    18  stm32f10x_tim.o(.text)
    TIM_BDTRStructInit                       0x08002379   Thumb Code    40  stm32f10x_tim.o(.text)
    TIM_Cmd                                  0x080023a1   Thumb Code    24  stm32f10x_tim.o(.text)
    TIM_CtrlPWMOutputs                       0x080023b9   Thumb Code    30  stm32f10x_tim.o(.text)
    TIM_ITConfig                             0x080023d7   Thumb Code    18  stm32f10x_tim.o(.text)
    TIM_GenerateEvent                        0x080023e9   Thumb Code     4  stm32f10x_tim.o(.text)
    TIM_DMAConfig                            0x080023ed   Thumb Code    10  stm32f10x_tim.o(.text)
    TIM_DMACmd                               0x080023f7   Thumb Code    18  stm32f10x_tim.o(.text)
    TIM_InternalClockConfig                  0x08002409   Thumb Code    12  stm32f10x_tim.o(.text)
    TIM_SelectInputTrigger                   0x08002415   Thumb Code    18  stm32f10x_tim.o(.text)
    TIM_ITRxExternalClockConfig              0x08002427   Thumb Code    24  stm32f10x_tim.o(.text)
    TIM_TIxExternalClockConfig               0x0800243f   Thumb Code    62  stm32f10x_tim.o(.text)
    TIM_ETRConfig                            0x0800247d   Thumb Code    28  stm32f10x_tim.o(.text)
    TIM_ETRClockMode1Config                  0x08002499   Thumb Code    54  stm32f10x_tim.o(.text)
    TIM_ETRClockMode2Config                  0x080024cf   Thumb Code    32  stm32f10x_tim.o(.text)
    TIM_PrescalerConfig                      0x080024ef   Thumb Code     6  stm32f10x_tim.o(.text)
    TIM_CounterModeConfig                    0x080024f5   Thumb Code    18  stm32f10x_tim.o(.text)
    TIM_EncoderInterfaceConfig               0x08002507   Thumb Code    66  stm32f10x_tim.o(.text)
    TIM_ForcedOC1Config                      0x08002549   Thumb Code    18  stm32f10x_tim.o(.text)
    TIM_ForcedOC2Config                      0x0800255b   Thumb Code    26  stm32f10x_tim.o(.text)
    TIM_ForcedOC3Config                      0x08002575   Thumb Code    18  stm32f10x_tim.o(.text)
    TIM_ForcedOC4Config                      0x08002587   Thumb Code    26  stm32f10x_tim.o(.text)
    TIM_ARRPreloadConfig                     0x080025a1   Thumb Code    24  stm32f10x_tim.o(.text)
    TIM_SelectCOM                            0x080025b9   Thumb Code    24  stm32f10x_tim.o(.text)
    TIM_SelectCCDMA                          0x080025d1   Thumb Code    24  stm32f10x_tim.o(.text)
    TIM_CCPreloadControl                     0x080025e9   Thumb Code    24  stm32f10x_tim.o(.text)
    TIM_OC1PreloadConfig                     0x08002601   Thumb Code    18  stm32f10x_tim.o(.text)
    TIM_OC2PreloadConfig                     0x08002613   Thumb Code    26  stm32f10x_tim.o(.text)
    TIM_OC3PreloadConfig                     0x0800262d   Thumb Code    18  stm32f10x_tim.o(.text)
    TIM_OC4PreloadConfig                     0x0800263f   Thumb Code    26  stm32f10x_tim.o(.text)
    TIM_OC1FastConfig                        0x08002659   Thumb Code    18  stm32f10x_tim.o(.text)
    TIM_OC2FastConfig                        0x0800266b   Thumb Code    26  stm32f10x_tim.o(.text)
    TIM_OC3FastConfig                        0x08002685   Thumb Code    18  stm32f10x_tim.o(.text)
    TIM_OC4FastConfig                        0x08002697   Thumb Code    26  stm32f10x_tim.o(.text)
    TIM_ClearOC1Ref                          0x080026b1   Thumb Code    18  stm32f10x_tim.o(.text)
    TIM_ClearOC2Ref                          0x080026c3   Thumb Code    24  stm32f10x_tim.o(.text)
    TIM_ClearOC3Ref                          0x080026db   Thumb Code    18  stm32f10x_tim.o(.text)
    TIM_ClearOC4Ref                          0x080026ed   Thumb Code    24  stm32f10x_tim.o(.text)
    TIM_OC1PolarityConfig                    0x08002705   Thumb Code    18  stm32f10x_tim.o(.text)
    TIM_OC1NPolarityConfig                   0x08002717   Thumb Code    18  stm32f10x_tim.o(.text)
    TIM_OC2PolarityConfig                    0x08002729   Thumb Code    26  stm32f10x_tim.o(.text)
    TIM_OC2NPolarityConfig                   0x08002743   Thumb Code    26  stm32f10x_tim.o(.text)
    TIM_OC3PolarityConfig                    0x0800275d   Thumb Code    26  stm32f10x_tim.o(.text)
    TIM_OC3NPolarityConfig                   0x08002777   Thumb Code    26  stm32f10x_tim.o(.text)
    TIM_OC4PolarityConfig                    0x08002791   Thumb Code    26  stm32f10x_tim.o(.text)
    TIM_CCxCmd                               0x080027ab   Thumb Code    30  stm32f10x_tim.o(.text)
    TIM_CCxNCmd                              0x080027c9   Thumb Code    30  stm32f10x_tim.o(.text)
    TIM_SelectOCxM                           0x080027e7   Thumb Code    82  stm32f10x_tim.o(.text)
    TIM_UpdateDisableConfig                  0x08002839   Thumb Code    24  stm32f10x_tim.o(.text)
    TIM_UpdateRequestConfig                  0x08002851   Thumb Code    24  stm32f10x_tim.o(.text)
    TIM_SelectHallSensor                     0x08002869   Thumb Code    24  stm32f10x_tim.o(.text)
    TIM_SelectOnePulseMode                   0x08002881   Thumb Code    18  stm32f10x_tim.o(.text)
    TIM_SelectOutputTrigger                  0x08002893   Thumb Code    18  stm32f10x_tim.o(.text)
    TIM_SelectSlaveMode                      0x080028a5   Thumb Code    18  stm32f10x_tim.o(.text)
    TIM_SelectMasterSlaveMode                0x080028b7   Thumb Code    18  stm32f10x_tim.o(.text)
    TIM_SetCounter                           0x080028c9   Thumb Code     4  stm32f10x_tim.o(.text)
    TIM_SetAutoreload                        0x080028cd   Thumb Code     4  stm32f10x_tim.o(.text)
    TIM_SetCompare1                          0x080028d1   Thumb Code     4  stm32f10x_tim.o(.text)
    TIM_SetCompare2                          0x080028d5   Thumb Code     4  stm32f10x_tim.o(.text)
    TIM_SetCompare3                          0x080028d9   Thumb Code     4  stm32f10x_tim.o(.text)
    TIM_SetCompare4                          0x080028dd   Thumb Code     6  stm32f10x_tim.o(.text)
    TIM_SetClockDivision                     0x080028e3   Thumb Code    18  stm32f10x_tim.o(.text)
    TIM_GetCapture1                          0x080028f5   Thumb Code     6  stm32f10x_tim.o(.text)
    TIM_GetCapture2                          0x080028fb   Thumb Code     6  stm32f10x_tim.o(.text)
    TIM_GetCapture3                          0x08002901   Thumb Code     6  stm32f10x_tim.o(.text)
    TIM_GetCapture4                          0x08002907   Thumb Code     8  stm32f10x_tim.o(.text)
    TIM_GetCounter                           0x0800290f   Thumb Code     6  stm32f10x_tim.o(.text)
    TIM_GetPrescaler                         0x08002915   Thumb Code     6  stm32f10x_tim.o(.text)
    TIM_GetFlagStatus                        0x0800291b   Thumb Code    18  stm32f10x_tim.o(.text)
    TIM_ClearFlag                            0x0800292d   Thumb Code     6  stm32f10x_tim.o(.text)
    TIM_GetITStatus                          0x08002933   Thumb Code    34  stm32f10x_tim.o(.text)
    TIM_ClearITPendingBit                    0x08002955   Thumb Code     6  stm32f10x_tim.o(.text)
    etherdev_init                            0x0800295d   Thumb Code    46  tapdev.o(.text)
    etherdev_read                            0x0800298b   Thumb Code    14  tapdev.o(.text)
    etherdev_send                            0x08002999   Thumb Code    14  tapdev.o(.text)
    timer_set                                0x080029b9   Thumb Code    16  timer.o(.text)
    timer_reset                              0x080029c9   Thumb Code    10  timer.o(.text)
    timer_restart                            0x080029d3   Thumb Code    12  timer.o(.text)
    timer_expired                            0x080029df   Thumb Code    26  timer.o(.text)
    uip_setipid                              0x080029f9   Thumb Code     6  uip.o(.text)
    uip_log                                  0x080029ff   Thumb Code     2  uip.o(.text)
    uip_add32                                0x08002a01   Thumb Code   106  uip.o(.text)
    htons                                    0x08002ab1   Thumb Code    12  uip.o(.text)
    uip_chksum                               0x08002abd   Thumb Code    24  uip.o(.text)
    uip_ipchksum                             0x08002ad5   Thumb Code    30  uip.o(.text)
    uip_tcpchksum                            0x08002b37   Thumb Code    10  uip.o(.text)
    uip_udpchksum                            0x08002b41   Thumb Code    10  uip.o(.text)
    uip_init                                 0x08002b4b   Thumb Code    96  uip.o(.text)
    uip_connect                              0x08002bab   Thumb Code   262  uip.o(.text)
    uip_unlisten                             0x08002cb1   Thumb Code    58  uip.o(.text)
    uip_listen                               0x08002ceb   Thumb Code    54  uip.o(.text)
    uip_process                              0x08002d5b   Thumb Code  3996  uip.o(.text)
    uip_send                                 0x08003cf7   Thumb Code    38  uip.o(.text)
    uip_arp_init                             0x08003d3d   Thumb Code    46  uip_arp.o(.text)
    uip_arp_timer                            0x08003d6b   Thumb Code    76  uip_arp.o(.text)
    uip_arp_arpin                            0x08003ec7   Thumb Code   216  uip_arp.o(.text)
    uip_arp_out                              0x08003f9f   Thumb Code   366  uip_arp.o(.text)
    httpd_appcall                            0x080047e9   Thumb Code   148  httpd.o(.text)
    httpd_init                               0x0800487d   Thumb Code    12  httpd.o(.text)
    clock_time                               0x080048b1   Thumb Code     6  clock-arch.o(.text)
    psock_send                               0x08004a57   Thumb Code   108  psock.o(.text)
    psock_generator_send                     0x08004ac3   Thumb Code   130  psock.o(.text)
    psock_datalen                            0x08004b45   Thumb Code    12  psock.o(.text)
    psock_newdata                            0x08004b51   Thumb Code    48  psock.o(.text)
    psock_readto                             0x08004b81   Thumb Code   140  psock.o(.text)
    psock_readbuf                            0x08004c0d   Thumb Code   142  psock.o(.text)
    psock_init                               0x08004c9b   Thumb Code    40  psock.o(.text)
    httpd_cgi                                0x08004d01   Thumb Code    50  httpd-cgi.o(.text)
    httpd_fs_open                            0x08004f95   Thumb Code    66  httpd-fs.o(.text)
    httpd_fs_init                            0x08004fd7   Thumb Code    22  httpd-fs.o(.text)
    httpd_fs_count                           0x08004fed   Thumb Code    42  httpd-fs.o(.text)
    __aeabi_memcpy                           0x08005021   Thumb Code    36  memcpya.o(.text)
    __aeabi_memcpy4                          0x08005021   Thumb Code     0  memcpya.o(.text)
    __aeabi_memcpy8                          0x08005021   Thumb Code     0  memcpya.o(.text)
    __aeabi_memset                           0x08005045   Thumb Code    14  memseta.o(.text)
    __aeabi_memset4                          0x08005045   Thumb Code     0  memseta.o(.text)
    __aeabi_memset8                          0x08005045   Thumb Code     0  memseta.o(.text)
    __aeabi_memclr                           0x08005053   Thumb Code     4  memseta.o(.text)
    __aeabi_memclr4                          0x08005053   Thumb Code     0  memseta.o(.text)
    __aeabi_memclr8                          0x08005053   Thumb Code     0  memseta.o(.text)
    _memset$wrapper                          0x08005057   Thumb Code    18  memseta.o(.text)
    strncpy                                  0x08005069   Thumb Code    24  strncpy.o(.text)
    strchr                                   0x08005081   Thumb Code    20  strchr.o(.text)
    strlen                                   0x08005095   Thumb Code    14  strlen.o(.text)
    strcpy                                   0x080050a3   Thumb Code    18  strcpy.o(.text)
    strncmp                                  0x080050b5   Thumb Code    30  strncmp.o(.text)
    strrchr                                  0x080050d3   Thumb Code    32  strrchr.o(.text)
    __aeabi_uidiv                            0x080050f3   Thumb Code     0  uidiv.o(.text)
    __aeabi_uidivmod                         0x080050f3   Thumb Code    44  uidiv.o(.text)
    __scatterload                            0x08005121   Thumb Code    28  init.o(.text)
    __scatterload_rt2                        0x08005121   Thumb Code     0  init.o(.text)
    __I$use$semihosting$fputc                0x08005145   Thumb Code     0  iusesemip.o(.text)
    __decompress                             0x08005145   Thumb Code     0  __dclz77c.o(.text)
    __decompress2                            0x08005145   Thumb Code    96  __dclz77c.o(.text)
    __semihosting_library_function           0x08005145   Thumb Code     0  semi.o(.text)
    __0printf$6                              0x080051a5   Thumb Code    22  printf6.o(i.__0printf$6)
    __1printf$6                              0x080051a5   Thumb Code     0  printf6.o(i.__0printf$6)
    __2printf                                0x080051a5   Thumb Code     0  printf6.o(i.__0printf$6)
    __0snprintf$6                            0x080051c5   Thumb Code    36  printf6.o(i.__0snprintf$6)
    __1snprintf$6                            0x080051c5   Thumb Code     0  printf6.o(i.__0snprintf$6)
    __2snprintf                              0x080051c5   Thumb Code     0  printf6.o(i.__0snprintf$6)
    __scatterload_copy                       0x080051ed   Thumb Code    14  handlers.o(i.__scatterload_copy)
    __scatterload_null                       0x080051fb   Thumb Code     2  handlers.o(i.__scatterload_null)
    __scatterload_zeroinit                   0x080051fd   Thumb Code    14  handlers.o(i.__scatterload_zeroinit)
    fputc                                    0x0800556d   Thumb Code    18  fputc.o(i.fputc)
    mymac                                    0x0800557e   Data           6  tapdev.o(.constdata)
    file_processes_shtml                     0x08006878   Data          20  httpd-fs.o(.constdata)
    file_404_html                            0x0800688c   Data          20  httpd-fs.o(.constdata)
    file_files_shtml                         0x080068a0   Data          20  httpd-fs.o(.constdata)
    file_footer_html                         0x080068b4   Data          20  httpd-fs.o(.constdata)
    file_header_html                         0x080068c8   Data          20  httpd-fs.o(.constdata)
    file_index_html                          0x080068dc   Data          20  httpd-fs.o(.constdata)
    file_style_css                           0x080068f0   Data          20  httpd-fs.o(.constdata)
    file_tcp_shtml                           0x08006904   Data          20  httpd-fs.o(.constdata)
    file_fade_png                            0x08006918   Data          20  httpd-fs.o(.constdata)
    file_stats_shtml                         0x0800692c   Data          20  httpd-fs.o(.constdata)
    http_http                                0x08006940   Data           8  http-strings.o(.constdata)
    http_200                                 0x08006948   Data           5  http-strings.o(.constdata)
    http_301                                 0x0800694d   Data           5  http-strings.o(.constdata)
    http_302                                 0x08006952   Data           5  http-strings.o(.constdata)
    http_get                                 0x08006957   Data           5  http-strings.o(.constdata)
    http_10                                  0x0800695c   Data           9  http-strings.o(.constdata)
    http_11                                  0x08006965   Data           9  http-strings.o(.constdata)
    http_content_type                        0x0800696e   Data          15  http-strings.o(.constdata)
    http_texthtml                            0x0800697d   Data          10  http-strings.o(.constdata)
    http_location                            0x08006987   Data          11  http-strings.o(.constdata)
    http_host                                0x08006992   Data           7  http-strings.o(.constdata)
    http_crnl                                0x08006999   Data           3  http-strings.o(.constdata)
    http_index_html                          0x0800699c   Data          12  http-strings.o(.constdata)
    http_404_html                            0x080069a8   Data          10  http-strings.o(.constdata)
    http_referer                             0x080069b2   Data           9  http-strings.o(.constdata)
    http_header_200                          0x080069bb   Data          84  http-strings.o(.constdata)
    http_header_404                          0x08006a0f   Data          91  http-strings.o(.constdata)
    http_content_type_plain                  0x08006a6a   Data          29  http-strings.o(.constdata)
    http_content_type_html                   0x08006a87   Data          28  http-strings.o(.constdata)
    http_content_type_css                    0x08006aa3   Data          27  http-strings.o(.constdata)
    http_content_type_text                   0x08006abe   Data          28  http-strings.o(.constdata)
    http_content_type_png                    0x08006ada   Data          28  http-strings.o(.constdata)
    http_content_type_gif                    0x08006af6   Data          28  http-strings.o(.constdata)
    http_content_type_jpg                    0x08006b12   Data          29  http-strings.o(.constdata)
    http_content_type_binary                 0x08006b2f   Data          43  http-strings.o(.constdata)
    http_html                                0x08006b5a   Data           6  http-strings.o(.constdata)
    http_shtml                               0x08006b60   Data           7  http-strings.o(.constdata)
    http_htm                                 0x08006b67   Data           5  http-strings.o(.constdata)
    http_css                                 0x08006b6c   Data           5  http-strings.o(.constdata)
    http_png                                 0x08006b71   Data           5  http-strings.o(.constdata)
    http_gif                                 0x08006b76   Data           5  http-strings.o(.constdata)
    http_jpg                                 0x08006b7b   Data           5  http-strings.o(.constdata)
    http_text                                0x08006b80   Data           5  http-strings.o(.constdata)
    http_txt                                 0x08006b85   Data           5  http-strings.o(.constdata)
    Region$$Table$$Base                      0x08006bb0   Number         0  anon$$obj.o(Region$$Table)
    Region$$Table$$Limit                     0x08006bd0   Number         0  anon$$obj.o(Region$$Table)
    tick_cnt                                 0x20000000   Data           4  stm32f10x_it.o(.data)
    SystemCoreClock                          0x20000004   Data           4  system_stm32f10x.o(.data)
    AHBPrescTable                            0x20000008   Data          16  system_stm32f10x.o(.data)
    TxBuf                                    0x20000018   Data          17  usart.o(.data)
    uip_ethaddr                              0x20000048   Data           6  uip.o(.data)
    uip_hostaddr                             0x2000004e   Data           4  uip.o(.data)
    uip_draddr                               0x20000052   Data           4  uip.o(.data)
    uip_netmask                              0x20000056   Data           4  uip.o(.data)
    uip_appdata                              0x2000005c   Data           4  uip.o(.data)
    uip_sappdata                             0x20000060   Data           4  uip.o(.data)
    uip_len                                  0x20000064   Data           2  uip.o(.data)
    uip_slen                                 0x20000066   Data           2  uip.o(.data)
    uip_flags                                0x20000068   Data           1  uip.o(.data)
    uip_conn                                 0x2000006c   Data           4  uip.o(.data)
    uip_acc32                                0x20000078   Data           4  uip.o(.data)
    data_index_html                          0x200000bc   Data        1673  httpd-fs.o(.data)
    __stdout                                 0x20000748   Data           4  stdout.o(.data)
    uip_buf                                  0x2000074c   Data         422  uip.o(.bss)
    uip_conns                                0x200008f4   Data        8160  uip.o(.bss)
    uip_listenports                          0x200028d4   Data          80  uip.o(.bss)
    uip_stat                                 0x20002924   Data          44  uip.o(.bss)
    __initial_sp                             0x20002dc8   Data           0  startup_stm32f10x_hd.o(STACK)



==============================================================================

Memory Map of the image

  Image Entry point : 0x08000131

  Load Region LR_IROM1 (Base: 0x08000000, Size: 0x0000731c, Max: 0x00040000, ABSOLUTE, COMPRESSED[0x00006fc0])

    Execution Region ER_IROM1 (Base: 0x08000000, Size: 0x00006bd0, Max: 0x00040000, ABSOLUTE)

    Base Addr    Size         Type   Attr      Idx    E Section Name        Object

    0x08000000   0x00000130   Data   RO           19    RESET               startup_stm32f10x_hd.o
    0x08000130   0x00000000   Code   RO          655  * .ARM.Collect$$$$00000000  mc_w.l(entry.o)
    0x08000130   0x00000004   Code   RO          937    .ARM.Collect$$$$00000001  mc_w.l(entry2.o)
    0x08000134   0x00000004   Code   RO          940    .ARM.Collect$$$$00000004  mc_w.l(entry5.o)
    0x08000138   0x00000000   Code   RO          942    .ARM.Collect$$$$00000008  mc_w.l(entry7b.o)
    0x08000138   0x00000000   Code   RO          944    .ARM.Collect$$$$0000000A  mc_w.l(entry8b.o)
    0x08000138   0x00000008   Code   RO          945    .ARM.Collect$$$$0000000B  mc_w.l(entry9a.o)
    0x08000140   0x00000000   Code   RO          947    .ARM.Collect$$$$0000000D  mc_w.l(entry10a.o)
    0x08000140   0x00000000   Code   RO          949    .ARM.Collect$$$$0000000F  mc_w.l(entry11a.o)
    0x08000140   0x00000004   Code   RO          938    .ARM.Collect$$$$00002712  mc_w.l(entry2.o)
    0x08000144   0x00000024   Code   RO           20    .text               startup_stm32f10x_hd.o
    0x08000168   0x00000238   Code   RO           24    .text               main.o
    0x080003a0   0x00000098   Code   RO          169    .text               stm32f10x_it.o
    0x08000438   0x000001dc   Code   RO          187    .text               system_stm32f10x.o
    0x08000614   0x00000120   Code   RO          205    .text               usart.o
    0x08000734   0x00000520   Code   RO          246    .text               spi_enc28j60.o
    0x08000c54   0x000000dc   Code   RO          263    .text               misc.o
    0x08000d30   0x00000358   Code   RO          311    .text               stm32f10x_gpio.o
    0x08001088   0x000003a4   Code   RO          335    .text               stm32f10x_rcc.o
    0x0800142c   0x00000408   Code   RO          349    .text               stm32f10x_usart.o
    0x08001834   0x0000030c   Code   RO          361    .text               stm32f10x_spi.o
    0x08001b40   0x00000e1a   Code   RO          373    .text               stm32f10x_tim.o
    0x0800295a   0x00000002   PAD
    0x0800295c   0x0000005c   Code   RO          385    .text               tapdev.o
    0x080029b8   0x00000040   Code   RO          404    .text               timer.o
    0x080029f8   0x00001344   Code   RO          422    .text               uip.o
    0x08003d3c   0x0000040c   Code   RO          455    .text               uip_arp.o
    0x08004148   0x00000768   Code   RO          479    .text               httpd.o
    0x080048b0   0x0000000c   Code   RO          496    .text               clock-arch.o
    0x080048bc   0x0000042c   Code   RO          512    .text               psock.o
    0x08004ce8   0x0000027c   Code   RO          596    .text               httpd-cgi.o
    0x08004f64   0x000000bc   Code   RO          612    .text               httpd-fs.o
    0x08005020   0x00000024   Code   RO          658    .text               mc_w.l(memcpya.o)
    0x08005044   0x00000024   Code   RO          660    .text               mc_w.l(memseta.o)
    0x08005068   0x00000018   Code   RO          662    .text               mc_w.l(strncpy.o)
    0x08005080   0x00000014   Code   RO          664    .text               mc_w.l(strchr.o)
    0x08005094   0x0000000e   Code   RO          666    .text               mc_w.l(strlen.o)
    0x080050a2   0x00000012   Code   RO          668    .text               mc_w.l(strcpy.o)
    0x080050b4   0x0000001e   Code   RO          670    .text               mc_w.l(strncmp.o)
    0x080050d2   0x00000020   Code   RO          672    .text               mc_w.l(strrchr.o)
    0x080050f2   0x0000002c   Code   RO          954    .text               mc_w.l(uidiv.o)
    0x0800511e   0x00000002   PAD
    0x08005120   0x00000024   Code   RO          969    .text               mc_w.l(init.o)
    0x08005144   0x00000000   Code   RO          971    .text               mc_w.l(semi.o)
    0x08005144   0x00000000   Code   RO          978    .text               mc_w.l(iusesemip.o)
    0x08005144   0x00000060   Code   RO          989    .text               mc_w.l(__dclz77c.o)
    0x080051a4   0x00000020   Code   RO          831    i.__0printf$6       mc_w.l(printf6.o)
    0x080051c4   0x00000028   Code   RO          832    i.__0snprintf$6     mc_w.l(printf6.o)
    0x080051ec   0x0000000e   Code   RO          983    i.__scatterload_copy  mc_w.l(handlers.o)
    0x080051fa   0x00000002   Code   RO          984    i.__scatterload_null  mc_w.l(handlers.o)
    0x080051fc   0x0000000e   Code   RO          985    i.__scatterload_zeroinit  mc_w.l(handlers.o)
    0x0800520a   0x00000002   PAD
    0x0800520c   0x000002f4   Code   RO          838    i._printf_core      mc_w.l(printf6.o)
    0x08005500   0x00000026   Code   RO          839    i._printf_post_padding  mc_w.l(printf6.o)
    0x08005526   0x00000030   Code   RO          840    i._printf_pre_padding  mc_w.l(printf6.o)
    0x08005556   0x00000016   Code   RO          841    i._snputc           mc_w.l(printf6.o)
    0x0800556c   0x00000012   Code   RO          951    i.fputc             mc_w.l(fputc.o)
    0x0800557e   0x00000006   Data   RO          386    .constdata          tapdev.o
    0x08005584   0x00000004   Data   RO          424    .constdata          uip.o
    0x08005588   0x0000000a   Data   RO          457    .constdata          uip_arp.o
    0x08005592   0x00000002   PAD
    0x08005594   0x000000cd   Data   RO          597    .constdata          httpd-cgi.o
    0x08005661   0x00000003   PAD
    0x08005664   0x000012dc   Data   RO          614    .constdata          httpd-fs.o
    0x08006940   0x0000024a   Data   RO          648    .constdata          http-strings.o
    0x08006b8a   0x00000025   Data   RO          598    .conststring        httpd-cgi.o
    0x08006baf   0x00000001   PAD
    0x08006bb0   0x00000020   Data   RO          981    Region$$Table       anon$$obj.o


    Execution Region RW_IRAM1 (Base: 0x20000000, Size: 0x00002dc8, Max: 0x0000c000, ABSOLUTE, COMPRESSED[0x000003f0])

    Base Addr    Size         Type   Attr      Idx    E Section Name        Object

    0x20000000   0x00000004   Data   RW          170    .data               stm32f10x_it.o
    0x20000004   0x00000014   Data   RW          188    .data               system_stm32f10x.o
    0x20000018   0x00000011   Data   RW          206    .data               usart.o
    0x20000029   0x00000003   PAD
    0x2000002c   0x00000008   Data   RW          247    .data               spi_enc28j60.o
    0x20000034   0x00000014   Data   RW          336    .data               stm32f10x_rcc.o
    0x20000048   0x00000038   Data   RW          425    .data               uip.o
    0x20000080   0x00000008   Data   RW          458    .data               uip_arp.o
    0x20000088   0x00000034   Data   RW          599    .data               httpd-cgi.o
    0x200000bc   0x00000689   Data   RW          615    .data               httpd-fs.o
    0x20000745   0x00000003   PAD
    0x20000748   0x00000004   Data   RW          953    .data               mc_w.l(stdout.o)
    0x2000074c   0x00002204   Zero   RW          423    .bss                uip.o
    0x20002950   0x00000060   Zero   RW          456    .bss                uip_arp.o
    0x200029b0   0x00000014   Zero   RW          613    .bss                httpd-fs.o
    0x200029c4   0x00000004   PAD
    0x200029c8   0x00000400   Zero   RW           17    STACK               startup_stm32f10x_hd.o


==============================================================================

Image component sizes


      Code (inc. data)   RO Data    RW Data    ZI Data      Debug   Object Name

        12          6          0          0          0        625   clock-arch.o
         0          0          0          0          0       4244   core_cm3.o
         0          0        586          0          0       2045   http-strings.o
       636         54        242         52          0       3204   httpd-cgi.o
       188         10       4828       1673         20       3954   httpd-fs.o
      1896        100          0          0          0       4435   httpd.o
       568         34          0          0          0     267612   main.o
       220         20          0          0          0       1613   misc.o
      1068         38          0          0          0       4428   psock.o
      1312         24          0          8          0       4237   spi_enc28j60.o
        36          8        304          0       1024        704   startup_stm32f10x_hd.o
       856         40          0          0          0       5461   stm32f10x_gpio.o
       152         18          0          4          0       1667   stm32f10x_it.o
       932         44          0         20          0       8544   stm32f10x_rcc.o
       780         14          0          0          0       6338   stm32f10x_spi.o
      3610         88          0          0          0      21944   stm32f10x_tim.o
      1032         22          0          0          0       8184   stm32f10x_usart.o
       476         36          0         20          0       1535   system_stm32f10x.o
        92         18          6          0          0       1198   tapdev.o
        64          0          0          0          0       1440   timer.o
      4932 