ARM Linker, 5.03 [Build 24] [MDK-ARM Lite]

==============================================================================

Section Cross References

    startup_stm32f10x_hd.o(RESET) refers to startup_stm32f10x_hd.o(STACK) for __initial_sp
    startup_stm32f10x_hd.o(RESET) refers to startup_stm32f10x_hd.o(.text) for Reset_Handler
    startup_stm32f10x_hd.o(RESET) refers to stm32f10x_it.o(.text) for NMI_Handler
    startup_stm32f10x_hd.o(.text) refers to system_stm32f10x.o(.text) for SystemInit
    startup_stm32f10x_hd.o(.text) refers to entry.o(.ARM.Collect$$$$00000000) for __main
    main.o(.text) refers to stm32f10x_rcc.o(.text) for RCC_APB2PeriphClockCmd
    main.o(.text) refers to stm32f10x_gpio.o(.text) for GPIO_Init
    main.o(.text) refers to misc.o(.text) for NVIC_PriorityGroupConfig
    main.o(.text) refers to stm32f10x_tim.o(.text) for TIM_DeInit
    main.o(.text) refers to system_stm32f10x.o(.text) for SystemInit
    main.o(.text) refers to usart.o(.text) for USART1_Config
    main.o(.text) refers to spi_enc28j60.o(.text) for SPI2_Init
    main.o(.text) refers to timer.o(.text) for timer_set
    main.o(.text) refers to tapdev.o(.text) for etherdev_init
    main.o(.text) refers to uip.o(.text) for uip_init
    main.o(.text) refers to uip_arp.o(.text) for uip_arp_init
    main.o(.text) refers to hello-world.o(.text) for hello_world_init
    main.o(.text) refers to uip.o(.data) for uip_hostaddr
    main.o(.text) refers to uip.o(.bss) for uip_buf
    stm32f10x_it.o(.text) refers to stm32f10x_gpio.o(.text) for GPIO_ResetBits
    stm32f10x_it.o(.text) refers to main.o(.text) for Delay
    stm32f10x_it.o(.text) refers to stm32f10x_usart.o(.text) for USART_GetFlagStatus
    stm32f10x_it.o(.text) refers to stm32f10x_tim.o(.text) for TIM_GetITStatus
    stm32f10x_it.o(.text) refers to stm32f10x_it.o(.data) for tick_cnt
    system_stm32f10x.o(.text) refers to system_stm32f10x.o(.data) for SystemCoreClock
    usart.o(.text) refers to stm32f10x_rcc.o(.text) for RCC_APB2PeriphClockCmd
    usart.o(.text) refers to stm32f10x_gpio.o(.text) for GPIO_Init
    usart.o(.text) refers to stm32f10x_usart.o(.text) for USART_Init
    usart.o(.text) refers to usart.o(.data) for TxBuf
    spi_enc28j60.o(.text) refers to stm32f10x_rcc.o(.text) for RCC_APB2PeriphClockCmd
    spi_enc28j60.o(.text) refers to stm32f10x_gpio.o(.text) for GPIO_Init
    spi_enc28j60.o(.text) refers to stm32f10x_spi.o(.text) for SPI_Init
    spi_enc28j60.o(.text) refers to main.o(.text) for Delay
    spi_enc28j60.o(.text) refers to spi_enc28j60.o(.data) for Enc28j60Bank
    stm32f10x_cec.o(.text) refers to stm32f10x_rcc.o(.text) for RCC_APB1PeriphResetCmd
    stm32f10x_gpio.o(.text) refers to stm32f10x_rcc.o(.text) for RCC_APB2PeriphResetCmd
    stm32f10x_pwr.o(.text) refers to stm32f10x_rcc.o(.text) for RCC_APB1PeriphResetCmd
    stm32f10x_rcc.o(.text) refers to stm32f10x_rcc.o(.data) for APBAHBPrescTable
    stm32f10x_usart.o(.text) refers to stm32f10x_rcc.o(.text) for RCC_APB2PeriphResetCmd
    stm32f10x_spi.o(.text) refers to stm32f10x_rcc.o(.text) for RCC_APB2PeriphResetCmd
    stm32f10x_tim.o(.text) refers to stm32f10x_rcc.o(.text) for RCC_APB2PeriphResetCmd
    tapdev.o(.text) refers to spi_enc28j60.o(.text) for ENC28J60_Init
    tapdev.o(.text) refers to tapdev.o(.constdata) for mymac
    tapdev.o(.text) refers to uip.o(.data) for uip_ethaddr
    tapdev.o(.text) refers to uip.o(.bss) for uip_buf
    timer.o(.text) refers to clock-arch.o(.text) for clock_time
    uip.o(.text) refers to hello-world.o(.text) for hello_world_appcall
    uip.o(.text) refers to uip.o(.data) for ipid
    uip.o(.text) refers to uip.o(.bss) for uip_buf
    uip.o(.text) refers to uip.o(.constdata) for all_zeroes_addr
    uip.o(.text) refers to memcpya.o(.text) for __aeabi_memcpy
    uip_arp.o(.text) refers to memseta.o(.text) for __aeabi_memset
    uip_arp.o(.text) refers to uip_arp.o(.data) for i
    uip_arp.o(.text) refers to uip_arp.o(.bss) for arp_table
    uip_arp.o(.text) refers to uip.o(.data) for uip_len
    uip_arp.o(.text) refers to uip.o(.bss) for uip_buf
    uip_arp.o(.text) refers to uip_arp.o(.constdata) for broadcast_ipaddr
    clock-arch.o(.text) refers to stm32f10x_it.o(.data) for tick_cnt
    psock.o(.text) refers to memcpya.o(.text) for __aeabi_memcpy
    psock.o(.text) refers to uip.o(.text) for uip_send
    psock.o(.text) refers to printfb.o(i.__0printf$bare) for __2printf
    psock.o(.text) refers to uip.o(.data) for uip_flags
    uip-fw.o(.text) refers to memcpya.o(.text) for __aeabi_memcpy
    uip-fw.o(.text) refers to uip.o(.text) for uip_chksum
    uip-fw.o(.text) refers to uip-fw.o(.data) for defaultnetif
    uip-fw.o(.text) refers to uip.o(.bss) for uip_buf
    uip-fw.o(.text) refers to uip.o(.data) for uip_len
    uip-fw.o(.text) refers to uip-fw.o(.bss) for fwcache
    uip-neighbor.o(.text) refers to uip-neighbor.o(.bss) for entries
    uip-split.o(.text) refers to uip.o(.text) for uip_tcpchksum
    uip-split.o(.text) refers to uip-fw.o(.text) for uip_fw_output
    uip-split.o(.text) refers to memcpya.o(.text) for __aeabi_memcpy
    uip-split.o(.text) refers to uip.o(.bss) for uip_buf
    uip-split.o(.text) refers to uip.o(.data) for uip_len
    hello-world.o(.text) refers to uip.o(.text) for uip_listen
    hello-world.o(.text) refers to psock.o(.text) for psock_send
    hello-world.o(.text) refers to strncpy.o(.text) for strncpy
    hello-world.o(.text) refers to strlen.o(.text) for strlen
    hello-world.o(.text) refers to usart.o(.text) for USART_Print
    hello-world.o(.text) refers to uip.o(.data) for uip_flags
    entry.o(.ARM.Collect$$$$00000000) refers (Special) to entry10a.o(.ARM.Collect$$$$0000000D) for __rt_final_cpp
    entry.o(.ARM.Collect$$$$00000000) refers (Special) to entry11a.o(.ARM.Collect$$$$0000000F) for __rt_final_exit
    entry.o(.ARM.Collect$$$$00000000) refers (Special) to entry7b.o(.ARM.Collect$$$$00000008) for _main_clock
    entry.o(.ARM.Collect$$$$00000000) refers (Special) to entry8b.o(.ARM.Collect$$$$0000000A) for _main_cpp_init
    entry.o(.ARM.Collect$$$$00000000) refers (Special) to entry9a.o(.ARM.Collect$$$$0000000B) for _main_init
    entry.o(.ARM.Collect$$$$00000000) refers (Special) to entry5.o(.ARM.Collect$$$$00000004) for _main_scatterload
    entry.o(.ARM.Collect$$$$00000000) refers (Special) to entry2.o(.ARM.Collect$$$$00000001) for _main_stk
    printfb.o(i.__0fprintf$bare) refers to printfb.o(i._printf_core) for _printf_core
    printfb.o(i.__0fprintf$bare) refers to fputc.o(i.fputc) for fputc
    printfb.o(i.__0printf$bare) refers to printfb.o(i._printf_core) for _printf_core
    printfb.o(i.__0printf$bare) refers to fputc.o(i.fputc) for fputc
    printfb.o(i.__0printf$bare) refers to stdout.o(.data) for __stdout
    printfb.o(i.__0snprintf$bare) refers to printfb.o(i._printf_core) for _printf_core
    printfb.o(i.__0snprintf$bare) refers to printfb.o(i._snputc) for _snputc
    printfb.o(i.__0sprintf$bare) refers to printfb.o(i._printf_core) for _printf_core
    printfb.o(i.__0sprintf$bare) refers to printfb.o(i._sputc) for _sputc
    printfb.o(i.__0vfprintf$bare) refers to printfb.o(i._printf_core) for _printf_core
    printfb.o(i.__0vfprintf$bare) refers to fputc.o(i.fputc) for fputc
    printfb.o(i.__0vprintf$bare) refers to printfb.o(i._printf_core) for _printf_core
    printfb.o(i.__0vprintf$bare) refers to fputc.o(i.fputc) for fputc
    printfb.o(i.__0vprintf$bare) refers to stdout.o(.data) for __stdout
    printfb.o(i.__0vsnprintf$bare) refers to printfb.o(i._printf_core) for _printf_core
    printfb.o(i.__0vsnprintf$bare) refers to printfb.o(i._snputc) for _snputc
    printfb.o(i.__0vsprintf$bare) refers to printfb.o(i._printf_core) for _printf_core
    printfb.o(i.__0vsprintf$bare) refers to printfb.o(i._sputc) for _sputc
    printf0.o(i.__0fprintf$0) refers to printf0.o(i._printf_core) for _printf_core
    printf0.o(i.__0fprintf$0) refers to fputc.o(i.fputc) for fputc
    printf0.o(i.__0printf$0) refers to printf0.o(i._printf_core) for _printf_core
    printf0.o(i.__0printf$0) refers to fputc.o(i.fputc) for fputc
    printf0.o(i.__0printf$0) refers to stdout.o(.data) for __stdout
    printf0.o(i.__0snprintf$0) refers to printf0.o(i._printf_core) for _printf_core
    printf0.o(i.__0snprintf$0) refers to printf0.o(i._snputc) for _snputc
    printf0.o(i.__0sprintf$0) refers to printf0.o(i._printf_core) for _printf_core
    printf0.o(i.__0sprintf$0) refers to printf0.o(i._sputc) for _sputc
    printf0.o(i.__0vfprintf$0) refers to printf0.o(i._printf_core) for _printf_core
    printf0.o(i.__0vfprintf$0) refers to fputc.o(i.fputc) for fputc
    printf0.o(i.__0vprintf$0) refers to printf0.o(i._printf_core) for _printf_core
    printf0.o(i.__0vprintf$0) refers to fputc.o(i.fputc) for fputc
    printf0.o(i.__0vprintf$0) refers to stdout.o(.data) for __stdout
    printf0.o(i.__0vsnprintf$0) refers to printf0.o(i._printf_core) for _printf_core
    printf0.o(i.__0vsnprintf$0) refers to printf0.o(i._snputc) for _snputc
    printf0.o(i.__0vsprintf$0) refers to printf0.o(i._printf_core) for _printf_core
    printf0.o(i.__0vsprintf$0) refers to printf0.o(i._sputc) for _sputc
    printf1.o(i.__0fprintf$1) refers to printf1.o(i._printf_core) for _printf_core
    printf1.o(i.__0fprintf$1) refers to fputc.o(i.fputc) for fputc
    printf1.o(i.__0printf$1) refers to printf1.o(i._printf_core) for _printf_core
    printf1.o(i.__0printf$1) refers to fputc.o(i.fputc) for fputc
    printf1.o(i.__0printf$1) refers to stdout.o(.data) for __stdout
    printf1.o(i.__0snprintf$1) refers to printf1.o(i._printf_core) for _printf_core
    printf1.o(i.__0snprintf$1) refers to printf1.o(i._snputc) for _snputc
    printf1.o(i.__0sprintf$1) refers to printf1.o(i._printf_core) for _printf_core
    printf1.o(i.__0sprintf$1) refers to printf1.o(i._sputc) for _sputc
    printf1.o(i.__0vfprintf$1) refers to printf1.o(i._printf_core) for _printf_core
    printf1.o(i.__0vfprintf$1) refers to fputc.o(i.fputc) for fputc
    printf1.o(i.__0vprintf$1) refers to printf1.o(i._printf_core) for _printf_core
    printf1.o(i.__0vprintf$1) refers to fputc.o(i.fputc) for fputc
    printf1.o(i.__0vprintf$1) refers to stdout.o(.data) for __stdout
    printf1.o(i.__0vsnprintf$1) refers to printf1.o(i._printf_core) for _printf_core
    printf1.o(i.__0vsnprintf$1) refers to printf1.o(i._snputc) for _snputc
    printf1.o(i.__0vsprintf$1) refers to printf1.o(i._printf_core) for _printf_core
    printf1.o(i.__0vsprintf$1) refers to printf1.o(i._sputc) for _sputc
    printf1.o(i._printf_core) refers to uidiv.o(.text) for __aeabi_uidivmod
    printf2.o(i.__0fprintf$2) refers to printf2.o(i._printf_core) for _printf_core
    printf2.o(i.__0fprintf$2) refers to fputc.o(i.fputc) for fputc
    printf2.o(i.__0printf$2) refers to printf2.o(i._printf_core) for _printf_core
    printf2.o(i.__0printf$2) refers to fputc.o(i.fputc) for fputc
    printf2.o(i.__0printf$2) refers to stdout.o(.data) for __stdout
    printf2.o(i.__0snprintf$2) refers to printf2.o(i._printf_core) for _printf_core
    printf2.o(i.__0snprintf$2) refers to printf2.o(i._snputc) for _snputc
    printf2.o(i.__0sprintf$2) refers to printf2.o(i._printf_core) for _printf_core
    printf2.o(i.__0sprintf$2) refers to printf2.o(i._sputc) for _sputc
    printf2.o(i.__0vfprintf$2) refers to printf2.o(i._printf_core) for _printf_core
    printf2.o(i.__0vfprintf$2) refers to fputc.o(i.fputc) for fputc
    printf2.o(i.__0vprintf$2) refers to printf2.o(i._printf_core) for _printf_core
    printf2.o(i.__0vprintf$2) refers to fputc.o(i.fputc) for fputc
    printf2.o(i.__0vprintf$2) refers to stdout.o(.data) for __stdout
    printf2.o(i.__0vsnprintf$2) refers to printf2.o(i._printf_core) for _printf_core
    printf2.o(i.__0vsnprintf$2) refers to printf2.o(i._snputc) for _snputc
    printf2.o(i.__0vsprintf$2) refers to printf2.o(i._printf_core) for _printf_core
    printf2.o(i.__0vsprintf$2) refers to printf2.o(i._sputc) for _sputc
    printf3.o(i.__0fprintf$3) refers to printf3.o(i._printf_core) for _printf_core
    printf3.o(i.__0fprintf$3) refers to fputc.o(i.fputc) for fputc
    printf3.o(i.__0printf$3) refers to printf3.o(i._printf_core) for _printf_core
    printf3.o(i.__0printf$3) refers to fputc.o(i.fputc) for fputc
    printf3.o(i.__0printf$3) refers to stdout.o(.data) for __stdout
    printf3.o(i.__0snprintf$3) refers to printf3.o(i._printf_core) for _printf_core
    printf3.o(i.__0snprintf$3) refers to printf3.o(i._snputc) for _snputc
    printf3.o(i.__0sprintf$3) refers to printf3.o(i._printf_core) for _printf_core
    printf3.o(i.__0sprintf$3) refers to printf3.o(i._sputc) for _sputc
    printf3.o(i.__0vfprintf$3) refers to printf3.o(i._printf_core) for _printf_core
    printf3.o(i.__0vfprintf$3) refers to fputc.o(i.fputc) for fputc
    printf3.o(i.__0vprintf$3) refers to printf3.o(i._printf_core) for _printf_core
    printf3.o(i.__0vprintf$3) refers to fputc.o(i.fputc) for fputc
    printf3.o(i.__0vprintf$3) refers to stdout.o(.data) for __stdout
    printf3.o(i.__0vsnprintf$3) refers to printf3.o(i._printf_core) for _printf_core
    printf3.o(i.__0vsnprintf$3) refers to printf3.o(i._snputc) for _snputc
    printf3.o(i.__0vsprintf$3) refers to printf3.o(i._printf_core) for _printf_core
    printf3.o(i.__0vsprintf$3) refers to printf3.o(i._sputc) for _sputc
    printf3.o(i._printf_core) refers to uidiv.o(.text) for __aeabi_uidivmod
    printf4.o(i.__0fprintf$4) refers to printf4.o(i._printf_core) for _printf_core
    printf4.o(i.__0fprintf$4) refers to fputc.o(i.fputc) for fputc
    printf4.o(i.__0printf$4) refers to printf4.o(i._printf_core) for _printf_core
    printf4.o(i.__0printf$4) refers to fputc.o(i.fputc) for fputc
    printf4.o(i.__0printf$4) refers to stdout.o(.data) for __stdout
    printf4.o(i.__0snprintf$4) refers to printf4.o(i._printf_core) for _printf_core
    printf4.o(i.__0snprintf$4) refers to printf4.o(i._snputc) for _snputc
    printf4.o(i.__0sprintf$4) refers to printf4.o(i._printf_core) for _printf_core
    printf4.o(i.__0sprintf$4) refers to printf4.o(i._sputc) for _sputc
    printf4.o(i.__0vfprintf$4) refers to printf4.o(i._printf_core) for _printf_core
    printf4.o(i.__0vfprintf$4) refers to fputc.o(i.fputc) for fputc
    printf4.o(i.__0vprintf$4) refers to printf4.o(i._printf_core) for _printf_core
    printf4.o(i.__0vprintf$4) refers to fputc.o(i.fputc) for fputc
    printf4.o(i.__0vprintf$4) refers to stdout.o(.data) for __stdout
    printf4.o(i.__0vsnprintf$4) refers to printf4.o(i._printf_core) for _printf_core
    printf4.o(i.__0vsnprintf$4) refers to printf4.o(i._snputc) for _snputc
    printf4.o(i.__0vsprintf$4) refers to printf4.o(i._printf_core) for _printf_core
    printf4.o(i.__0vsprintf$4) refers to printf4.o(i._sputc) for _sputc
    printf4.o(i._printf_core) refers to uldiv.o(.text) for __aeabi_uldivmod
    printf5.o(i.__0fprintf$5) refers to printf5.o(i._printf_core) for _printf_core
    printf5.o(i.__0fprintf$5) refers to fputc.o(i.fputc) for fputc
    printf5.o(i.__0printf$5) refers to printf5.o(i._printf_core) for _printf_core
    printf5.o(i.__0printf$5) refers to fputc.o(i.fputc) for fputc
    printf5.o(i.__0printf$5) refers to stdout.o(.data) for __stdout
    printf5.o(i.__0snprintf$5) refers to printf5.o(i._printf_core) for _printf_core
    printf5.o(i.__0snprintf$5) refers to printf5.o(i._snputc) for _snputc
    printf5.o(i.__0sprintf$5) refers to printf5.o(i._printf_core) for _printf_core
    printf5.o(i.__0sprintf$5) refers to printf5.o(i._sputc) for _sputc
    printf5.o(i.__0vfprintf$5) refers to printf5.o(i._printf_core) for _printf_core
    printf5.o(i.__0vfprintf$5) refers to fputc.o(i.fputc) for fputc
    printf5.o(i.__0vprintf$5) refers to printf5.o(i._printf_core) for _printf_core
    printf5.o(i.__0vprintf$5) refers to fputc.o(i.fputc) for fputc
    printf5.o(i.__0vprintf$5) refers to stdout.o(.data) for __stdout
    printf5.o(i.__0vsnprintf$5) refers to printf5.o(i._printf_core) for _printf_core
    printf5.o(i.__0vsnprintf$5) refers to printf5.o(i._snputc) for _snputc
    printf5.o(i.__0vsprintf$5) refers to printf5.o(i._printf_core) for _printf_core
    printf5.o(i.__0vsprintf$5) refers to printf5.o(i._sputc) for _sputc
    printf5.o(i._printf_core) refers to uldiv.o(.text) for __aeabi_uldivmod
    printf6.o(i.__0fprintf$6) refers to printf6.o(i._printf_core) for _printf_core
    printf6.o(i.__0fprintf$6) refers to fputc.o(i.fputc) for fputc
    printf6.o(i.__0printf$6) refers to printf6.o(i._printf_core) for _printf_core
    printf6.o(i.__0printf$6) refers to fputc.o(i.fputc) for fputc
    printf6.o(i.__0printf$6) refers to stdout.o(.data) for __stdout
    printf6.o(i.__0snprintf$6) refers to printf6.o(i._printf_core) for _printf_core
    printf6.o(i.__0snprintf$6) refers to printf6.o(i._snputc) for _snputc
    printf6.o(i.__0sprintf$6) refers to printf6.o(i._printf_core) for _printf_core
    printf6.o(i.__0sprintf$6) refers to printf6.o(i._sputc) for _sputc
    printf6.o(i.__0vfprintf$6) refers to printf6.o(i._printf_core) for _printf_core
    printf6.o(i.__0vfprintf$6) refers to fputc.o(i.fputc) for fputc
    printf6.o(i.__0vprintf$6) refers to printf6.o(i._printf_core) for _printf_core
    printf6.o(i.__0vprintf$6) refers to fputc.o(i.fputc) for fputc
    printf6.o(i.__0vprintf$6) refers to stdout.o(.data) for __stdout
    printf6.o(i.__0vsnprintf$6) refers to printf6.o(i._printf_core) for _printf_core
    printf6.o(i.__0vsnprintf$6) refers to printf6.o(i._snputc) for _snputc
    printf6.o(i.__0vsprintf$6) refers to printf6.o(i._printf_core) for _printf_core
    printf6.o(i.__0vsprintf$6) refers to printf6.o(i._sputc) for _sputc
    printf6.o(i._printf_core) refers to printf6.o(i._printf_pre_padding) for _printf_pre_padding
    printf6.o(i._printf_core) refers to uidiv.o(.text) for __aeabi_uidivmod
    printf6.o(i._printf_core) refers to printf6.o(i._printf_post_padding) for _printf_post_padding
    printf7.o(i.__0fprintf$7) refers to printf7.o(i._printf_core) for _printf_core
    printf7.o(i.__0fprintf$7) refers to fputc.o(i.fputc) for fputc
    printf7.o(i.__0printf$7) refers to printf7.o(i._printf_core) for _printf_core
    printf7.o(i.__0printf$7) refers to fputc.o(i.fputc) for fputc
    printf7.o(i.__0printf$7) refers to stdout.o(.data) for __stdout
    printf7.o(i.__0snprintf$7) refers to printf7.o(i._printf_core) for _printf_core
    printf7.o(i.__0snprintf$7) refers to printf7.o(i._snputc) for _snputc
    printf7.o(i.__0sprintf$7) refers to printf7.o(i._printf_core) for _printf_core
    printf7.o(i.__0sprintf$7) refers to printf7.o(i._sputc) for _sputc
    printf7.o(i.__0vfprintf$7) refers to printf7.o(i._printf_core) for _printf_core
    printf7.o(i.__0vfprintf$7) refers to fputc.o(i.fputc) for fputc
    printf7.o(i.__0vprintf$7) refers to printf7.o(i._printf_core) for _printf_core
    printf7.o(i.__0vprintf$7) refers to fputc.o(i.fputc) for fputc
    printf7.o(i.__0vprintf$7) refers to stdout.o(.data) for __stdout
    printf7.o(i.__0vsnprintf$7) refers to printf7.o(i._printf_core) for _printf_core
    printf7.o(i.__0vsnprintf$7) refers to printf7.o(i._snputc) for _snputc
    printf7.o(i.__0vsprintf$7) refers to printf7.o(i._printf_core) for _printf_core
    printf7.o(i.__0vsprintf$7) refers to printf7.o(i._sputc) for _sputc
    printf7.o(i._printf_core) refers to printf7.o(i._printf_pre_padding) for _printf_pre_padding
    printf7.o(i._printf_core) refers to uldiv.o(.text) for __aeabi_uldivmod
    printf7.o(i._printf_core) refers to printf7.o(i._printf_post_padding) for _printf_post_padding
    printf8.o(i.__0fprintf$8) refers to printf8.o(i._printf_core) for _printf_core
    printf8.o(i.__0fprintf$8) refers to fputc.o(i.fputc) for fputc
    printf8.o(i.__0printf$8) refers to printf8.o(i._printf_core) for _printf_core
    printf8.o(i.__0printf$8) refers to fputc.o(i.fputc) for fputc
    printf8.o(i.__0printf$8) refers to stdout.o(.data) for __stdout
    printf8.o(i.__0snprintf$8) refers to printf8.o(i._printf_core) for _printf_core
    printf8.o(i.__0snprintf$8) refers to printf8.o(i._snputc) for _snputc
    printf8.o(i.__0sprintf$8) refers to printf8.o(i._printf_core) for _printf_core
    printf8.o(i.__0sprintf$8) refers to printf8.o(i._sputc) for _sputc
    printf8.o(i.__0vfprintf$8) refers to printf8.o(i._printf_core) for _printf_core
    printf8.o(i.__0vfprintf$8) refers to fputc.o(i.fputc) for fputc
    printf8.o(i.__0vprintf$8) refers to printf8.o(i._printf_core) for _printf_core
    printf8.o(i.__0vprintf$8) refers to fputc.o(i.fputc) for fputc
    printf8.o(i.__0vprintf$8) refers to stdout.o(.data) for __stdout
    printf8.o(i.__0vsnprintf$8) refers to printf8.o(i._printf_core) for _printf_core
    printf8.o(i.__0vsnprintf$8) refers to printf8.o(i._snputc) for _snputc
    printf8.o(i.__0vsprintf$8) refers to printf8.o(i._printf_core) for _printf_core
    printf8.o(i.__0vsprintf$8) refers to printf8.o(i._sputc) for _sputc
    printf8.o(i._printf_core) refers to printf8.o(i._printf_pre_padding) for _printf_pre_padding
    printf8.o(i._printf_core) refers to uldiv.o(.text) for __aeabi_uldivmod
    printf8.o(i._printf_core) refers to printf8.o(i._printf_post_padding) for _printf_post_padding
    printfa.o(i.__0fprintf) refers (Special) to iusefp.o(.text) for __I$use$fp
    printfa.o(i.__0fprintf) refers to printfa.o(i._printf_core) for _printf_core
    printfa.o(i.__0fprintf) refers to fputc.o(i.fputc) for fputc
    printfa.o(i.__0printf) refers (Special) to iusefp.o(.text) for __I$use$fp
    printfa.o(i.__0printf) refers to printfa.o(i._printf_core) for _printf_core
    printfa.o(i.__0printf) refers to fputc.o(i.fputc) for fputc
    printfa.o(i.__0printf) refers to stdout.o(.data) for __stdout
    printfa.o(i.__0snprintf) refers (Special) to iusefp.o(.text) for __I$use$fp
    printfa.o(i.__0snprintf) refers to printfa.o(i._printf_core) for _printf_core
    printfa.o(i.__0snprintf) refers to printfa.o(i._snputc) for _snputc
    printfa.o(i.__0sprintf) refers (Special) to iusefp.o(.text) for __I$use$fp
    printfa.o(i.__0sprintf) refers to printfa.o(i._printf_core) for _printf_core
    printfa.o(i.__0sprintf) refers to printfa.o(i._sputc) for _sputc
    printfa.o(i.__0vfprintf) refers (Special) to iusefp.o(.text) for __I$use$fp
    printfa.o(i.__0vfprintf) refers to printfa.o(i._printf_core) for _printf_core
    printfa.o(i.__0vfprintf) refers to fputc.o(i.fputc) for fputc
    printfa.o(i.__0vprintf) refers (Special) to iusefp.o(.text) for __I$use$fp
    printfa.o(i.__0vprintf) refers to printfa.o(i._printf_core) for _printf_core
    printfa.o(i.__0vprintf) refers to fputc.o(i.fputc) for fputc
    printfa.o(i.__0vprintf) refers to stdout.o(.data) for __stdout
    printfa.o(i.__0vsnprintf) refers (Special) to iusefp.o(.text) for __I$use$fp
    printfa.o(i.__0vsnprintf) refers to printfa.o(i._printf_core) for _printf_core
    printfa.o(i.__0vsnprintf) refers to printfa.o(i._snputc) for _snputc
    printfa.o(i.__0vsprintf) refers (Special) to iusefp.o(.text) for __I$use$fp
    printfa.o(i.__0vsprintf) refers to printfa.o(i._printf_core) for _printf_core
    printfa.o(i.__0vsprintf) refers to printfa.o(i._sputc) for _sputc
    printfa.o(i._fp_digits) refers (Special) to iusefp.o(.text) for __I$use$fp
    printfa.o(i._fp_digits) refers to dmul.o(.text) for __aeabi_dmul
    printfa.o(i._fp_digits) refers to ddiv.o(.text) for __aeabi_ddiv
    printfa.o(i._fp_digits) refers to cdrcmple.o(.text) for __aeabi_cdrcmple
    printfa.o(i._fp_digits) refers to dadd.o(.text) for __aeabi_dadd
    printfa.o(i._fp_digits) refers to dfixul.o(.text) for __aeabi_d2ulz
    printfa.o(i._fp_digits) refers to uldiv.o(.text) for __aeabi_uldivmod
    printfa.o(i._printf_core) refers (Special) to iusefp.o(.text) for __I$use$fp
    printfa.o(i._printf_core) refers to printfa.o(i._printf_pre_padding) for _printf_pre_padding
    printfa.o(i._printf_core) refers to uldiv.o(.text) for __aeabi_uldivmod
    printfa.o(i._printf_core) refers to printfa.o(i._printf_post_padding) for _printf_post_padding
    printfa.o(i._printf_core) refers to printfa.o(i._fp_digits) for _fp_digits
    printfa.o(i._printf_core) refers to uidiv.o(.text) for __aeabi_uidivmod
    printfa.o(i._printf_post_padding) refers (Special) to iusefp.o(.text) for __I$use$fp
    printfa.o(i._printf_pre_padding) refers (Special) to iusefp.o(.text) for __I$use$fp
    printfa.o(i._snputc) refers (Special) to iusefp.o(.text) for __I$use$fp
    printfa.o(i._sputc) refers (Special) to iusefp.o(.text) for __I$use$fp
    entry2.o(.ARM.Collect$$$$00000001) refers to entry2.o(.ARM.Collect$$$$00002712) for __lit__00000000
    entry2.o(.ARM.Collect$$$$00002712) refers to startup_stm32f10x_hd.o(STACK) for __initial_sp
    entry2.o(__vectab_stack_and_reset_area) refers to startup_stm32f10x_hd.o(STACK) for __initial_sp
    entry2.o(__vectab_stack_and_reset_area) refers to entry.o(.ARM.Collect$$$$00000000) for __main
    entry5.o(.ARM.Collect$$$$00000004) refers to init.o(.text) for __scatterload
    entry9a.o(.ARM.Collect$$$$0000000B) refers to main.o(.text) for main
    entry9b.o(.ARM.Collect$$$$0000000C) refers to main.o(.text) for main
    fputc.o(i.fputc) refers (Special) to iusesemip.o(.text) for __I$use$semihosting$fputc
    fputc.o(i.fputc) refers (Special) to semi.o(.text) for __semihosting_library_function
    uldiv.o(.text) refers to llushr.o(.text) for __aeabi_llsr
    uldiv.o(.text) refers to llshl.o(.text) for __aeabi_llsl
    dadd.o(.text) refers to llshl.o(.text) for __aeabi_llsl
    dadd.o(.text) refers to llsshr.o(.text) for __aeabi_lasr
    dadd.o(.text) refers to depilogue.o(.text) for _double_epilogue
    dmul.o(.text) refers to depilogue.o(.text) for _double_epilogue
    ddiv.o(.text) refers to depilogue.o(.text) for _double_round
    dfixul.o(.text) refers to llushr.o(.text) for __aeabi_llsr
    dfixul.o(.text) refers to llshl.o(.text) for __aeabi_llsl
    init.o(.text) refers to entry5.o(.ARM.Collect$$$$00000004) for __main_after_scatterload
    depilogue.o(.text) refers to llshl.o(.text) for __aeabi_llsl
    depilogue.o(.text) refers to llushr.o(.text) for __aeabi_llsr


==============================================================================

Removing Unused input sections from the image.

    Removing core_cm3.o(.emb_text), (32 bytes).
    Removing startup_stm32f10x_hd.o(HEAP), (512 bytes).
    Removing stm32f10x_cec.o(.text), (288 bytes).
    Removing stm32f10x_crc.o(.text), (72 bytes).
    Removing stm32f10x_exti.o(.text), (284 bytes).
    Removing stm32f10x_pwr.o(.text), (204 bytes).
    Removing uip-fw.o(.text), (720 bytes).
    Removing uip-fw.o(.bss), (28 bytes).
    Removing uip-fw.o(.data), (8 bytes).
    Removing uiplib.o(.text), (94 bytes).
    Removing uip-neighbor.o(.text), (356 bytes).
    Removing uip-neighbor.o(.bss), (96 bytes).
    Removing uip-split.o(.text), (264 bytes).
    Removing dadd.o(.text), (334 bytes).
    Removing dmul.o(.text), (228 bytes).
    Removing ddiv.o(.text), (222 bytes).
    Removing dfixul.o(.text), (48 bytes).
    Removing cdrcmple.o(.text), (40 bytes).
    Removing depilogue.o(.text), (190 bytes).

19 unused section(s) (total 4020 bytes) removed from the image.

==============================================================================

Image Symbol Table

    Local Symbols

    Symbol Name                              Value     Ov Type        Size  Object(Section)

    ../clib/microlib/division.c              0x00000000   Number         0  uldiv.o ABSOLUTE
    ../clib/microlib/division.c              0x00000000   Number         0  uidiv.o ABSOLUTE
    ../clib/microlib/init/entry.s            0x00000000   Number         0  entry.o ABSOLUTE
    ../clib/microlib/init/entry.s            0x00000000   Number         0  entry7a.o ABSOLUTE
    ../clib/microlib/init/entry.s            0x00000000   Number         0  entry7b.o ABSOLUTE
    ../clib/microlib/init/entry.s            0x00000000   Number         0  entry2.o ABSOLUTE
    ../clib/microlib/init/entry.s            0x00000000   Number         0  entry10a.o ABSOLUTE
    ../clib/microlib/init/entry.s            0x00000000   Number         0  entry11a.o ABSOLUTE
    ../clib/microlib/init/entry.s            0x00000000   Number         0  entry9b.o ABSOLUTE
    ../clib/microlib/init/entry.s            0x00000000   Number         0  entry11b.o ABSOLUTE
    ../clib/microlib/init/entry.s            0x00000000   Number         0  entry8a.o ABSOLUTE
    ../clib/microlib/init/entry.s            0x00000000   Number         0  entry8b.o ABSOLUTE
    ../clib/microlib/init/entry.s            0x00000000   Number         0  entry10b.o ABSOLUTE
    ../clib/microlib/init/entry.s            0x00000000   Number         0  entry5.o ABSOLUTE
    ../clib/microlib/init/entry.s            0x00000000   Number         0  entry9a.o ABSOLUTE
    ../clib/microlib/longlong.c              0x00000000   Number         0  llshl.o ABSOLUTE
    ../clib/microlib/longlong.c              0x00000000   Number         0  llushr.o ABSOLUTE
    ../clib/microlib/longlong.c              0x00000000   Number         0  llsshr.o ABSOLUTE
    ../clib/microlib/printf/printf.c         0x00000000   Number         0  printfa.o ABSOLUTE
    ../clib/microlib/printf/printf.c         0x00000000   Number         0  printf0.o ABSOLUTE
    ../clib/microlib/printf/printf.c         0x00000000   Number         0  printf1.o ABSOLUTE
    ../clib/microlib/printf/printf.c         0x00000000   Number         0  printf2.o ABSOLUTE
    ../clib/microlib/printf/printf.c         0x00000000   Number         0  printf3.o ABSOLUTE
    ../clib/microlib/printf/printf.c         0x00000000   Number         0  printf5.o ABSOLUTE
    ../clib/microlib/printf/printf.c         0x00000000   Number         0  printf7.o ABSOLUTE
    ../clib/microlib/printf/printf.c         0x00000000   Number         0  printf4.o ABSOLUTE
    ../clib/microlib/printf/printf.c         0x00000000   Number         0  printf6.o ABSOLUTE
    ../clib/microlib/printf/printf.c         0x00000000   Number         0  printf8.o ABSOLUTE
    ../clib/microlib/printf/printf.c         0x00000000   Number         0  printfb.o ABSOLUTE
    ../clib/microlib/stdio/fputc.c           0x00000000   Number         0  fputc.o ABSOLUTE
    ../clib/microlib/stdio/semi.s            0x00000000   Number         0  semi.o ABSOLUTE
    ../clib/microlib/stdio/streams.c         0x00000000   Number         0  stdout.o ABSOLUTE
    ../clib/microlib/string/memcpy.c         0x00000000   Number         0  memcpya.o ABSOLUTE
    ../clib/microlib/string/memcpy.c         0x00000000   Number         0  memcpyb.o ABSOLUTE
    ../clib/microlib/string/memset.c         0x00000000   Number         0  memseta.o ABSOLUTE
    ../clib/microlib/string/strlen.c         0x00000000   Number         0  strlen.o ABSOLUTE
    ../clib/microlib/string/strncpy.c        0x00000000   Number         0  strncpy.o ABSOLUTE
    ../clib/microlib/stubs.s                 0x00000000   Number         0  iusefp.o ABSOLUTE
    ../clib/microlib/stubs.s                 0x00000000   Number         0  iusesemip.o ABSOLUTE
    ../fplib/microlib/fpadd.c                0x00000000   Number         0  dadd.o ABSOLUTE
    ../fplib/microlib/fpdiv.c                0x00000000   Number         0  ddiv.o ABSOLUTE
    ../fplib/microlib/fpepilogue.c           0x00000000   Number         0  depilogue.o ABSOLUTE
    ../fplib/microlib/fpfix.c                0x00000000   Number         0  dfixul.o ABSOLUTE
    ../fplib/microlib/fpmul.c                0x00000000   Number         0  dmul.o ABSOLUTE
    Core\\core_cm3.c                         0x00000000   Number         0  core_cm3.o ABSOLUTE
    Core\core_cm3.c                          0x00000000   Number         0  core_cm3.o ABSOLUTE
    Core\startup_stm32f10x_hd.s              0x00000000   Number         0  startup_stm32f10x_hd.o ABSOLUTE
    STM32_FWLib\src\misc.c                   0x00000000   Number         0  misc.o ABSOLUTE
    STM32_FWLib\src\stm32f10x_cec.c          0x00000000   Number         0  stm32f10x_cec.o ABSOLUTE
    STM32_FWLib\src\stm32f10x_crc.c          0x00000000   Number         0  stm32f10x_crc.o ABSOLUTE
    STM32_FWLib\src\stm32f10x_exti.c         0x00000000   Number         0  stm32f10x_exti.o ABSOLUTE
    STM32_FWLib\src\stm32f10x_gpio.c         0x00000000   Number         0  stm32f10x_gpio.o ABSOLUTE
    STM32_FWLib\src\stm32f10x_pwr.c          0x00000000   Number         0  stm32f10x_pwr.o ABSOLUTE
    STM32_FWLib\src\stm32f10x_rcc.c          0x00000000   Number         0  stm32f10x_rcc.o ABSOLUTE
    STM32_FWLib\src\stm32f10x_spi.c          0x00000000   Number         0  stm32f10x_spi.o ABSOLUTE
    STM32_FWLib\src\stm32f10x_tim.c          0x00000000   Number         0  stm32f10x_tim.o ABSOLUTE
    STM32_FWLib\src\stm32f10x_usart.c        0x00000000   Number         0  stm32f10x_usart.o ABSOLUTE
    User\USART.C                             0x00000000   Number         0  usart.o ABSOLUTE
    User\main.c                              0x00000000   Number         0  main.o ABSOLUTE
    User\spi_enc28j60.c                      0x00000000   Number         0  spi_enc28j60.o ABSOLUTE
    User\stm32f10x_it.c                      0x00000000   Number         0  stm32f10x_it.o ABSOLUTE
    User\system_stm32f10x.c                  0x00000000   Number         0  system_stm32f10x.o ABSOLUTE
    cdrcmple.s                               0x00000000   Number         0  cdrcmple.o ABSOLUTE
    dc.s                                     0x00000000   Number         0  dc.o ABSOLUTE
    handlers.s                               0x00000000   Number         0  handlers.o ABSOLUTE
    init.s                                   0x00000000   Number         0  init.o ABSOLUTE
    uIP-1.0\apps\hello-world\hello-world.c   0x00000000   Number         0  hello-world.o ABSOLUTE
    uIP-1.0\uip\psock.c                      0x00000000   Number         0  psock.o ABSOLUTE
    uIP-1.0\uip\timer.c                      0x00000000   Number         0  timer.o ABSOLUTE
    uIP-1.0\uip\uip-fw.c                     0x00000000   Number         0  uip-fw.o ABSOLUTE
    uIP-1.0\uip\uip-neighbor.c               0x00000000   Number         0  uip-neighbor.o ABSOLUTE
    uIP-1.0\uip\uip-split.c                  0x00000000   Number         0  uip-split.o ABSOLUTE
    uIP-1.0\uip\uip.c                        0x00000000   Number         0  uip.o ABSOLUTE
    uIP-1.0\uip\uip_arp.c                    0x00000000   Number         0  uip_arp.o ABSOLUTE
    uIP-1.0\uip\uiplib.c                     0x00000000   Number         0  uiplib.o ABSOLUTE
    uIP-1.0\unix\clock-arch.c                0x00000000   Number         0  clock-arch.o ABSOLUTE
    uIP-1.0\unix\tapdev.c                    0x00000000   Number         0  tapdev.o ABSOLUTE
    RESET                                    0x08000000   Section      304  startup_stm32f10x_hd.o(RESET)
    .ARM.Collect$$$$00000000                 0x08000130   Section        0  entry.o(.ARM.Collect$$$$00000000)
    .ARM.Collect$$$$00000001                 0x08000130   Section        4  entry2.o(.ARM.Collect$$$$00000001)
    .ARM.Collect$$$$00000004                 0x08000134   Section        4  entry5.o(.ARM.Collect$$$$00000004)
    .ARM.Collect$$$$00000008                 0x08000138   Section        0  entry7b.o(.ARM.Collect$$$$00000008)
    .ARM.Collect$$$$0000000A                 0x08000138   Section        0  entry8b.o(.ARM.Collect$$$$0000000A)
    .ARM.Collect$$$$0000000B                 0x08000138   Section        8  entry9a.o(.ARM.Collect$$$$0000000B)
    .ARM.Collect$$$$0000000D                 0x08000140   Section        0  entry10a.o(.ARM.Collect$$$$0000000D)
    .ARM.Collect$$$$0000000F                 0x08000140   Section        0  entry11a.o(.ARM.Collect$$$$0000000F)
    .ARM.Collect$$$$00002712                 0x08000140   Section        4  entry2.o(.ARM.Collect$$$$00002712)
    __lit__00000000                          0x08000140   Data           4  entry2.o(.ARM.Collect$$$$00002712)
    .text                                    0x08000144   Section       36  startup_stm32f10x_hd.o(.text)
    .text                                    0x08000168   Section        0  main.o(.text)
    .text                                    0x080003a4   Section        0  stm32f10x_it.o(.text)
    .text                                    0x0800043c   Section        0  system_stm32f10x.o(.text)
    SetSysClockTo72                          0x0800043d   Thumb Code   212  system_stm32f10x.o(.text)
    SetSysClock                              0x08000511   Thumb Code     8  system_stm32f10x.o(.text)
    .text                                    0x08000618   Section        0  usart.o(.text)
    .text                                    0x08000738   Section        0  spi_enc28j60.o(.text)
    .text                                    0x08000c58   Section        0  misc.o(.text)
    .text                                    0x08000d34   Section        0  stm32f10x_gpio.o(.text)
    .text                                    0x0800108c   Section        0  stm32f10x_rcc.o(.text)
    .text                                    0x08001430   Section        0  stm32f10x_usart.o(.text)
    .text                                    0x08001838   Section        0  stm32f10x_spi.o(.text)
    .text                                    0x08001b44   Section        0  stm32f10x_tim.o(.text)
    TI4_Config                               0x08001feb   Thumb Code   130  stm32f10x_tim.o(.text)
    TI3_Config                               0x0800207f   Thumb Code   122  stm32f10x_tim.o(.text)
    TI2_Config                               0x08002113   Thumb Code   130  stm32f10x_tim.o(.text)
    TI1_Config                               0x080021a7   Thumb Code   108  stm32f10x_tim.o(.text)
    .text                                    0x08002960   Section        0  tapdev.o(.text)
    .text                                    0x080029bc   Section        0  timer.o(.text)
    .text                                    0x080029fc   Section        0  uip.o(.text)
    chksum                                   0x08002a6f   Thumb Code    70  uip.o(.text)
    upper_layer_chksum                       0x08002af7   Thumb Code    68  uip.o(.text)
    uip_add_rcv_nxt                          0x08002d25   Thumb Code    58  uip.o(.text)
    .text                                    0x08003d40   Section        0  uip_arp.o(.text)
    uip_arp_update                           0x08003dbb   Thumb Code   272  uip_arp.o(.text)
    .text                                    0x0800414c   Section        0  clock-arch.o(.text)
    .text                                    0x08004158   Section        0  psock.o(.text)
    buf_setup                                0x08004159   Thumb Code     6  psock.o(.text)
    buf_bufdata                              0x0800415f   Thumb Code   150  psock.o(.text)
    buf_bufto                                0x080041f5   Thumb Code   102  psock.o(.text)
    send_data                                0x0800425b   Thumb Code    70  psock.o(.text)
    data_acked                               0x080042a1   Thumb Code    82  psock.o(.text)
    .text                                    0x08004584   Section        0  hello-world.o(.text)
    handle_connection                        0x08004591   Thumb Code   180  hello-world.o(.text)
    .text                                    0x080046ac   Section        0  memcpya.o(.text)
    .text                                    0x080046d0   Section        0  memseta.o(.text)
    .text                                    0x080046f4   Section        0  strncpy.o(.text)
    .text                                    0x0800470c   Section        0  strlen.o(.text)
    .text                                    0x0800471c   Section       36  init.o(.text)
    .text                                    0x08004740   Section        0  semi.o(.text)
    .text                                    0x08004740   Section        0  iusesemip.o(.text)
    i.__0printf$bare                         0x08004740   Section        0  printfb.o(i.__0printf$bare)
    i.__scatterload_copy                     0x08004750   Section       14  handlers.o(i.__scatterload_copy)
    i.__scatterload_null                     0x0800475e   Section        2  handlers.o(i.__scatterload_null)
    i.__scatterload_zeroinit                 0x08004760   Section       14  handlers.o(i.__scatterload_zeroinit)
    i._printf_core                           0x0800476e   Section        0  printfb.o(i._printf_core)
    _printf_core                             0x0800476f   Thumb Code    34  printfb.o(i._printf_core)
    i.fputc                                  0x08004790   Section        0  fputc.o(i.fputc)
    .constdata                               0x080047a2   Section        6  tapdev.o(.constdata)
    .constdata                               0x080047a8   Section        4  uip.o(.constdata)
    all_zeroes_addr                          0x080047a8   Data           4  uip.o(.constdata)
    .constdata                               0x080047ac   Section       10  uip_arp.o(.constdata)
    broadcast_ethaddr                        0x080047ac   Data           6  uip_arp.o(.constdata)
    broadcast_ipaddr                         0x080047b2   Data           4  uip_arp.o(.constdata)
    .data                                    0x20000000   Section        4  stm32f10x_it.o(.data)
    .data                                    0x20000004   Section       20  system_stm32f10x.o(.data)
    .data                                    0x20000018   Section       17  usart.o(.data)
    .data                                    0x2000002c   Section        8  spi_enc28j60.o(.data)
    Enc28j60Bank                             0x2000002c   Data           1  spi_enc28j60.o(.data)
    NextPacketPtr                            0x20000030   Data           4  spi_enc28j60.o(.data)
    .data                                    0x20000034   Section       20  stm32f10x_rcc.o(.data)
    APBAHBPrescTable                         0x20000034   Data          16  stm32f10x_rcc.o(.data)
    ADCPrescTable                            0x20000044   Data           4  stm32f10x_rcc.o(.data)
    .data                                    0x20000048   Section       56  uip.o(.data)
    ipid                                     0x20000070   Data           2  uip.o(.data)
    iss                                      0x20000072   Data           4  uip.o(.data)
    lastport                                 0x20000076   Data           2  uip.o(.data)
    c                                        0x2000007c   Data           1  uip.o(.data)
    opt                                      0x2000007d   Data           1  uip.o(.data)
    tmp16                                    0x2000007e   Data           2  uip.o(.data)
    .data                                    0x20000080   Section        8  uip_arp.o(.data)
    ipaddr                                   0x20000080   Data           4  uip_arp.o(.data)
    i                                        0x20000084   Data           1  uip_arp.o(.data)
    c                                        0x20000085   Data           1  uip_arp.o(.data)
    arptime                                  0x20000086   Data           1  uip_arp.o(.data)
    tmpage                                   0x20000087   Data           1  uip_arp.o(.data)
    .data                                    0x20000088   Section        4  stdout.o(.data)
    .bss                                     0x2000008c   Section     5188  uip.o(.bss)
    .bss                                     0x200014d0   Section       96  uip_arp.o(.bss)
    arp_table                                0x200014d0   Data          96  uip_arp.o(.bss)
    STACK                                    0x20001530   Section     1024  startup_stm32f10x_hd.o(STACK)

    Global Symbols

    Symbol Name                              Value     Ov Type        Size  Object(Section)

    BuildAttributes$$THM_ISAv4$P$D$K$B$S$PE$A:L22UL41UL21$X:L11$S22US41US21$IEEE1$IW$USESV6$~STKCKD$USESV7$~SHL$OSPACE$ROPI$EBA8$MICROLIB$REQ8$PRES8$EABIv2 0x00000000   Number         0  anon$$obj.o ABSOLUTE
    __ARM_use_no_argv                        0x00000000   Number         0  main.o ABSOLUTE
    __cpp_initialize__aeabi_                  - Undefined Weak Reference
    __cxa_finalize                            - Undefined Weak Reference
    __decompress                              - Undefined Weak Reference
    _clock_init                               - Undefined Weak Reference
    _microlib_exit                            - Undefined Weak Reference
    __Vectors_Size                           0x00000130   Number         0  startup_stm32f10x_hd.o ABSOLUTE
    __Vectors                                0x08000000   Data           4  startup_stm32f10x_hd.o(RESET)
    __Vectors_End                            0x08000130   Data           0  startup_stm32f10x_hd.o(RESET)
    __main                                   0x08000131   Thumb Code     0  entry.o(.ARM.Collect$$$$00000000)
    _main_stk                                0x08000131   Thumb Code     0  entry2.o(.ARM.Collect$$$$00000001)
    _main_scatterload                        0x08000135   Thumb Code     0  entry5.o(.ARM.Collect$$$$00000004)
    __main_after_scatterload                 0x08000139   Thumb Code     0  entry5.o(.ARM.Collect$$$$00000004)
    _main_clock                              0x08000139   Thumb Code     0  entry7b.o(.ARM.Collect$$$$00000008)
    _main_cpp_init                           0x08000139   Thumb Code     0  entry8b.o(.ARM.Collect$$$$0000000A)
    _main_init                               0x08000139   Thumb Code     0  entry9a.o(.ARM.Collect$$$$0000000B)
    __rt_final_cpp                           0x08000141   Thumb Code     0  entry10a.o(.ARM.Collect$$$$0000000D)
    __rt_final_exit                          0x08000141   Thumb Code     0  entry11a.o(.ARM.Collect$$$$0000000F)
    Reset_Handler                            0x08000145   Thumb Code     8  startup_stm32f10x_hd.o(.text)
    ADC1_2_IRQHandler                        0x0800015f   Thumb Code     0  startup_stm32f10x_hd.o(.text)
    ADC3_IRQHandler                          0x0800015f   Thumb Code     0  startup_stm32f10x_hd.o(.text)
    CAN1_RX1_IRQHandler                      0x0800015f   Thumb Code     0  startup_stm32f10x_hd.o(.text)
    CAN1_SCE_IRQHandler                      0x0800015f   Thumb Code     0  startup_stm32f10x_hd.o(.text)
    DMA1_Channel1_IRQHandler                 0x0800015f   Thumb Code     0  startup_stm32f10x_hd.o(.text)
    DMA1_Channel2_IRQHandler                 0x0800015f   Thumb Code     0  startup_stm32f10x_hd.o(.text)
    DMA1_Channel3_IRQHandler                 0x0800015f   Thumb Code     0  startup_stm32f10x_hd.o(.text)
    DMA1_Channel4_IRQHandler                 0x0800015f   Thumb Code     0  startup_stm32f10x_hd.o(.text)
    DMA1_Channel5_IRQHandler                 0x0800015f   Thumb Code     0  startup_stm32f10x_hd.o(.text)
    DMA1_Channel6_IRQHandler                 0x0800015f   Thumb Code     0  startup_stm32f10x_hd.o(.text)
    DMA1_Channel7_IRQHandler                 0x0800015f   Thumb Code     0  startup_stm32f10x_hd.o(.text)
    DMA2_Channel1_IRQHandler                 0x0800015f   Thumb Code     0  startup_stm32f10x_hd.o(.text)
    DMA2_Channel2_IRQHandler                 0x0800015f   Thumb Code     0  startup_stm32f10x_hd.o(.text)
    DMA2_Channel3_IRQHandler                 0x0800015f   Thumb Code     0  startup_stm32f10x_hd.o(.text)
    DMA2_Channel4_5_IRQHandler               0x0800015f   Thumb Code     0  startup_stm32f10x_hd.o(.text)
    EXTI0_IRQHandler                         0x0800015f   Thumb Code     0  startup_stm32f10x_hd.o(.text)
    EXTI15_10_IRQHandler                     0x0800015f   Thumb Code     0  startup_stm32f10x_hd.o(.text)
    EXTI1_IRQHandler                         0x0800015f   Thumb Code     0  startup_stm32f10x_hd.o(.text)
    EXTI2_IRQHandler                         0x0800015f   Thumb Code     0  startup_stm32f10x_hd.o(.text)
    EXTI3_IRQHandler                         0x0800015f   Thumb Code     0  startup_stm32f10x_hd.o(.text)
    EXTI4_IRQHandler                         0x0800015f   Thumb Code     0  startup_stm32f10x_hd.o(.text)
    EXTI9_5_IRQHandler                       0x0800015f   Thumb Code     0  startup_stm32f10x_hd.o(.text)
    FLASH_IRQHandler                         0x0800015f   Thumb Code     0  startup_stm32f10x_hd.o(.text)
    FSMC_IRQHandler                          0x0800015f   Thumb Code     0  startup_stm32f10x_hd.o(.text)
    I2C1_ER_IRQHandler                       0x0800015f   Thumb Code     0  startup_stm32f10x_hd.o(.text)
    I2C1_EV_IRQHandler                       0x0800015f   Thumb Code     0  startup_stm32f10x_hd.o(.text)
    I2C2_ER_IRQHandler                       0x0800015f   Thumb Code     0  startup_stm32f10x_hd.o(.text)
    I2C2_EV_IRQHandler                       0x0800015f   Thumb Code     0  startup_stm32f10x_hd.o(.text)
    PVD_IRQHandler                           0x0800015f   Thumb Code     0  startup_stm32f10x_hd.o(.text)
    RCC_IRQHandler                           0x0800015f   Thumb Code     0  startup_stm32f10x_hd.o(.text)
    RTCAlarm_IRQHandler                      0x0800015f   Thumb Code     0  startup_stm32f10x_hd.o(.text)
    RTC_IRQHandler                           0x0800015f   Thumb Code     0  startup_stm32f10x_hd.o(.text)
    SDIO_IRQHandler                          0x0800015f   Thumb Code     0  startup_stm32f10x_hd.o(.text)
    SPI1_IRQHandler                          0x0800015f   Thumb Code     0  startup_stm32f10x_hd.o(.text)
    SPI2_IRQHandler                          0x0800015f   Thumb Code     0  startup_stm32f10x_hd.o(.text)
    SPI3_IRQHandler                          0x0800015f   Thumb Code     0  startup_stm32f10x_hd.o(.text)
    TAMPER_IRQHandler                        0x0800015f   Thumb Code     0  startup_stm32f10x_hd.o(.text)
    TIM1_BRK_IRQHandler                      0x0800015f   Thumb Code     0  startup_stm32f10x_hd.o(.text)
    TIM1_CC_IRQHandler                       0x0800015f   Thumb Code     0  startup_stm32f10x_hd.o(.text)
    TIM1_TRG_COM_IRQHandler                  0x0800015f   Thumb Code     0  startup_stm32f10x_hd.o(.text)
    TIM1_UP_IRQHandler                       0x0800015f   Thumb Code     0  startup_stm32f10x_hd.o(.text)
    TIM3_IRQHandler                          0x0800015f   Thumb Code     0  startup_stm32f10x_hd.o(.text)
    TIM4_IRQHandler                          0x0800015f   Thumb Code     0  startup_stm32f10x_hd.o(.text)
    TIM5_IRQHandler                          0x0800015f   Thumb Code     0  startup_stm32f10x_hd.o(.text)
    TIM6_IRQHandler                          0x0800015f   Thumb Code     0  startup_stm32f10x_hd.o(.text)
    TIM7_IRQHandler                          0x0800015f   Thumb Code     0  startup_stm32f10x_hd.o(.text)
    TIM8_BRK_IRQHandler                      0x0800015f   Thumb Code     0  startup_stm32f10x_hd.o(.text)
    TIM8_CC_IRQHandler                       0x0800015f   Thumb Code     0  startup_stm32f10x_hd.o(.text)
    TIM8_TRG_COM_IRQHandler                  0x0800015f   Thumb Code     0  startup_stm32f10x_hd.o(.text)
    TIM8_UP_IRQHandler                       0x0800015f   Thumb Code     0  startup_stm32f10x_hd.o(.text)
    UART4_IRQHandler                         0x0800015f   Thumb Code     0  startup_stm32f10x_hd.o(.text)
    UART5_IRQHandler                         0x0800015f   Thumb Code     0  startup_stm32f10x_hd.o(.text)
    USART2_IRQHandler                        0x0800015f   Thumb Code     0  startup_stm32f10x_hd.o(.text)
    USART3_IRQHandler                        0x0800015f   Thumb Code     0  startup_stm32f10x_hd.o(.text)
    USBWakeUp_IRQHandler                     0x0800015f   Thumb Code     0  startup_stm32f10x_hd.o(.text)
    USB_HP_CAN1_TX_IRQHandler                0x0800015f   Thumb Code     0  startup_stm32f10x_hd.o(.text)
    USB_LP_CAN1_RX0_IRQHandler               0x0800015f   Thumb Code     0  startup_stm32f10x_hd.o(.text)
    WWDG_IRQHandler                          0x0800015f   Thumb Code     0  startup_stm32f10x_hd.o(.text)
    Delay                                    0x08000169   Thumb Code    10  main.o(.text)
    GPIO_Config                              0x08000173   Thumb Code    40  main.o(.text)
    NVIC_Config                              0x0800019b   Thumb Code    42  main.o(.text)
    Timer_Config                             0x080001c5   Thumb Code    82  main.o(.text)
    main                                     0x08000217   Thumb Code   364  main.o(.text)
    NMI_Handler                              0x080003a5   Thumb Code     2  stm32f10x_it.o(.text)
    HardFault_Handler                        0x080003a7   Thumb Code     4  stm32f10x_it.o(.text)
    MemManage_Handler                        0x080003ab   Thumb Code     4  stm32f10x_it.o(.text)
    BusFault_Handler                         0x080003af   Thumb Code     4  stm32f10x_it.o(.text)
    UsageFault_Handler                       0x080003b3   Thumb Code     4  stm32f10x_it.o(.text)
    SVC_Handler                              0x080003b7   Thumb Code     2  stm32f10x_it.o(.text)
    DebugMon_Handler                         0x080003b9   Thumb Code     2  stm32f10x_it.o(.text)
    PendSV_Handler                           0x080003bb   Thumb Code     2  stm32f10x_it.o(.text)
    SysTick_Handler                          0x080003bd   Thumb Code     2  stm32f10x_it.o(.text)
    USART1_IRQHandler                        0x080003bf   Thumb Code    76  stm32f10x_it.o(.text)
    TIM2_IRQHandler                          0x0800040b   Thumb Code    32  stm32f10x_it.o(.text)
    SystemInit                               0x08000519   Thumb Code    78  system_stm32f10x.o(.text)
    SystemCoreClockUpdate                    0x08000567   Thumb Code   142  system_stm32f10x.o(.text)
    USART1_Config                            0x08000619   Thumb Code   108  usart.o(.text)
    USART_Print                              0x08000685   Thumb Code    42  usart.o(.text)
    PrintShuzi                               0x080006af   Thumb Code    78  usart.o(.text)
    USART_PrintString                        0x080006fd   Thumb Code    46  usart.o(.text)
    SPI2_GPIO_Init                           0x08000739   Thumb Code    88  spi_enc28j60.o(.text)
    SPI2_Config                              0x08000791   Thumb Code    86  spi_enc28j60.o(.text)
    SPI2_Read_Write_Byte                     0x080007e7   Thumb Code    50  spi_enc28j60.o(.text)
    SPI2_Init                                0x08000819   Thumb Code    12  spi_enc28j60.o(.text)
    enc28j60ReadOp                           0x08000825   Thumb Code    68  spi_enc28j60.o(.text)
    enc28j60WriteOp                          0x08000869   Thumb Code    58  spi_enc28j60.o(.text)
    enc28j60ReadBuffer                       0x080008a3   Thumb Code    56  spi_enc28j60.o(.text)
    enc28j60WriteBuffer                      0x080008db   Thumb Code    50  spi_enc28j60.o(.text)
    enc28j60SetBank                          0x0800090d   Thumb Code    48  spi_enc28j60.o(.text)
    enc28j60Read                             0x0800093d   Thumb Code    20  spi_enc28j60.o(.text)
    enc28j60Write                            0x08000951   Thumb Code    24  spi_enc28j60.o(.text)
    ENC28J60_PHY_Write                       0x08000969   Thumb Code    48  spi_enc28j60.o(.text)
    enc28j60clkout                           0x08000999   Thumb Code    16  spi_enc28j60.o(.text)
    ENC28J60_Init                            0x080009a9   Thumb Code   362  spi_enc28j60.o(.text)
    enc28j60getrev                           0x08000b13   Thumb Code    10  spi_enc28j60.o(.text)
    ENC28J60_Packet_Send                     0x08000b1d   Thumb Code   124  spi_enc28j60.o(.text)
    ENC28J60_Packet_Receive                  0x08000b99   Thumb Code   188  spi_enc28j60.o(.text)
    NVIC_PriorityGroupConfig                 0x08000c59   Thumb Code    10  misc.o(.text)
    NVIC_Init                                0x08000c63   Thumb Code   102  misc.o(.text)
    NVIC_SetVectorTable                      0x08000cc9   Thumb Code    14  misc.o(.text)
    NVIC_SystemLPConfig                      0x08000cd7   Thumb Code    34  misc.o(.text)
    SysTick_CLKSourceConfig                  0x08000cf9   Thumb Code    40  misc.o(.text)
    GPIO_DeInit                              0x08000d35   Thumb Code   172  stm32f10x_gpio.o(.text)
    GPIO_AFIODeInit                          0x08000de1   Thumb Code    20  stm32f10x_gpio.o(.text)
    GPIO_Init                                0x08000df5   Thumb Code   274  stm32f10x_gpio.o(.text)
    GPIO_StructInit                          0x08000f07   Thumb Code    16  stm32f10x_gpio.o(.text)
    GPIO_ReadInputDataBit                    0x08000f17   Thumb Code    18  stm32f10x_gpio.o(.text)
    GPIO_ReadInputData                       0x08000f29   Thumb Code     8  stm32f10x_gpio.o(.text)
    GPIO_ReadOutputDataBit                   0x08000f31   Thumb Code    18  stm32f10x_gpio.o(.text)
    GPIO_ReadOutputData                      0x08000f43   Thumb Code     8  stm32f10x_gpio.o(.text)
    GPIO_SetBits                             0x08000f4b   Thumb Code     4  stm32f10x_gpio.o(.text)
    GPIO_ResetBits                           0x08000f4f   Thumb Code     4  stm32f10x_gpio.o(.text)
    GPIO_WriteBit                            0x08000f53   Thumb Code    10  stm32f10x_gpio.o(.text)
    GPIO_Write                               0x08000f5d   Thumb Code     4  stm32f10x_gpio.o(.text)
    GPIO_PinLockConfig                       0x08000f61   Thumb Code    18  stm32f10x_gpio.o(.text)
    GPIO_EventOutputConfig                   0x08000f73   Thumb Code    26  stm32f10x_gpio.o(.text)
    GPIO_EventOutputCmd                      0x08000f8d   Thumb Code     6  stm32f10x_gpio.o(.text)
    GPIO_PinRemapConfig                      0x08000f93   Thumb Code   138  stm32f10x_gpio.o(.text)
    GPIO_EXTILineConfig                      0x0800101d   Thumb Code    66  stm32f10x_gpio.o(.text)
    GPIO_ETH_MediaInterfaceConfig            0x0800105f   Thumb Code     6  stm32f10x_gpio.o(.text)
    RCC_DeInit                               0x0800108d   Thumb Code    64  stm32f10x_rcc.o(.text)
    RCC_HSEConfig                            0x080010cd   Thumb Code    70  stm32f10x_rcc.o(.text)
    RCC_GetFlagStatus                        0x08001113   Thumb Code    56  stm32f10x_rcc.o(.text)
    RCC_WaitForHSEStartUp                    0x0800114b   Thumb Code    56  stm32f10x_rcc.o(.text)
    RCC_AdjustHSICalibrationValue            0x08001183   Thumb Code    20  stm32f10x_rcc.o(.text)
    RCC_HSICmd                               0x08001197   Thumb Code     6  stm32f10x_rcc.o(.text)
    RCC_PLLConfig                            0x0800119d   Thumb Code    24  stm32f10x_rcc.o(.text)
    RCC_PLLCmd                               0x080011b5   Thumb Code     6  stm32f10x_rcc.o(.text)
    RCC_SYSCLKConfig                         0x080011bb   Thumb Code    18  stm32f10x_rcc.o(.text)
    RCC_GetSYSCLKSource                      0x080011cd   Thumb Code    10  stm32f10x_rcc.o(.text)
    RCC_HCLKConfig                           0x080011d7   Thumb Code    18  stm32f10x_rcc.o(.text)
    RCC_PCLK1Config                          0x080011e9   Thumb Code    18  stm32f10x_rcc.o(.text)
    RCC_PCLK2Config                          0x080011fb   Thumb Code    20  stm32f10x_rcc.o(.text)
    RCC_ITConfig                             0x0800120f   Thumb Code    26  stm32f10x_rcc.o(.text)
    RCC_USBCLKConfig                         0x08001229   Thumb Code     6  stm32f10x_rcc.o(.text)
    RCC_ADCCLKConfig                         0x0800122f   Thumb Code    18  stm32f10x_rcc.o(.text)
    RCC_LSEConfig                            0x08001241   Thumb Code    44  stm32f10x_rcc.o(.text)
    RCC_LSICmd                               0x0800126d   Thumb Code     6  stm32f10x_rcc.o(.text)
    RCC_RTCCLKConfig                         0x08001273   Thumb Code    12  stm32f10x_rcc.o(.text)
    RCC_RTCCLKCmd                            0x0800127f   Thumb Code     8  stm32f10x_rcc.o(.text)
    RCC_GetClocksFreq                        0x08001287   Thumb Code   192  stm32f10x_rcc.o(.text)
    RCC_AHBPeriphClockCmd                    0x08001347   Thumb Code    26  stm32f10x_rcc.o(.text)
    RCC_APB2PeriphClockCmd                   0x08001361   Thumb Code    26  stm32f10x_rcc.o(.text)
    RCC_APB1PeriphClockCmd                   0x0800137b   Thumb Code    26  stm32f10x_rcc.o(.text)
    RCC_APB2PeriphResetCmd                   0x08001395   Thumb Code    26  stm32f10x_rcc.o(.text)
    RCC_APB1PeriphResetCmd                   0x080013af   Thumb Code    26  stm32f10x_rcc.o(.text)
    RCC_BackupResetCmd                       0x080013c9   Thumb Code     8  stm32f10x_rcc.o(.text)
    RCC_ClockSecuritySystemCmd               0x080013d1   Thumb Code     6  stm32f10x_rcc.o(.text)
    RCC_MCOConfig                            0x080013d7   Thumb Code     6  stm32f10x_rcc.o(.text)
    RCC_ClearFlag                            0x080013dd   Thumb Code    14  stm32f10x_rcc.o(.text)
    RCC_GetITStatus                          0x080013eb   Thumb Code    20  stm32f10x_rcc.o(.text)
    RCC_ClearITPendingBit                    0x080013ff   Thumb Code     6  stm32f10x_rcc.o(.text)
    USART_DeInit                             0x08001431   Thumb Code   134  stm32f10x_usart.o(.text)
    USART_Init                               0x080014b7   Thumb Code   210  stm32f10x_usart.o(.text)
    USART_StructInit                         0x08001589   Thumb Code    24  stm32f10x_usart.o(.text)
    USART_ClockInit                          0x080015a1   Thumb Code    34  stm32f10x_usart.o(.text)
    USART_ClockStructInit                    0x080015c3   Thumb Code    12  stm32f10x_usart.o(.text)
    USART_Cmd                                0x080015cf   Thumb Code    24  stm32f10x_usart.o(.text)
    USART_ITConfig                           0x080015e7   Thumb Code    74  stm32f10x_usart.o(.text)
    USART_DMACmd                             0x08001631   Thumb Code    18  stm32f10x_usart.o(.text)
    USART_SetAddress                         0x08001643   Thumb Code    18  stm32f10x_usart.o(.text)
    USART_WakeUpConfig                       0x08001655   Thumb Code    18  stm32f10x_usart.o(.text)
    USART_ReceiverWakeUpCmd                  0x08001667   Thumb Code    24  stm32f10x_usart.o(.text)
    USART_LINBreakDetectLengthConfig         0x0800167f   Thumb Code    18  stm32f10x_usart.o(.text)
    USART_LINCmd                             0x08001691   Thumb Code    24  stm32f10x_usart.o(.text)
    USART_SendData                           0x080016a9   Thumb Code     8  stm32f10x_usart.o(.text)
    USART_ReceiveData                        0x080016b1   Thumb Code    10  stm32f10x_usart.o(.text)
    USART_SendBreak                          0x080016bb   Thumb Code    10  stm32f10x_usart.o(.text)
    USART_SetGuardTime                       0x080016c5   Thumb Code    16  stm32f10x_usart.o(.text)
    USART_SetPrescaler                       0x080016d5   Thumb Code    16  stm32f10x_usart.o(.text)
    USART_SmartCardCmd                       0x080016e5   Thumb Code    24  stm32f10x_usart.o(.text)
    USART_SmartCardNACKCmd                   0x080016fd   Thumb Code    24  stm32f10x_usart.o(.text)
    USART_HalfDuplexCmd                      0x08001715   Thumb Code    24  stm32f10x_usart.o(.text)
    USART_OverSampling8Cmd                   0x0800172d   Thumb Code    22  stm32f10x_usart.o(.text)
    USART_OneBitMethodCmd                    0x08001743   Thumb Code    24  stm32f10x_usart.o(.text)
    USART_IrDAConfig                         0x0800175b   Thumb Code    18  stm32f10x_usart.o(.text)
    USART_IrDACmd                            0x0800176d   Thumb Code    24  stm32f10x_usart.o(.text)
    USART_GetFlagStatus                      0x08001785   Thumb Code    26  stm32f10x_usart.o(.text)
    USART_ClearFlag                          0x0800179f   Thumb Code    18  stm32f10x_usart.o(.text)
    USART_GetITStatus                        0x080017b1   Thumb Code    84  stm32f10x_usart.o(.text)
    USART_ClearITPendingBit                  0x08001805   Thumb Code    52  stm32f10x_usart.o(.text)
    SPI_I2S_DeInit                           0x08001839   Thumb Code    76  stm32f10x_spi.o(.text)
    SPI_Init                                 0x08001885   Thumb Code    60  stm32f10x_spi.o(.text)
    I2S_Init                                 0x080018c1   Thumb Code   226  stm32f10x_spi.o(.text)
    SPI_StructInit                           0x080019a3   Thumb Code    24  stm32f10x_spi.o(.text)
    I2S_StructInit                           0x080019bb   Thumb Code    20  stm32f10x_spi.o(.text)
    SPI_Cmd                                  0x080019cf   Thumb Code    24  stm32f10x_spi.o(.text)
    I2S_Cmd                                  0x080019e7   Thumb Code    24  stm32f10x_spi.o(.text)
    SPI_I2S_ITConfig                         0x080019ff   Thumb Code    32  stm32f10x_spi.o(.text)
    SPI_I2S_DMACmd                           0x08001a1f   Thumb Code    18  stm32f10x_spi.o(.text)
    SPI_I2S_SendData                         0x08001a31   Thumb Code     4  stm32f10x_spi.o(.text)
    SPI_I2S_ReceiveData                      0x08001a35   Thumb Code     6  stm32f10x_spi.o(.text)
    SPI_NSSInternalSoftwareConfig            0x08001a3b   Thumb Code    30  stm32f10x_spi.o(.text)
    SPI_SSOutputCmd                          0x08001a59   Thumb Code    24  stm32f10x_spi.o(.text)
    SPI_DataSizeConfig                       0x08001a71   Thumb Code    18  stm32f10x_spi.o(.text)
    SPI_TransmitCRC                          0x08001a83   Thumb Code    10  stm32f10x_spi.o(.text)
    SPI_CalculateCRC                         0x08001a8d   Thumb Code    24  stm32f10x_spi.o(.text)
    SPI_GetCRC                               0x08001aa5   Thumb Code    16  stm32f10x_spi.o(.text)
    SPI_GetCRCPolynomial                     0x08001ab5   Thumb Code     6  stm32f10x_spi.o(.text)
    SPI_BiDirectionalLineConfig              0x08001abb   Thumb Code    28  stm32f10x_spi.o(.text)
    SPI_I2S_GetFlagStatus                    0x08001ad7   Thumb Code    18  stm32f10x_spi.o(.text)
    SPI_I2S_ClearFlag                        0x08001ae9   Thumb Code     6  stm32f10x_spi.o(.text)
    SPI_I2S_GetITStatus                      0x08001aef   Thumb Code    52  stm32f10x_spi.o(.text)
    SPI_I2S_ClearITPendingBit                0x08001b23   Thumb Code    20  stm32f10x_spi.o(.text)
    TIM_DeInit                               0x08001b45   Thumb Code   424  stm32f10x_tim.o(.text)
    TIM_TimeBaseInit                         0x08001ced   Thumb Code   122  stm32f10x_tim.o(.text)
    TIM_OC1Init                              0x08001d67   Thumb Code   132  stm32f10x_tim.o(.text)
    TIM_OC2Init                              0x08001deb   Thumb Code   154  stm32f10x_tim.o(.text)
    TIM_OC3Init                              0x08001e85   Thumb Code   150  stm32f10x_tim.o(.text)
    TIM_OC4Init                              0x08001f1b   Thumb Code   182  stm32f10x_tim.o(.text)
    TIM_SetIC4Prescaler                      0x08001fd1   Thumb Code    26  stm32f10x_tim.o(.text)
    TIM_SetIC3Prescaler                      0x0800206d   Thumb Code    18  stm32f10x_tim.o(.text)
    TIM_SetIC2Prescaler                      0x080020f9   Thumb Code    26  stm32f10x_tim.o(.text)
    TIM_SetIC1Prescaler                      0x08002195   Thumb Code    18  stm32f10x_tim.o(.text)
    TIM_ICInit                               0x08002213   Thumb Code   150  stm32f10x_tim.o(.text)
    TIM_PWMIConfig                           0x080022a9   Thumb Code   124  stm32f10x_tim.o(.text)
    TIM_BDTRConfig                           0x08002325   Thumb Code    32  stm32f10x_tim.o(.text)
    TIM_TimeBaseStructInit                   0x08002345   Thumb Code    18  stm32f10x_tim.o(.text)
    TIM_OCStructInit                         0x08002357   Thumb Code    20  stm32f10x_tim.o(.text)
    TIM_ICStructInit                         0x0800236b   Thumb Code    18  stm32f10x_tim.o(.text)
    TIM_BDTRStructInit                       0x0800237d   Thumb Code    40  stm32f10x_tim.o(.text)
    TIM_Cmd                                  0x080023a5   Thumb Code    24  stm32f10x_tim.o(.text)
    TIM_CtrlPWMOutputs                       0x080023bd   Thumb Code    30  stm32f10x_tim.o(.text)
    TIM_ITConfig                             0x080023db   Thumb Code    18  stm32f10x_tim.o(.text)
    TIM_GenerateEvent                        0x080023ed   Thumb Code     4  stm32f10x_tim.o(.text)
    TIM_DMAConfig                            0x080023f1   Thumb Code    10  stm32f10x_tim.o(.text)
    TIM_DMACmd                               0x080023fb   Thumb Code    18  stm32f10x_tim.o(.text)
    TIM_InternalClockConfig                  0x0800240d   Thumb Code    12  stm32f10x_tim.o(.text)
    TIM_SelectInputTrigger                   0x08002419   Thumb Code    18  stm32f10x_tim.o(.text)
    TIM_ITRxExternalClockConfig              0x0800242b   Thumb Code    24  stm32f10x_tim.o(.text)
    TIM_TIxExternalClockConfig               0x08002443   Thumb Code    62  stm32f10x_tim.o(.text)
    TIM_ETRConfig                            0x08002481   Thumb Code    28  stm32f10x_tim.o(.text)
    TIM_ETRClockMode1Config                  0x0800249d   Thumb Code    54  stm32f10x_tim.o(.text)
    TIM_ETRClockMode2Config                  0x080024d3   Thumb Code    32  stm32f10x_tim.o(.text)
    TIM_PrescalerConfig                      0x080024f3   Thumb Code     6  stm32f10x_tim.o(.text)
    TIM_CounterModeConfig                    0x080024f9   Thumb Code    18  stm32f10x_tim.o(.text)
    TIM_EncoderInterfaceConfig               0x0800250b   Thumb Code    66  stm32f10x_tim.o(.text)
    TIM_ForcedOC1Config                      0x0800254d   Thumb Code    18  stm32f10x_tim.o(.text)
    TIM_ForcedOC2Config                      0x0800255f   Thumb Code    26  stm32f10x_tim.o(.text)
    TIM_ForcedOC3Config                      0x08002579   Thumb Code    18  stm32f10x_tim.o(.text)
    TIM_ForcedOC4Config                      0x0800258b   Thumb Code    26  stm32f10x_tim.o(.text)
    TIM_ARRPreloadConfig                     0x080025a5   Thumb Code    24  stm32f10x_tim.o(.text)
    TIM_SelectCOM                            0x080025bd   Thumb Code    24  stm32f10x_tim.o(.text)
    TIM_SelectCCDMA                          0x080025d5   Thumb Code    24  stm32f10x_tim.o(.text)
    TIM_CCPreloadControl                     0x080025ed   Thumb Code    24  stm32f10x_tim.o(.text)
    TIM_OC1PreloadConfig                     0x08002605   Thumb Code    18  stm32f10x_tim.o(.text)
    TIM_OC2PreloadConfig                     0x08002617   Thumb Code    26  stm32f10x_tim.o(.text)
    TIM_OC3PreloadConfig                     0x08002631   Thumb Code    18  stm32f10x_tim.o(.text)
    TIM_OC4PreloadConfig                     0x08002643   Thumb Code    26  stm32f10x_tim.o(.text)
    TIM_OC1FastConfig                        0x0800265d   Thumb Code    18  stm32f10x_tim.o(.text)
    TIM_OC2FastConfig                        0x0800266f   Thumb Code    26  stm32f10x_tim.o(.text)
    TIM_OC3FastConfig                        0x08002689   Thumb Code    18  stm32f10x_tim.o(.text)
    TIM_OC4FastConfig                        0x0800269b   Thumb Code    26  stm32f10x_tim.o(.text)
    TIM_ClearOC1Ref                          0x080026b5   Thumb Code    18  stm32f10x_tim.o(.text)
    TIM_ClearOC2Ref                          0x080026c7   Thumb Code    24  stm32f10x_tim.o(.text)
    TIM_ClearOC3Ref                          0x080026df   Thumb Code    18  stm32f10x_tim.o(.text)
    TIM_ClearOC4Ref                          0x080026f1   Thumb Code    24  stm32f10x_tim.o(.text)
    TIM_OC1PolarityConfig                    0x08002709   Thumb Code    18  stm32f10x_tim.o(.text)
    TIM_OC1NPolarityConfig                   0x0800271b   Thumb Code    18  stm32f10x_tim.o(.text)
    TIM_OC2PolarityConfig                    0x0800272d   Thumb Code    26  stm32f10x_tim.o(.text)
    TIM_OC2NPolarityConfig                   0x08002747   Thumb Code    26  stm32f10x_tim.o(.text)
    TIM_OC3PolarityConfig                    0x08002761   Thumb Code    26  stm32f10x_tim.o(.text)
    TIM_OC3NPolarityConfig                   0x0800277b   Thumb Code    26  stm32f10x_tim.o(.text)
    TIM_OC4PolarityConfig                    0x08002795   Thumb Code    26  stm32f10x_tim.o(.text)
    TIM_CCxCmd                               0x080027af   Thumb Code    30  stm32f10x_tim.o(.text)
    TIM_CCxNCmd                              0x080027cd   Thumb Code    30  stm32f10x_tim.o(.text)
    TIM_SelectOCxM                           0x080027eb   Thumb Code    82  stm32f10x_tim.o(.text)
    TIM_UpdateDisableConfig                  0x0800283d   Thumb Code    24  stm32f10x_tim.o(.text)
    TIM_UpdateRequestConfig                  0x08002855   Thumb Code    24  stm32f10x_tim.o(.text)
    TIM_SelectHallSensor                     0x0800286d   Thumb Code    24  stm32f10x_tim.o(.text)
    TIM_SelectOnePulseMode                   0x08002885   Thumb Code    18  stm32f10x_tim.o(.text)
    TIM_SelectOutputTrigger                  0x08002897   Thumb Code    18  stm32f10x_tim.o(.text)
    TIM_SelectSlaveMode                      0x080028a9   Thumb Code    18  stm32f10x_tim.o(.text)
    TIM_SelectMasterSlaveMode                0x080028bb   Thumb Code    18  stm32f10x_tim.o(.text)
    TIM_SetCounter                           0x080028cd   Thumb Code     4  stm32f10x_tim.o(.text)
    TIM_SetAutoreload                        0x080028d1   Thumb Code     4  stm32f10x_tim.o(.text)
    TIM_SetCompare1                          0x080028d5   Thumb Code     4  stm32f10x_tim.o(.text)
    TIM_SetCompare2                          0x080028d9   Thumb Code     4  stm32f10x_tim.o(.text)
    TIM_SetCompare3                          0x080028dd   Thumb Code     4  stm32f10x_tim.o(.text)
    TIM_SetCompare4                          0x080028e1   Thumb Code     6  stm32f10x_tim.o(.text)
    TIM_SetClockDivision                     0x080028e7   Thumb Code    18  stm32f10x_tim.o(.text)
    TIM_GetCapture1                          0x080028f9   Thumb Code     6  stm32f10x_tim.o(.text)
    TIM_GetCapture2                          0x080028ff   Thumb Code     6  stm32f10x_tim.o(.text)
    TIM_GetCapture3                          0x08002905   Thumb Code     6  stm32f10x_tim.o(.text)
    TIM_GetCapture4                          0x0800290b   Thumb Code     8  stm32f10x_tim.o(.text)
    TIM_GetCounter                           0x08002913   Thumb Code     6  stm32f10x_tim.o(.text)
    TIM_GetPrescaler                         0x08002919   Thumb Code     6  stm32f10x_tim.o(.text)
    TIM_GetFlagStatus                        0x0800291f   Thumb Code    18  stm32f10x_tim.o(.text)
    TIM_ClearFlag                            0x08002931   Thumb Code     6  stm32f10x_tim.o(.text)
    TIM_GetITStatus                          0x08002937   Thumb Code    34  stm32f10x_tim.o(.text)
    TIM_ClearITPendingBit                    0x08002959   Thumb Code     6  stm32f10x_tim.o(.text)
    etherdev_init                            0x08002961   Thumb Code    46  tapdev.o(.text)
    etherdev_read                            0x0800298f   Thumb Code    14  tapdev.o(.text)
    etherdev_send                            0x0800299d   Thumb Code    14  tapdev.o(.text)
    timer_set                                0x080029bd   Thumb Code    16  timer.o(.text)
    timer_reset                              0x080029cd   Thumb Code    10  timer.o(.text)
    timer_restart                            0x080029d7   Thumb Code    12  timer.o(.text)
    timer_expired                            0x080029e3   Thumb Code    26  timer.o(.text)
    uip_setipid                              0x080029fd   Thumb Code     6  uip.o(.text)
    uip_log                                  0x08002a03   Thumb Code     2  uip.o(.text)
    uip_add32                                0x08002a05   Thumb Code   106  uip.o(.text)
    htons                                    0x08002ab5   Thumb Code    12  uip.o(.text)
    uip_chksum                               0x08002ac1   Thumb Code    24  uip.o(.text)
    uip_ipchksum                             0x08002ad9   Thumb Code    30  uip.o(.text)
    uip_tcpchksum                            0x08002b3b   Thumb Code    10  uip.o(.text)
    uip_udpchksum                            0x08002b45   Thumb Code    10  uip.o(.text)
    uip_init                                 0x08002b4f   Thumb Code    96  uip.o(.text)
    uip_connect                              0x08002baf   Thumb Code   262  uip.o(.text)
    uip_unlisten                             0x08002cb5   Thumb Code    58  uip.o(.text)
    uip_listen                               0x08002cef   Thumb Code    54  uip.o(.text)
    uip_process                              0x08002d5f   Thumb Code  3996  uip.o(.text)
    uip_send                                 0x08003cfb   Thumb Code    38  uip.o(.text)
    uip_arp_init                             0x08003d41   Thumb Code    46  uip_arp.o(.text)
    uip_arp_timer                            0x08003d6f   Thumb Code    76  uip_arp.o(.text)
    uip_arp_arpin                            0x08003ecb   Thumb Code   216  uip_arp.o(.text)
    uip_arp_out                              0x08003fa3   Thumb Code   366  uip_arp.o(.text)
    clock_time                               0x0800414d   Thumb Code     6  clock-arch.o(.text)
    psock_send                               0x080042f3   Thumb Code   108  psock.o(.text)
    psock_generator_send                     0x0800435f   Thumb Code   130  psock.o(.text)
    psock_datalen                            0x080043e1   Thumb Code    12  psock.o(.text)
    psock_newdata                            0x080043ed   Thumb Code    48  psock.o(.text)
    psock_readto                             0x0800441d   Thumb Code   140  psock.o(.text)
    psock_readbuf                            0x080044a9   Thumb Code   142  psock.o(.text)
    psock_init                               0x08004537   Thumb Code    40  psock.o(.text)
    hello_world_init                         0x08004585   Thumb Code    12  hello-world.o(.text)
    hello_world_appcall                      0x08004645   Thumb Code    48  hello-world.o(.text)
    __aeabi_memcpy                           0x080046ad   Thumb Code    36  memcpya.o(.text)
    __aeabi_memcpy4                          0x080046ad   Thumb Code     0  memcpya.o(.text)
    __aeabi_memcpy8                          0x080046ad   Thumb Code     0  memcpya.o(.text)
    __aeabi_memset                           0x080046d1   Thumb Code    14  memseta.o(.text)
    __aeabi_memset4                          0x080046d1   Thumb Code     0  memseta.o(.text)
    __aeabi_memset8                          0x080046d1   Thumb Code     0  memseta.o(.text)
    __aeabi_memclr                           0x080046df   Thumb Code     4  memseta.o(.text)
    __aeabi_memclr4                          0x080046df   Thumb Code     0  memseta.o(.text)
    __aeabi_memclr8                          0x080046df   Thumb Code     0  memseta.o(.text)
    _memset$wrapper                          0x080046e3   Thumb Code    18  memseta.o(.text)
    strncpy                                  0x080046f5   Thumb Code    24  strncpy.o(.text)
    strlen                                   0x0800470d   Thumb Code    14  strlen.o(.text)
    __scatterload                            0x0800471d   Thumb Code    28  init.o(.text)
    __scatterload_rt2                        0x0800471d   Thumb Code     0  init.o(.text)
    __0printf$bare                           0x08004741   Thumb Code     8  printfb.o(i.__0printf$bare)
    __1printf$bare                           0x08004741   Thumb Code     0  printfb.o(i.__0printf$bare)
    __2printf                                0x08004741   Thumb Code     0  printfb.o(i.__0printf$bare)
    __I$use$semihosting$fputc                0x08004741   Thumb Code     0  iusesemip.o(.text)
    __semihosting_library_function           0x08004741   Thumb Code     0  semi.o(.text)
    __scatterload_copy                       0x08004751   Thumb Code    14  handlers.o(i.__scatterload_copy)
    __scatterload_null                       0x0800475f   Thumb Code     2  handlers.o(i.__scatterload_null)
    __scatterload_zeroinit                   0x08004761   Thumb Code    14  handlers.o(i.__scatterload_zeroinit)
    fputc                                    0x08004791   Thumb Code    18  fputc.o(i.fputc)
    mymac                                    0x080047a2   Data           6  tapdev.o(.constdata)
    Region$$Table$$Base                      0x080047b8   Number         0  anon$$obj.o(Region$$Table)
    Region$$Table$$Limit                     0x080047d8   Number         0  anon$$obj.o(Region$$Table)
    tick_cnt                                 0x20000000   Data           4  stm32f10x_it.o(.data)
    SystemCoreClock                          0x20000004   Data           4  system_stm32f10x.o(.data)
    AHBPrescTable                            0x20000008   Data          16  system_stm32f10x.o(.data)
    TxBuf                                    0x20000018   Data          17  usart.o(.data)
    uip_ethaddr                              0x20000048   Data           6  uip.o(.data)
    uip_hostaddr                             0x2000004e   Data           4  uip.o(.data)
    uip_draddr                               0x20000052   Data           4  uip.o(.data)
    uip_netmask                              0x20000056   Data           4  uip.o(.data)
    uip_appdata                              0x2000005c   Data           4  uip.o(.data)
    uip_sappdata                             0x20000060   Data           4  uip.o(.data)
    uip_len                                  0x20000064   Data           2  uip.o(.data)
    uip_slen                                 0x20000066   Data           2  uip.o(.data)
    uip_flags                                0x20000068   Data           1  uip.o(.data)
    uip_conn                                 0x2000006c   Data           4  uip.o(.data)
    uip_acc32                                0x20000078   Data           4  uip.o(.data)
    __stdout                                 0x20000088   Data           4  stdout.o(.data)
    uip_buf                                  0x2000008c   Data         422  uip.o(.bss)
    uip_conns                                0x20000234   Data        4640  uip.o(.bss)
    uip_listenports                          0x20001454   Data          80  uip.o(.bss)
    uip_stat                                 0x200014a4   Data          44  uip.o(.bss)
    __initial_sp                             0x20001930   Data           0  startup_stm32f10x_hd.o(STACK)



==============================================================================

Memory Map of the image

  Image Entry point : 0x08000131

  Load Region LR_IROM1 (Base: 0x08000000, Size: 0x00004864, Max: 0x00040000, ABSOLUTE)

    Execution Region ER_IROM1 (Base: 0x08000000, Size: 0x000047d8, Max: 0x00040000, ABSOLUTE)

    Base Addr    Size         Type   Attr      Idx    E Section Name        Object

    0x08000000   0x00000130   Data   RO           19    RESET               startup_stm32f10x_hd.o
    0x08000130   0x00000000   Code   RO          592  * .ARM.Collect$$$$00000000  mc_w.l(entry.o)
    0x08000130   0x00000004   Code   RO          865    .ARM.Collect$$$$00000001  mc_w.l(entry2.o)
    0x08000134   0x00000004   Code   RO          868    .ARM.Collect$$$$00000004  mc_w.l(entry5.o)
    0x08000138   0x00000000   Code   RO          870    .ARM.Collect$$$$00000008  mc_w.l(entry7b.o)
    0x08000138   0x00000000   Code   RO          872    .ARM.Collect$$$$0000000A  mc_w.l(entry8b.o)
    0x08000138   0x00000008   Code   RO          873    .ARM.Collect$$$$0000000B  mc_w.l(entry9a.o)
    0x08000140   0x00000000   Code   RO          875    .ARM.Collect$$$$0000000D  mc_w.l(entry10a.o)
    0x08000140   0x00000000   Code   RO          877    .ARM.Collect$$$$0000000F  mc_w.l(entry11a.o)
    0x08000140   0x00000004   Code   RO          866    .ARM.Collect$$$$00002712  mc_w.l(entry2.o)
    0x08000144   0x00000024   Code   RO           20    .text               startup_stm32f10x_hd.o
    0x08000168   0x0000023c   Code   RO           24    .text               main.o
    0x080003a4   0x00000098   Code   RO          163    .text               stm32f10x_it.o
    0x0800043c   0x000001dc   Code   RO          181    .text               system_stm32f10x.o
    0x08000618   0x00000120   Code   RO          199    .text               usart.o
    0x08000738   0x00000520   Code   RO          240    .text               spi_enc28j60.o
    0x08000c58   0x000000dc   Code   RO          257    .text               misc.o
    0x08000d34   0x00000358   Code   RO          305    .text               stm32f10x_gpio.o
    0x0800108c   0x000003a4   Code   RO          329    .text               stm32f10x_rcc.o
    0x08001430   0x00000408   Code   RO          343    .text               stm32f10x_usart.o
    0x08001838   0x0000030c   Code   RO          355    .text               stm32f10x_spi.o
    0x08001b44   0x00000e1a   Code   RO          367    .text               stm32f10x_tim.o
    0x0800295e   0x00000002   PAD
    0x08002960   0x0000005c   Code   RO          379    .text               tapdev.o
    0x080029bc   0x00000040   Code   RO          398    .text               timer.o
    0x080029fc   0x00001344   Code   RO          416    .text               uip.o
    0x08003d40   0x0000040c   Code   RO          449    .text               uip_arp.o
    0x0800414c   0x0000000c   Code   RO          473    .text               clock-arch.o
    0x08004158   0x0000042c   Code   RO          489    .text               psock.o
    0x08004584   0x00000128   Code   RO          573    .text               hello-world.o
    0x080046ac   0x00000024   Code   RO          595    .text               mc_w.l(memcpya.o)
    0x080046d0   0x00000024   Code   RO          597    .text               mc_w.l(memseta.o)
    0x080046f4   0x00000018   Code   RO          599    .text               mc_w.l(strncpy.o)
    0x0800470c   0x0000000e   Code   RO          601    .text               mc_w.l(strlen.o)
    0x0800471a   0x00000002   PAD
    0x0800471c   0x00000024   Code   RO          897    .text               mc_w.l(init.o)
    0x08004740   0x00000000   Code   RO          899    .text               mc_w.l(semi.o)
    0x08004740   0x00000000   Code   RO          906    .text               mc_w.l(iusesemip.o)
    0x08004740   0x00000010   Code   RO          606    i.__0printf$bare    mc_w.l(printfb.o)
    0x08004750   0x0000000e   Code   RO          911    i.__scatterload_copy  mc_w.l(handlers.o)
    0x0800475e   0x00000002   Code   RO          912    i.__scatterload_null  mc_w.l(handlers.o)
    0x08004760   0x0000000e   Code   RO          913    i.__scatterload_zeroinit  mc_w.l(handlers.o)
    0x0800476e   0x00000022   Code   RO          613    i._printf_core      mc_w.l(printfb.o)
    0x08004790   0x00000012   Code   RO          879    i.fputc             mc_w.l(fputc.o)
    0x080047a2   0x00000006   Data   RO          380    .constdata          tapdev.o
    0x080047a8   0x00000004   Data   RO          418    .constdata          uip.o
    0x080047ac   0x0000000a   Data   RO          451    .constdata          uip_arp.o
    0x080047b6   0x00000002   PAD
    0x080047b8   0x00000020   Data   RO          909    Region$$Table       anon$$obj.o


    Execution Region RW_IRAM1 (Base: 0x20000000, Size: 0x00001930, Max: 0x0000c000, ABSOLUTE)

    Base Addr    Size         Type   Attr      Idx    E Section Name        Object

    0x20000000   0x00000004   Data   RW          164    .data               stm32f10x_it.o
    0x20000004   0x00000014   Data   RW          182    .data               system_stm32f10x.o
    0x20000018   0x00000011   Data   RW          200    .data               usart.o
    0x20000029   0x00000003   PAD
    0x2000002c   0x00000008   Data   RW          241    .data               spi_enc28j60.o
    0x20000034   0x00000014   Data   RW          330    .data               stm32f10x_rcc.o
    0x20000048   0x00000038   Data   RW          419    .data               uip.o
    0x20000080   0x00000008   Data   RW          452    .data               uip_arp.o
    0x20000088   0x00000004   Data   RW          881    .data               mc_w.l(stdout.o)
    0x2000008c   0x00001444   Zero   RW          417    .bss                uip.o
    0x200014d0   0x00000060   Zero   RW          450    .bss                uip_arp.o
    0x20001530   0x00000400   Zero   RW           17    STACK               startup_stm32f10x_hd.o


==============================================================================

Image component sizes


      Code (inc. data)   RO Data    RW Data    ZI Data      Debug   Object Name

        12          6          0          0          0        649   clock-arch.o
         0          0          0          0          0       4244   core_cm3.o
       296         56          0          0          0       1731   hello-world.o
       572         34          0          0          0     267112   main.o
       220         20          0          0          0       1637   misc.o
      1068         38          0          0          0       4452   psock.o
      1312         24          0          8          0       4273   spi_enc28j60.o
        36          8        304          0       1024        716   startup_stm32f10x_hd.o
       856         40          0          0          0       5485   stm32f10x_gpio.o
       152         18          0          4          0       1691   stm32f10x_it.o
       932         44          0         20          0       8580   stm32f10x_rcc.o
       780         14          0          0          0       6362   stm32f10x_spi.o
      3610         88          0          0          0      21968   stm32f10x_tim.o
      1032         22          0          0          0       8208   stm32f10x_usart.o
       476         36        